
 -------------------------------------------------------------------------------------------------------------------------------------------- 
| Snapshot         | WNS   | TNS | Density (%) | Power estimated           | Hotspot                   | Resource               | DRVs       |
|                  | ALL (ns)    |             | Total (mW) | Leakage (mW) | Max (bins) | Total (bins) | Real (s) | Memory (MB) | Tran | Cap |
|------------------+-------+-----+-------------+------------+--------------+------------+--------------+----------+-------------+------+-----|
| initial_summary  | 0.644 |   0 |        1.72 |            |              |            |              | 0:00:03  |        4738 |    0 |   0 |
| simplify_netlist |       |     |             |       0.00 |         0.00 |            |              | 0:00:03  |        4842 |      |     |
| ccopt_clustering |       |     |             |            |              |       0.00 |         0.00 | 0:00:04  |        7962 |      |     |
| drv_fixing       |       |     |             |       0.00 |         0.00 |            |              | 0:00:01  |        4869 |      |     |
 -------------------------------------------------------------------------------------------------------------------------------------------- 
