
 -------------------------------------------------------------------------------------------------------------------------------------------- 
| Snapshot         | WNS   | TNS | Density (%) | Power estimated           | Hotspot                   | Resource               | DRVs       |
|                  | ALL (ns)    |             | Total (mW) | Leakage (mW) | Max (bins) | Total (bins) | Real (s) | Memory (MB) | Tran | Cap |
|------------------+-------+-----+-------------+------------+--------------+------------+--------------+----------+-------------+------+-----|
| initial_summary  | 0.643 |   0 |        0.27 |            |              |            |              | 0:00:02  |        4748 |    0 |   0 |
| simplify_netlist |       |     |             |       0.00 |         0.00 |            |              | 0:00:03  |        4852 |      |     |
| ccopt_clustering |       |     |             |            |              |       0.00 |         0.00 | 0:00:05  |        7981 |      |     |
| drv_fixing       |       |     |             |       0.00 |         0.00 |            |              | 0:00:01  |        4883 |      |     |
 -------------------------------------------------------------------------------------------------------------------------------------------- 
