 ------------------------------------------------------------------------------------------------------------------------------------------------------------------------------------- 
| Snapshot                  | WNS                  | TNS                  | Density (%) | Power estimated           | Hotspot                   | Resource               | DRVs       |
|                           | HEPG (ns) | ALL (ns) | HEPG (ns) | ALL (ns) |             | Total (mW) | Leakage (mW) | Max (bins) | Total (bins) | Real (s) | Memory (MB) | Tran | Cap |
|---------------------------+-----------+----------+-----------+----------+-------------+------------+--------------+------------+--------------+----------+-------------+------+-----|
| initial_summary           |           |    0.644 |           |        0 |        1.72 |            |              |            |              | 0:00:03  |        4748 |    0 |   0 |
| simplify_netlist          |           |          |           |          |             |       0.00 |         0.00 |            |              | 0:00:03  |        4851 |      |     |
| ccopt_clustering          |           |          |           |          |             |            |              |       0.00 |         0.00 | 0:00:04  |        7972 |      |     |
| drv_fixing                |           |          |           |          |             |       0.00 |         0.00 |            |              | 0:00:01  |        4878 |      |     |
| area_reclaiming           |     0.644 |    0.644 |         0 |        0 |        1.69 |       0.00 |         0.00 |            |              | 0:00:02  |        4944 |      |     |
| global_opt                |           |    0.644 |           |        0 |        1.69 |       0.00 |         0.00 |            |              | 0:00:02  |        4906 |      |     |
| area_reclaiming_2         |     0.644 |    0.644 |         0 |        0 |        1.68 |       0.00 |         0.00 |            |              | 0:00:02  |        4927 |      |     |
| incremental_replacement   |           |          |           |          |             |            |              |       0.00 |         0.00 | 0:00:04  |        4921 |      |     |
| area_reclaiming_3         |     0.883 |    0.644 |         0 |        0 |        1.68 |       0.00 |         0.00 |            |              | 0:00:01  |        4945 |      |     |
| area_reclaiming_4         |     0.883 |    0.644 |         0 |        0 |        1.68 |       0.00 |         0.00 |            |              | 0:00:00  |        4946 |      |     |
| initial_summary_2         |     0.883 |    0.644 |           |        0 |        1.68 |            |              |            |              | 0:00:06  |        4948 |    0 |   0 |
| hold_fixing               |           |    0.618 |           |        0 |        1.72 |       0.00 |         0.00 |            |              | 0:00:01  |        5015 |      |     |
| incremental_replacement_2 |           |          |           |          |             |            |              |       0.00 |         0.00 | 0:00:04  |        5007 |      |     |
| area_reclaiming_5         |     0.883 |    0.644 |         0 |        0 |        1.68 |       0.00 |         0.00 |            |              | 0:00:02  |        4984 |      |     |
| area_reclaiming_6         |     0.883 |    0.644 |         0 |        0 |        1.68 |       0.00 |         0.00 |            |              | 0:00:01  |        4984 |      |     |
| drv_eco_fixing            |     0.883 |    0.644 |         0 |        0 |        1.68 |       0.00 |         0.00 |            |              | 0:00:03  |        4985 |    0 |   0 |
| power_reclaiming          |     0.865 |    0.640 |         0 |        0 |        1.68 |       0.00 |         0.00 |            |              | 0:00:03  |        5343 |      |     |
| final_summary             |     0.865 |    0.640 |           |        0 |        1.68 |            |              |            |              | 0:00:02  |        4976 |    0 |   0 |
 ------------------------------------------------------------------------------------------------------------------------------------------------------------------------------------- 
