----------------------------------------------------------------------------------
                      signoffTimeDesign Summary
----------------------------------------------------------------------------------

+---------------------+---------------------------------------------------+
|     ID Number       |                 Path Group Name                   |
+---------------------+---------------------------------------------------+
|         1           |Feedthrough                                        |
+---------------------+---------------------------------------------------+

+--------------------+------------+------------+------------+------------+------------+------------+------------+
|     Setup mode     |    all     |  default   | 1:Fee..gh  | FromRegs   |  Inputs    |  Outputs   |  ToRegs    |
+--------------------+------------+------------+------------+------------+------------+------------+------------+
|           WNS (ns):|      0.481 |        N/A |        N/A |      0.775 |      0.481 |        N/A |        N/A |
|           TNS (ns):|      0.000 |        N/A |        N/A |      0.000 |      0.000 |        N/A |        N/A |
|    Violating Paths:|          0 |          0 |          0 |          0 |          0 |          0 |          0 |
+--------------------+------------+------------+------------+------------+------------+------------+------------+
|normWC              |      0.481 |        N/A |        N/A |      0.775 |      0.481 |        N/A |        N/A |
|                    |      0.000 |        N/A |        N/A |      0.000 |      0.000 |        N/A |        N/A |
|                    |          0 |          0 |          0 |          0 |          0 |          0 |          0 |
+--------------------+------------+------------+------------+------------+------------+------------+------------+

+----------------+-------------------------------+-------------------------------+
|                |         Signal nets           |            Clock nets         |
|    DRVs        +------------------+------------+------------------+------------+
|                |  Nr nets(terms)  | Worst Vio  |  Nr nets(terms)  | Worst Vio  |
+----------------+------------------+------------+------------------+------------+
|   max_cap      |      0 (      0) |          0 |      0 (      0) |          0 |
|   max_tran     |      0 (      0) |          0 |      0 (      0) |          0 |
|   max_fanout   |      0 (      0) |          0 |      0 (      0) |          0 |
+----------------+------------------+------------+------------------+------------+

+--------------------+------------+------------+------------+------------+------------+------------+------------+
|      Hold mode     |    all     |  default   | 1:Fee..gh  | FromRegs   |  Inputs    |  Outputs   |  ToRegs    |
+--------------------+------------+------------+------------+------------+------------+------------+------------+
|           WNS (ns):|      0.073 |        N/A |        N/A |      0.082 |      0.073 |        N/A |        N/A |
|           TNS (ns):|      0.000 |        N/A |        N/A |      0.000 |      0.000 |        N/A |        N/A |
|    Violating Paths:|          0 |          0 |          0 |          0 |          0 |          0 |          0 |
+--------------------+------------+------------+------------+------------+------------+------------+------------+
|normBC              |      0.073 |        N/A |        N/A |      0.082 |      0.073 |        N/A |        N/A |
|                    |      0.000 |        N/A |        N/A |      0.000 |      0.000 |        N/A |        N/A |
|                    |          0 |          0 |          0 |          0 |          0 |          0 |          0 |
+--------------------+------------+------------+------------+------------+------------+------------+------------+


+----------------+-------------+
| Glitch report  |     all     |
+----------------+-------------+
|         WGS (V)|       0.000 |
|         TGS (V)|       0.000 |
|         Nr Nets|           0 |
+----------------+-------------+
View: normBC
  WGS (V): 0.000
  TGS (V): 0.000
  Nr Nets: 0
View: normWC
  WGS (V): 0.000
  TGS (V): 0.000
  Nr Nets: 0
