<<<<<<< HEAD
TMPDIR is being set to /tmp/genus_temp_403091_vm-hw09_erober10_DcHvux
=======
TMPDIR is being set to /tmp/genus_temp_399394_vm-hw09_erober10_tl1JuJ
>>>>>>> 90b4e5451bdad0339ba628baf341bdcf0a318382
Cadence Genus(TM) Synthesis Solution.
Copyright 2023 Cadence Design Systems, Inc. All rights reserved worldwide.
Cadence and the Cadence logo are registered trademarks and Genus is a trademark
of Cadence Design Systems, Inc. in the United States and other countries.

<<<<<<< HEAD
[15:54:34.306098] Configured Lic search path (21.01-s002): 5280@vm-license1:27000@vm-license1

Version: 21.18-s082_1, built Tue Jul 18 10:08:41 PDT 2023
Options: -files /h/erober10/EE-166/finalProject/scripts/compile.tcl -log compile 
Date:    Sun May 03 15:54:34 2026
Host:    vm-hw09 (x86_64 w/Linux 4.18.0-553.89.1.el8_10.x86_64) (6cores*6cpus*1physical cpu*INTEL(R) XEON(R) SILVER 4510 30720KB) (16138920KB)
PID:     403091
OS:      Red Hat Enterprise Linux release 8.10 (Ootpa)


[15:54:34.248968] Periodic Lic check successful
[15:54:34.248971] Feature usage summary:
[15:54:34.248976] Genus_Synthesis
=======
[15:23:27.306082] Configured Lic search path (21.01-s002): 5280@vm-license1:27000@vm-license1

Version: 21.18-s082_1, built Tue Jul 18 10:08:41 PDT 2023
Options: -files /h/erober10/EE-166/finalProject/scripts/compile.tcl -log compile 
Date:    Sun May 03 15:23:27 2026
Host:    vm-hw09 (x86_64 w/Linux 4.18.0-553.89.1.el8_10.x86_64) (6cores*6cpus*1physical cpu*INTEL(R) XEON(R) SILVER 4510 30720KB) (16138920KB)
PID:     399394
OS:      Red Hat Enterprise Linux release 8.10 (Ootpa)


[15:23:27.403432] Periodic Lic check successful
[15:23:27.403440] Feature usage summary:
[15:23:27.403441] Genus_Synthesis
>>>>>>> 90b4e5451bdad0339ba628baf341bdcf0a318382
Checking out license: Genus_Synthesis


***********************************************************************************************************
***********************************************************************************************************



Loading tool scripts...
Finished loading tool scripts (41 seconds elapsed).

#@ Processing -files option
@genus 1> source /h/erober10/EE-166/finalProject/scripts/compile.tcl
#@ Begin verbose source /h/erober10/EE-166/finalProject/scripts/compile.tcl
@file(compile.tcl) 5: sh hostname
vm-hw09
@file(compile.tcl) 6: date
<<<<<<< HEAD
Sun May 03 15:55:15 EDT 2026
@file(compile.tcl) 8: set start_time [clock seconds]
@file(compile.tcl) 10: set rm_task synthesis
@file(compile.tcl) 16: source -echo -verbose ../scripts/core_config.tcl
Sourcing '../scripts/core_config.tcl' (Sun May 03 15:55:15 EDT 2026)...
=======
Sun May 03 15:24:08 EDT 2026
@file(compile.tcl) 8: set start_time [clock seconds]
@file(compile.tcl) 10: set rm_task synthesis
@file(compile.tcl) 16: source -echo -verbose ../scripts/core_config.tcl
Sourcing '../scripts/core_config.tcl' (Sun May 03 15:24:08 EDT 2026)...
>>>>>>> 90b4e5451bdad0339ba628baf341bdcf0a318382
#@ Begin verbose source ../scripts/core_config.tcl
@file(core_config.tcl) 4: if {${rm_task} == "synthesis"} {
   suppress_message CMD-041
}
if {${rm_task} == "synthesis"} {
   suppress_message CMD-041
}
Warning : Unknown message ID. [MESG-10]
        : Message ID 'CMD-041' cannot be found.
@file(core_config.tcl) 11: set rm_core_top     top
set rm_core_top     top
@file(core_config.tcl) 17: set rm_scan_enable    [list  ] ;# Name of scan shift enable port
set rm_scan_enable    [list  ] ;# Name of scan shift enable port
@file(core_config.tcl) 18: set rm_dft_const      [list  ] ;# Name of test control port
set rm_dft_const      [list  ] ;# Name of test control port
@file(core_config.tcl) 24: set rm_clock_ports    [list CLK]
set rm_clock_ports    [list CLK]
@file(core_config.tcl) 25: set rm_reset_ports    [list RSTN] 
set rm_reset_ports    [list RSTN] 
@file(core_config.tcl) 26: set rm_virtual_clocks [list VCLK]
set rm_virtual_clocks [list VCLK]
@file(core_config.tcl) 31: set host_numcores 4
set host_numcores 4
#@ End verbose source ../scripts/core_config.tcl
@file(compile.tcl) 21: source -echo -verbose ../scripts/tech.tcl
<<<<<<< HEAD
Sourcing '../scripts/tech.tcl' (Sun May 03 15:55:15 EDT 2026)...
=======
Sourcing '../scripts/tech.tcl' (Sun May 03 15:24:08 EDT 2026)...
>>>>>>> 90b4e5451bdad0339ba628baf341bdcf0a318382
#@ Begin verbose source ../scripts/tech.tcl
@file(tech.tcl) 7: set rm_multi_core 1
set rm_multi_core 1
@file(tech.tcl) 13: set rm_foundry_lib_dirs /usr/cots/ip_libraries/tsmc/N16ADFP
set rm_foundry_lib_dirs /usr/cots/ip_libraries/tsmc/N16ADFP
@file(tech.tcl) 14: set rm_foundry_kit_dirs /usr/cots/pdk/N16ADFP
set rm_foundry_kit_dirs /usr/cots/pdk/N16ADFP
@file(tech.tcl) 15: set rm_sram_lib_dirs ${rm_foundry_lib_dirs}/sram/N16ADFP_SRAM/
set rm_sram_lib_dirs ${rm_foundry_lib_dirs}/sram/N16ADFP_SRAM/
@file(tech.tcl) 21: set rm_lef_tech_file ${rm_foundry_kit_dirs}/APR/N16ADFP_APR_Innovus/N16ADFP_APR_Innovus_11M.10a.tlef
set rm_lef_tech_file ${rm_foundry_kit_dirs}/APR/N16ADFP_APR_Innovus/N16ADFP_APR_Innovus_11M.10a.tlef
@file(tech.tcl) 22: set rm_gds_layer_map ${rm_foundry_kit_dirs}/APR/N16ADFP_APR_Innovus/N16ADFP_APR_Innovus_Gdsout_11M.10a.map
set rm_gds_layer_map ${rm_foundry_kit_dirs}/APR/N16ADFP_APR_Innovus/N16ADFP_APR_Innovus_Gdsout_11M.10a.map
@file(tech.tcl) 23: set rm_lef_layer_map ${rm_foundry_kit_dirs}/APR/N16ADFP_APR_Innovus/N16ADFP_APR_Innovus_Qrc_11M.10a.map
set rm_lef_layer_map ${rm_foundry_kit_dirs}/APR/N16ADFP_APR_Innovus/N16ADFP_APR_Innovus_Qrc_11M.10a.map
@file(tech.tcl) 31: set rm_base_reflib ${rm_foundry_lib_dirs}/stdcell/N16ADFP_StdCell
set rm_base_reflib ${rm_foundry_lib_dirs}/stdcell/N16ADFP_StdCell
@file(tech.tcl) 33: set rm_lef_reflib   [list ${rm_lef_tech_file} \
                        ${rm_base_reflib}/LEF/lef/N16ADFP_StdCell.lef \
                        ${rm_sram_lib_dirs}/LEF/N16ADFP_SRAM_100a.lef \
]
set rm_lef_reflib   [list ${rm_lef_tech_file} \
                        ${rm_base_reflib}/LEF/lef/N16ADFP_StdCell.lef \
                        ${rm_sram_lib_dirs}/LEF/N16ADFP_SRAM_100a.lef \
]
@file(tech.tcl) 41: set rm_db_search_path [concat ${rm_base_reflib}/CCS/ \
                                ${rm_sram_lib_dirs}/NLDM/ \
                              . \
]
set rm_db_search_path [concat ${rm_base_reflib}/CCS/ \
                                ${rm_sram_lib_dirs}/NLDM/ \
                              . \
]
@file(tech.tcl) 47: set rm_qrc_min_file ${rm_foundry_kit_dirs}/RC/N16ADFP_QRC/best/qrcTechFile
set rm_qrc_min_file ${rm_foundry_kit_dirs}/RC/N16ADFP_QRC/best/qrcTechFile
@file(tech.tcl) 48: set rm_qrc_max_file ${rm_foundry_kit_dirs}/RC/N16ADFP_QRC/worst/qrcTechFile
set rm_qrc_max_file ${rm_foundry_kit_dirs}/RC/N16ADFP_QRC/worst/qrcTechFile
@file(tech.tcl) 52: set base_tt_0p8v_25c_lib               "N16ADFP_StdCelltt0p8v25c_ccs"
set base_tt_0p8v_25c_lib               "N16ADFP_StdCelltt0p8v25c_ccs"
@file(tech.tcl) 53: set base_ss_0p72v_m40c_lib             "N16ADFP_StdCellss0p72vm40c_ccs"
set base_ss_0p72v_m40c_lib             "N16ADFP_StdCellss0p72vm40c_ccs"
@file(tech.tcl) 54: set base_ss_0p72v_125c_lib             "N16ADFP_StdCellss0p72v125c_ccs"
set base_ss_0p72v_125c_lib             "N16ADFP_StdCellss0p72v125c_ccs"
@file(tech.tcl) 55: set base_ff_0p88v_m40c_lib             "N16ADFP_StdCellff0p88vm40c_ccs"
set base_ff_0p88v_m40c_lib             "N16ADFP_StdCellff0p88vm40c_ccs"
@file(tech.tcl) 56: set base_ff_0p88v_125c_lib             "N16ADFP_StdCellff0p88v125c_ccs"
set base_ff_0p88v_125c_lib             "N16ADFP_StdCellff0p88v125c_ccs"
@file(tech.tcl) 59: set sram_tt_0p8v_25c_lib               "N16ADFP_SRAM_tt0p8v0p8v25c_100a"
set sram_tt_0p8v_25c_lib               "N16ADFP_SRAM_tt0p8v0p8v25c_100a"
@file(tech.tcl) 60: set sram_ss_0p72v_m40c_lib             "N16ADFP_SRAM_ss0p72v0p72vm40c_100a"
set sram_ss_0p72v_m40c_lib             "N16ADFP_SRAM_ss0p72v0p72vm40c_100a"
@file(tech.tcl) 61: set sram_ss_0p72v_125c_lib             "N16ADFP_SRAM_ss0p72v0p72v125c_100a"
set sram_ss_0p72v_125c_lib             "N16ADFP_SRAM_ss0p72v0p72v125c_100a"
@file(tech.tcl) 62: set sram_ff_0p88v_m40c_lib             "N16ADFP_SRAM_ff0p88v0p88vm40c_100a"
set sram_ff_0p88v_m40c_lib             "N16ADFP_SRAM_ff0p88v0p88vm40c_100a"
@file(tech.tcl) 63: set sram_ff_0p88v_125c_lib             "N16ADFP_SRAM_ff0p88v0p88v125c_100a"
set sram_ff_0p88v_125c_lib             "N16ADFP_SRAM_ff0p88v0p88v125c_100a"
@file(tech.tcl) 67: set rm_base_lib "${base_ss_0p72v_125c_lib}.db:${base_ss_0p72v_125c_lib}"
set rm_base_lib "${base_ss_0p72v_125c_lib}.db:${base_ss_0p72v_125c_lib}"
@file(tech.tcl) 71: set rm_target_library [list ${base_ss_0p72v_125c_lib}.db \ ${sram_ss_0p72v_125c_lib}.db
]
set rm_target_library [list ${base_ss_0p72v_125c_lib}.db \ ${sram_ss_0p72v_125c_lib}.db
]
@file(tech.tcl) 82: set rm_mintypmax_libs [list \
    ${base_ff_0p88v_125c_lib}.db ${base_ff_0p88v_m40c_lib}.db ${base_tt_0p8v_25c_lib}.db ${base_ss_0p72v_125c_lib}.db ${base_ss_0p72v_m40c_lib}.db \
]
set rm_mintypmax_libs [list \
    ${base_ff_0p88v_125c_lib}.db ${base_ff_0p88v_m40c_lib}.db ${base_tt_0p8v_25c_lib}.db ${base_ss_0p72v_125c_lib}.db ${base_ss_0p72v_m40c_lib}.db \
]
@file(tech.tcl) 90: set rm_base_dirs   ${rm_base_reflib}/CCS/ 
set rm_base_dirs   ${rm_base_reflib}/CCS/ 
@file(tech.tcl) 91: set rm_sram_dirs   ${rm_sram_lib_dirs}/NLDM/
set rm_sram_dirs   ${rm_sram_lib_dirs}/NLDM/
@file(tech.tcl) 94: set tt_0p8v_25c_libs   [list ${rm_base_dirs}/${base_tt_0p8v_25c_lib}.lib ${rm_sram_dirs}/${sram_tt_0p8v_25c_lib}.lib ]
set tt_0p8v_25c_libs   [list ${rm_base_dirs}/${base_tt_0p8v_25c_lib}.lib ${rm_sram_dirs}/${sram_tt_0p8v_25c_lib}.lib ]
@file(tech.tcl) 95: set ff_0p88v_m40c_libs [list ${rm_base_dirs}/${base_ff_0p88v_m40c_lib}.lib ${rm_sram_dirs}/${sram_ff_0p88v_m40c_lib}.lib ]
set ff_0p88v_m40c_libs [list ${rm_base_dirs}/${base_ff_0p88v_m40c_lib}.lib ${rm_sram_dirs}/${sram_ff_0p88v_m40c_lib}.lib ]
@file(tech.tcl) 96: set ff_0p88v_125c_libs [list ${rm_base_dirs}/${base_ff_0p88v_125c_lib}.lib ${rm_sram_dirs}/${sram_ff_0p88v_125c_lib}.lib ]
set ff_0p88v_125c_libs [list ${rm_base_dirs}/${base_ff_0p88v_125c_lib}.lib ${rm_sram_dirs}/${sram_ff_0p88v_125c_lib}.lib ]
@file(tech.tcl) 97: set ss_0p72v_m40c_libs [list ${rm_base_dirs}/${base_ss_0p72v_m40c_lib}.lib ${rm_sram_dirs}/${sram_ss_0p72v_m40c_lib}.lib ]
set ss_0p72v_m40c_libs [list ${rm_base_dirs}/${base_ss_0p72v_m40c_lib}.lib ${rm_sram_dirs}/${sram_ss_0p72v_m40c_lib}.lib ]
@file(tech.tcl) 98: set ss_0p72v_125c_libs [list ${rm_base_dirs}/${base_ss_0p72v_125c_lib}.lib ${rm_sram_dirs}/${sram_ss_0p72v_125c_lib}.lib ]
set ss_0p72v_125c_libs [list ${rm_base_dirs}/${base_ss_0p72v_125c_lib}.lib ${rm_sram_dirs}/${sram_ss_0p72v_125c_lib}.lib ]
@file(tech.tcl) 103: set constraints_sdc         "../scripts/constraints.tcl"
set constraints_sdc         "../scripts/constraints.tcl"
@file(tech.tcl) 104: set cts_constraints_sdc     "../scripts/constraints_cts.tcl"
set cts_constraints_sdc     "../scripts/constraints_cts.tcl"
@file(tech.tcl) 105: set postcts_constraints_sdc "../scripts/constraints_postcts.tcl"
set postcts_constraints_sdc "../scripts/constraints_postcts.tcl"
@file(tech.tcl) 108: set rm_tie_hi_lo_list [list TIEHBWP16P90 TIELBWP16P90]
set rm_tie_hi_lo_list [list TIEHBWP16P90 TIELBWP16P90]
@file(tech.tcl) 111: set rm_tie_cell_pin [list "Z" "ZN"]
set rm_tie_cell_pin [list "Z" "ZN"]
@file(tech.tcl) 113: set rm_clock_cell [list]
set rm_clock_cell [list]
@file(tech.tcl) 114: set rm_clock_buf_cap_cell [list ]
set rm_clock_buf_cap_cell [list ]
@file(tech.tcl) 115: set rm_clock_inv_cap_cell [list ]
set rm_clock_inv_cap_cell [list ]
@file(tech.tcl) 116: set rm_clock_icg_cell [list ]
set rm_clock_icg_cell [list ]
@file(tech.tcl) 117: set rm_clock_size_cell [list $rm_clock_inv_cap_cell $rm_clock_buf_cap_cell]
set rm_clock_size_cell [list $rm_clock_inv_cap_cell $rm_clock_buf_cap_cell]
@file(tech.tcl) 119: set lvs_exclude_cells [list FILL64BWP16P90 FILL32BWP16P90 FILL16BWP16P90 FILL8BWP16P90 FILL4BWP16P90 FILL2BWP16P90 FILL1BWP16P90]
set lvs_exclude_cells [list FILL64BWP16P90 FILL32BWP16P90 FILL16BWP16P90 FILL8BWP16P90 FILL4BWP16P90 FILL2BWP16P90 FILL1BWP16P90]
@file(tech.tcl) 122: set rm_logic_delay_cell [list BUFFD2BWP16P90 BUFFD4BWP16P90 BUFFD8BWP16P90 BUFFD16BWP16P90]
set rm_logic_delay_cell [list BUFFD2BWP16P90 BUFFD4BWP16P90 BUFFD8BWP16P90 BUFFD16BWP16P90]
@file(tech.tcl) 123: set rm_clock_delay_cell $rm_logic_delay_cell
set rm_clock_delay_cell $rm_logic_delay_cell
@file(tech.tcl) 126: set hold_fixing_cells [list BUFFD2BWP16P90 BUFFD4BWP16P90 BUFFD8BWP16P90 BUFFD16BWP16P90]
set hold_fixing_cells [list BUFFD2BWP16P90 BUFFD4BWP16P90 BUFFD8BWP16P90 BUFFD16BWP16P90]
@file(tech.tcl) 132: set rm_clock_period 1.0 ;# Target clock period in ns of the macro
set rm_clock_period 1.0 ;# Target clock period in ns of the macro
@file(tech.tcl) 139: set rm_load_value 0.05 ;# Capacitive load in pF placed on all outputs
set rm_load_value 0.05 ;# Capacitive load in pF placed on all outputs
@file(tech.tcl) 140: set rm_driving_cell BUFFD8BWP16P90 ;# The driving cell for all inputs
set rm_driving_cell BUFFD8BWP16P90 ;# The driving cell for all inputs
@file(tech.tcl) 141: set rm_driving_pin Z ;# The output pin of the driving cell
set rm_driving_pin Z ;# The output pin of the driving cell
@file(tech.tcl) 143: set rm_dont_use_list [list *BWP20* *LVT]
set rm_dont_use_list [list *BWP20* *LVT]
@file(tech.tcl) 145: set rm_clock_driving_cell [list CKBD1BWP20P90 CKBD2BWP20P90 CKBD4BWP20P90 CKBD8BWP20P90 CKBD12BWP20P90 CKBD16BWP20P90] ;# The driving cell for clock ports
set rm_clock_driving_cell [list CKBD1BWP20P90 CKBD2BWP20P90 CKBD4BWP20P90 CKBD8BWP20P90 CKBD12BWP20P90 CKBD16BWP20P90] ;# The driving cell for clock ports
@file(tech.tcl) 146: set rm_clock_driving_pin Z ;# The output pin of the clock driving cell
set rm_clock_driving_pin Z ;# The output pin of the clock driving cell
@file(tech.tcl) 148: set rm_period_jitter 0.030 ;# Cycle jitter (rise-to-rise) +/- N ns 
set rm_period_jitter 0.030 ;# Cycle jitter (rise-to-rise) +/- N ns 
@file(tech.tcl) 149: set rm_setup_margin 0.050 ;# in ns. Setup margin 
set rm_setup_margin 0.050 ;# in ns. Setup margin 
@file(tech.tcl) 150: set rm_hold_margin 0.0 ;# in ns. Hold margin 
set rm_hold_margin 0.0 ;# in ns. Hold margin 
@file(tech.tcl) 151: set rm_clock_uncertainty 0.100 ;# in ns. Pre-CTS clock skew estimate 
set rm_clock_uncertainty 0.100 ;# in ns. Pre-CTS clock skew estimate 
@file(tech.tcl) 152: set rm_pre_cts_clock_uncertainty 0.100 ;# in ns. Pre-CTS clock skew estimate
set rm_pre_cts_clock_uncertainty 0.100 ;# in ns. Pre-CTS clock skew estimate
@file(tech.tcl) 153: set rm_post_cts_clock_uncertainty 0.075 ;# in ns. Post-CTS clock skew estimate 
set rm_post_cts_clock_uncertainty 0.075 ;# in ns. Post-CTS clock skew estimate 
@file(tech.tcl) 154: set rm_critical_range 0.1 ;# Critical range. % of the rm_clock_period 
set rm_critical_range 0.1 ;# Critical range. % of the rm_clock_period 
@file(tech.tcl) 155: set rm_icg_name integrated ;# Name of ICG cell
set rm_icg_name integrated ;# Name of ICG cell
@file(tech.tcl) 156: set rm_max_fanout 32 ;# Maximum fanout threshold 
set rm_max_fanout 32 ;# Maximum fanout threshold 
@file(tech.tcl) 157: set rm_cts_max_fanout 16 ;# Maximum fanout threshold 
set rm_cts_max_fanout 16 ;# Maximum fanout threshold 
@file(tech.tcl) 158: set rm_max_transition 0.500 ;# Maximum rise/fall signal transition time in ns 
set rm_max_transition 0.500 ;# Maximum rise/fall signal transition time in ns 
@file(tech.tcl) 159: set rm_max_clock_transition 0.500 ;# Maximum rise/fall clock transition time in ns 
set rm_max_clock_transition 0.500 ;# Maximum rise/fall clock transition time in ns 
@file(tech.tcl) 160: set rm_clock_latency 1 ;# Predicted clock insertion delay in ns 
set rm_clock_latency 1 ;# Predicted clock insertion delay in ns 
@file(tech.tcl) 161: set rm_icg_latency 0.070 ;# Latency in ns for integrated clock gating cell 
set rm_icg_latency 0.070 ;# Latency in ns for integrated clock gating cell 
@file(tech.tcl) 168: set rm_core_utilization 0.8 ;# Utilization ratio of the macro floorplan 
set rm_core_utilization 0.8 ;# Utilization ratio of the macro floorplan 
@file(tech.tcl) 169: set rm_aspect_ratio 1.00 ;# Height-to-width ratio of the macro floorplan 
set rm_aspect_ratio 1.00 ;# Height-to-width ratio of the macro floorplan 
#@ End verbose source ../scripts/tech.tcl
@file(compile.tcl) 23: set_db information_level 9
  Setting attribute of root '/': 'information_level' = 9
@file(compile.tcl) 25: set_db tns_opto true
  Setting attribute of root '/': 'tns_opto' = true
@file(compile.tcl) 26: set_db lp_insert_clock_gating false
  Setting attribute of root '/': 'lp_insert_clock_gating' = false
@file(compile.tcl) 28: set_db timing_report_load_unit pf
  Setting attribute of root '/': 'timing_report_load_unit' = pf
@file(compile.tcl) 29: set_db timing_report_time_unit ps
  Setting attribute of root '/': 'timing_report_time_unit' = ps
@file(compile.tcl) 36: set link_library [concat ${ss_0p72v_m40c_libs} ${ff_0p88v_125c_libs} ]
@file(compile.tcl) 37: set_db library ${link_library}

Threads Configured:6
Info    : An unsupported construct was detected in this library. [LBR-40]
        : Unknown Liberty attribute 'library_features' encountered. Ignoring (File /usr/cots/ip_libraries/tsmc/N16ADFP/stdcell/N16ADFP_StdCell/CCS//N16ADFP_StdCellss0p72vm40c_ccs.lib, Line 72)
        : Check to see if this construct is really needed for synthesis. Many liberty constructs are not actually required.
Info    : An unsupported construct was detected in this library. [LBR-40]
        : Unknown Liberty attribute 'define' encountered. Ignoring (File /usr/cots/ip_libraries/tsmc/N16ADFP/stdcell/N16ADFP_StdCell/CCS//N16ADFP_StdCellss0p72vm40c_ccs.lib, Line 223)
Info    : An unsupported construct was detected in this library. [LBR-40]
        : Unknown Liberty attribute 'library_features' encountered. Ignoring (File /usr/cots/ip_libraries/tsmc/N16ADFP/sram/N16ADFP_SRAM//NLDM//N16ADFP_SRAM_ss0p72v0p72vm40c_100a.lib, Line 51)
Info    : An unsupported construct was detected in this library. [LBR-40]
        : Unknown Liberty attribute 'library_features' encountered. Ignoring (File /usr/cots/ip_libraries/tsmc/N16ADFP/sram/N16ADFP_SRAM//NLDM//N16ADFP_SRAM_ss0p72v0p72vm40c_100a.lib, Line 52)
Info    : An unsupported construct was detected in this library. [LBR-40]
        : Unknown Liberty attribute 'define' encountered. Ignoring (File /usr/cots/ip_libraries/tsmc/N16ADFP/sram/N16ADFP_SRAM//NLDM//N16ADFP_SRAM_ss0p72v0p72vm40c_100a.lib, Line 155)
Info    : An unsupported construct was detected in this library. [LBR-40]
        : Unknown Liberty attribute 'define' encountered. Ignoring (File /usr/cots/ip_libraries/tsmc/N16ADFP/sram/N16ADFP_SRAM//NLDM//N16ADFP_SRAM_ss0p72v0p72vm40c_100a.lib, Line 156)
Info    : An unsupported construct was detected in this library. [LBR-40]
        : Unknown Liberty attribute 'map_only' encountered. Ignoring (File /usr/cots/ip_libraries/tsmc/N16ADFP/sram/N16ADFP_SRAM//NLDM//N16ADFP_SRAM_ss0p72v0p72vm40c_100a.lib, Line 442)
Info    : An unsupported construct was detected in this library. [LBR-40]
        : Unknown Liberty attribute 'map_only' encountered. Ignoring (File /usr/cots/ip_libraries/tsmc/N16ADFP/sram/N16ADFP_SRAM//NLDM//N16ADFP_SRAM_ss0p72v0p72vm40c_100a.lib, Line 1993)
Info    : An unsupported construct was detected in this library. [LBR-40]
        : Unknown Liberty attribute 'map_only' encountered. Ignoring (File /usr/cots/ip_libraries/tsmc/N16ADFP/sram/N16ADFP_SRAM//NLDM//N16ADFP_SRAM_ss0p72v0p72vm40c_100a.lib, Line 3544)
Info    : An unsupported construct was detected in this library. [LBR-40]
        : Unknown Liberty attribute 'map_only' encountered. Ignoring (File /usr/cots/ip_libraries/tsmc/N16ADFP/sram/N16ADFP_SRAM//NLDM//N16ADFP_SRAM_ss0p72v0p72vm40c_100a.lib, Line 5095)
Warning : Unsupported attribute in the pin group. [LBR-510]
        : The attribute 'bus_naming_style' defined on line 6645 is not supported for 'cell' group. It should be defined at 'library' level. (File /usr/cots/ip_libraries/tsmc/N16ADFP/sram/N16ADFP_SRAM//NLDM//N16ADFP_SRAM_ss0p72v0p72vm40c_100a.lib)
Info    : An unsupported construct was detected in this library. [LBR-40]
        : Unknown Liberty attribute 'map_only' encountered. Ignoring (File /usr/cots/ip_libraries/tsmc/N16ADFP/sram/N16ADFP_SRAM//NLDM//N16ADFP_SRAM_ss0p72v0p72vm40c_100a.lib, Line 6649)
Warning : Unsupported attribute in the pin group. [LBR-510]
        : The attribute 'bus_naming_style' defined on line 8806 is not supported for 'cell' group. It should be defined at 'library' level. (File /usr/cots/ip_libraries/tsmc/N16ADFP/sram/N16ADFP_SRAM//NLDM//N16ADFP_SRAM_ss0p72v0p72vm40c_100a.lib)
Info    : An unsupported construct was detected in this library. [LBR-40]
        : Unknown Liberty attribute 'map_only' encountered. Ignoring (File /usr/cots/ip_libraries/tsmc/N16ADFP/sram/N16ADFP_SRAM//NLDM//N16ADFP_SRAM_ss0p72v0p72vm40c_100a.lib, Line 8810)
Warning : Unsupported attribute in the pin group. [LBR-510]
        : The attribute 'bus_naming_style' defined on line 10967 is not supported for 'cell' group. It should be defined at 'library' level. (File /usr/cots/ip_libraries/tsmc/N16ADFP/sram/N16ADFP_SRAM//NLDM//N16ADFP_SRAM_ss0p72v0p72vm40c_100a.lib)
Info    : An unsupported construct was detected in this library. [LBR-40]
        : Unknown Liberty attribute 'map_only' encountered. Ignoring (File /usr/cots/ip_libraries/tsmc/N16ADFP/sram/N16ADFP_SRAM//NLDM//N16ADFP_SRAM_ss0p72v0p72vm40c_100a.lib, Line 10971)
Warning : Unsupported attribute in the pin group. [LBR-510]
        : The attribute 'bus_naming_style' defined on line 13128 is not supported for 'cell' group. It should be defined at 'library' level. (File /usr/cots/ip_libraries/tsmc/N16ADFP/sram/N16ADFP_SRAM//NLDM//N16ADFP_SRAM_ss0p72v0p72vm40c_100a.lib)
Info    : An unsupported construct was detected in this library. [LBR-40]
        : Unknown Liberty attribute 'map_only' encountered. Ignoring (File /usr/cots/ip_libraries/tsmc/N16ADFP/sram/N16ADFP_SRAM//NLDM//N16ADFP_SRAM_ss0p72v0p72vm40c_100a.lib, Line 13132)
Warning : Unsupported attribute in the pin group. [LBR-510]
        : The attribute 'bus_naming_style' defined on line 15289 is not supported for 'cell' group. It should be defined at 'library' level. (File /usr/cots/ip_libraries/tsmc/N16ADFP/sram/N16ADFP_SRAM//NLDM//N16ADFP_SRAM_ss0p72v0p72vm40c_100a.lib)
Info    : An unsupported construct was detected in this library. [LBR-40]
        : Unknown Liberty attribute 'map_only' encountered. Ignoring (File /usr/cots/ip_libraries/tsmc/N16ADFP/sram/N16ADFP_SRAM//NLDM//N16ADFP_SRAM_ss0p72v0p72vm40c_100a.lib, Line 15293)
Warning : Unsupported attribute in the pin group. [LBR-510]
        : The attribute 'bus_naming_style' defined on line 17450 is not supported for 'cell' group. It should be defined at 'library' level. (File /usr/cots/ip_libraries/tsmc/N16ADFP/sram/N16ADFP_SRAM//NLDM//N16ADFP_SRAM_ss0p72v0p72vm40c_100a.lib)
Info    : An unsupported construct was detected in this library. [LBR-40]
        : Unknown Liberty attribute 'map_only' encountered. Ignoring (File /usr/cots/ip_libraries/tsmc/N16ADFP/sram/N16ADFP_SRAM//NLDM//N16ADFP_SRAM_ss0p72v0p72vm40c_100a.lib, Line 17454)
Info    : An unsupported construct was detected in this library. [LBR-40]
        : Unknown Liberty attribute 'library_features' encountered. Ignoring (File /usr/cots/ip_libraries/tsmc/N16ADFP/stdcell/N16ADFP_StdCell/CCS//N16ADFP_StdCellff0p88v125c_ccs.lib, Line 72)
Info    : An unsupported construct was detected in this library. [LBR-40]
        : Unknown Liberty attribute 'define' encountered. Ignoring (File /usr/cots/ip_libraries/tsmc/N16ADFP/stdcell/N16ADFP_StdCell/CCS//N16ADFP_StdCellff0p88v125c_ccs.lib, Line 223)
Info    : An unsupported construct was detected in this library. [LBR-40]
        : Unknown Liberty attribute 'library_features' encountered. Ignoring (File /usr/cots/ip_libraries/tsmc/N16ADFP/sram/N16ADFP_SRAM//NLDM//N16ADFP_SRAM_ff0p88v0p88v125c_100a.lib, Line 51)
Info    : An unsupported construct was detected in this library. [LBR-40]
        : Unknown Liberty attribute 'library_features' encountered. Ignoring (File /usr/cots/ip_libraries/tsmc/N16ADFP/sram/N16ADFP_SRAM//NLDM//N16ADFP_SRAM_ff0p88v0p88v125c_100a.lib, Line 52)
Warning : Maximum message print count reached. [MESG-11]
        : Maximum print count of '20' reached for message 'LBR-40'.
Warning : Unsupported attribute in the pin group. [LBR-510]
        : The attribute 'bus_naming_style' defined on line 6645 is not supported for 'cell' group. It should be defined at 'library' level. (File /usr/cots/ip_libraries/tsmc/N16ADFP/sram/N16ADFP_SRAM//NLDM//N16ADFP_SRAM_ff0p88v0p88v125c_100a.lib)
Warning : Unsupported attribute in the pin group. [LBR-510]
        : The attribute 'bus_naming_style' defined on line 8806 is not supported for 'cell' group. It should be defined at 'library' level. (File /usr/cots/ip_libraries/tsmc/N16ADFP/sram/N16ADFP_SRAM//NLDM//N16ADFP_SRAM_ff0p88v0p88v125c_100a.lib)
Warning : Unsupported attribute in the pin group. [LBR-510]
        : The attribute 'bus_naming_style' defined on line 10967 is not supported for 'cell' group. It should be defined at 'library' level. (File /usr/cots/ip_libraries/tsmc/N
  Message Summary for Library all 4 libraries:
  ********************************************
16ADFP/sram/N16ADFP_SRAM//NLDM//N16ADFP_SRAM_ff0p88v0p88v125c_100a.lib)
Warning : Unsupported attribute in the pin group. [LBR-510]
        : The attribute 'bus_naming_style' defined on line 13128 is not supported for 'cell' group. It should be defined at 'library' level. (File /usr/cots/ip_libraries/tsmc/N16ADFP/sram/N16ADFP_SRAM//NLDM//N16ADFP_SRAM_ff0p88v0p88v125c_100a.lib)
Warning : Unsupported attribute in the pin group. [LBR-510]
        : The attribute 'bus_naming_style' defined on line 15289 is not supported for 'cell' group. It should be defined at 'library' level. (File /usr/cots/ip_libraries/tsmc/N16ADFP/sram/N16ADFP_SRAM//NLDM//N16ADFP_SRAM_ff0p88v0p88v125c_100a.lib)
Warning : Unsupported attribute in the pin group. [LBR-510]
        : The attribute 'bus_naming_style' defined on line 17450 is not supported for 'cell' group. It should be defined at 'library' level. (File /usr/cots/ip_libraries/tsmc/N16ADFP/sram/N16ADFP_SRAM//NLDM//N16ADFP_SRAM_ff0p88v0p88v125c_100a.lib)
  Unsupported attribute in the pin group. [LBR-510]: 12
  An unsupported construct was detected in this library. [LBR-40]: 32
  ********************************************
 
            Reading file '/usr/cots/ip_libraries/tsmc/N16ADFP/stdcell/N16ADFP_StdCell/CCS//N16ADFP_StdCellss0p72vm40c_ccs.lib'
            Reading file '/usr/cots/ip_libraries/tsmc/N16ADFP/sram/N16ADFP_SRAM//NLDM//N16ADFP_SRAM_ss0p72v0p72vm40c_100a.lib'
            Reading file '/usr/cots/ip_libraries/tsmc/N16ADFP/stdcell/N16ADFP_StdCell/CCS//N16ADFP_StdCellff0p88v125c_ccs.lib'
Warning : Libraries have inconsistent nominal operating conditions. In the Liberty library, there are attributes called nom_voltage, nom_process and nom_temperature. Genus reports the message, if the respective values of the 2 given .libs differ. [LBR-38]
        : The libraries are 'N16ADFP_StdCellss0p72vm40c_ccs' and 'N16ADFP_StdCellff0p88v125c_ccs'.
        : This is a common source of delay calculation confusion and should be avoided.
            Reading file '/usr/cots/ip_libraries/tsmc/N16ADFP/sram/N16ADFP_SRAM//NLDM//N16ADFP_SRAM_ff0p88v0p88v125c_100a.lib'
Warning : Libraries have inconsistent nominal operating conditions. In the Liberty library, there are attributes called nom_voltage, nom_process and nom_temperature. Genus reports the message, if the respective values of the 2 given .libs differ. [LBR-38]
        : The libraries are 'N16ADFP_StdCellss0p72vm40c_ccs' and 'N16ADFP_SRAM_ff0p88v0p88v125c'.
Warning : Ignoring unsupported lu_table_template. [LBR-403]
        : Ignoring lu_table_template index type (input_voltage).
        : LBR-403 is issued when an unsupported lu_table_template is encountered by GENUS.
Info    : Created nominal operating condition. [LBR-412]
        : Operating condition '_nominal_' was created for the PVT values (1.000000, 0.720000, -40.000000) in library 'N16ADFP_StdCellss0p72vm40c_ccs.lib'.
        : The nominal operating condition is represented, either by the nominal PVT values specified in the library source (via nom_process,nom_voltage and nom_temperature respectively), or by the default PVT values (1.0,1.0,1.0).
Info    : Created nominal operating condition. [LBR-412]
        : Operating condition '_nominal_' was created for the PVT values (1.000000, 0.720000, -40.000000) in library 'N16ADFP_SRAM_ss0p72v0p72vm40c_100a.lib'.
Warning : Ignoring unsupported lu_table_template. [LBR-403]
        : Ignoring lu_table_template index type (input_voltage).
Info    : Created nominal operating condition. [LBR-412]
        : Operating condition '_nominal_' was created for the PVT values (1.000000, 0.880000, 125.000000) in library 'N16ADFP_StdCellff0p88v125c_ccs.lib'.
Info    : Created nominal operating condition. [LBR-412]
        : Operating condition '_nominal_' was created for the PVT values (1.000000, 0.880000, 125.000000) in library 'N16ADFP_SRAM_ff0p88v0p88v125c_100a.lib'.
Info    : An output library pin lacks a function attribute. [LBR-41]
        : Output pin 'TS1N16ADFPCLLLVTA128X64M4SWSHOD/Q[0]' has no function.
        : If the remainder of this library cell's semantic checks are successful, it will be considered as a timing-model (because one of its outputs does not have a valid function.
Info    : An output library pin lacks a function attribute. [LBR-41]
        : Output pin 'TS1N16ADFPCLLLVTA128X64M4SWSHOD/Q[1]' has no function.
Info    : An output library pin lacks a function attribute. [LBR-41]
        : Output pin 'TS1N16ADFPCLLLVTA128X64M4SWSHOD/Q[2]' has no function.
Info    : An output library pin lacks a function attribute. [LBR-41]
        : Output pin 'TS1N16ADFPCLLLVTA128X64M4SWSHOD/Q[3]' has no function.
Info    : An output library pin lacks a function attribute. [LBR-41]
        : Output pin 'TS1N16ADFPCLLLVTA128X64M4SWSHOD/Q[4]' has no function.
Info    : An output library pin lacks a function attribute. [LBR-41]
        : Output pin 'TS1N16ADFPCLLLVTA128X64M4SWSHOD/Q[5]' has no function.
Info    : An output library pin lacks a function attribute. [LBR-41]
        : Output pin 'TS1N16ADFPCLLLVTA128X64M4SWSHOD/Q[6]' has no function.
Info    : An output library pin lacks a function attribute. [LBR-41]
        : Output pin 'TS1N16ADFPCLLLVTA128X64M4SWSHOD/Q[7]' has no function.
Info    : An output library pin lacks a function attribute. [LBR-41]
        : Output pin 'TS1N16ADFPCLLLVTA128X64M4SWSHOD/Q[8]' has no function.
Info    : An output library pin lacks a function attribute. [LBR-41]
        : Output pin 'TS1N16ADFPCLLLVTA128X64M4SWSHOD/Q[9]' has no function.
Info    : An output library pin lacks a function attribute. [LBR-41]
        : Output pin 'TS1N16ADFPCLLLVTA128X64M4SWSHOD/Q[10]' has no function.
Info    : An output library pin lacks a function attribute. [LBR-41]
        : Output pin 'TS1N16ADFPCLLLVTA128X64M4SWSHOD/Q[11]' has no function.
Info    : An output library pin lacks a function attribute. [LBR-41]
        : Output pin 'TS1N16ADFPCLLLVTA128X64M4SWSHOD/Q[12]' has no function.
Info    : An output library pin lacks a function attribute. [LBR-41]
        : Output pin 'TS1N16ADFPCLLLVTA128X64M4SWSHOD/Q[13]' has no function.
Info    : An output library pin lacks a function attribute. [LBR-41]
        : Output pin 'TS1N16ADFPCLLLVTA128X64M4SWSHOD/Q[14]' has no function.
Info    : An output library pin lacks a function attribute. [LBR-41]
        : Output pin 'TS1N16ADFPCLLLVTA128X64M4SWSHOD/Q[15]' has no function.
Info    : An output library pin lacks a function attribute. [LBR-41]
        : Output pin 'TS1N16ADFPCLLLVTA128X64M4SWSHOD/Q[16]' has no function.
Info    : An output library pin lacks a function attribute. [LBR-41]
        : Output pin 'TS1N16ADFPCLLLVTA128X64M4SWSHOD/Q[17]' has no function.
Info    : An output library pin lacks a function attribute. [LBR-41]
        : Output pin 'TS1N16ADFPCLLLVTA128X64M4SWSHOD/Q[18]' has no function.
Info    : An output library pin lacks a function attribute. [LBR-41]
        : Output pin 'TS1N16ADFPCLLLVTA128X64M4SWSHOD/Q[19]' has no function.
Warning : Maximum message print count reached. [MESG-11]
        : Maximum print count of '20' reached for message 'LBR-41'.
Warning : Library cell has no output pins defined. [LBR-9]
        : Library cell 'BOUNDARY_LEFTBWP16P90' must have an output pin.
        : Add the missing output pin(s), then reload the library. Else the library cell will be marked as timing model i.e. unusable. Timing_model means that the cell does not have any defined function. If there is no output pin, Genus will mark library cell as unusable i.e. the attribute 'usable' will be marked to 'false' on the libcell. Therefore, the cell is not used for mapping and it will not be picked up from the library for synthesis. If you query the attribute 'unusable_reason' on the libcell; result will be: 'Library cell has no output pins.'Note: The message LBR-9 is only for the logical pins and not for the power_ground pins. Genus will depend upon the output function defined in the pin group (output pin) of the cell, to use it for mapping. The pg_pin will not have any function defined.
Warning : Library cell has no output pins defined. [LBR-9]
        : Library cell 'BOUNDARY_LEFTBWP16P90' must have an output pin.
Warning : Library cell has no output pins defined. [LBR-9]
        : Library cell 'BOUNDARY_LEFTBWP16P90LVT' must have an output pin.
Warning : Library cell has no output pins defined. [LBR-9]
        : Library cell 'BOUNDARY_LEFTBWP16P90LVT' must have an output pin.
Warning : Library cell has no output pins defined. [LBR-9]
        : Library cell 'BOUNDARY_LEFTBWP20P90' must have an output pin.
Warning : Library cell has no output pins defined. [LBR-9]
        : Library cell 'BOUNDARY_LEFTBWP20P90' must have an output pin.
Warning : Library cell has no output pins defined. [LBR-9]
        : Library cell 'BOUNDARY_LEFTBWP20P90LVT' must have an output pin.
Warning : Library cell has no output pins defined. [LBR-9]
        : Library cell 'BOUNDARY_LEFTBWP20P90LVT' must have an output pin.
Warning : Library cell has no output pins defined. [LBR-9]
        : Library cell 'BOUNDARY_NCORNERBWP16P90' must have an output pin.
Warning : Library cell has no output pins defined. [LBR-9]
        : Library cell 'BOUNDARY_NCORNERBWP16P90' must have an output pin.
Warning : Library cell has no output pins defined. [LBR-9]
        : Library cell 'BOUNDARY_NCORNERBWP16P90LVT' must have an output pin.
Warning : Library cell has no output pins defined. [LBR-9]
        : Library cell 'BOUNDARY_NCORNERBWP16P90LVT' must have an output pin.
Warning : Library cell has no output pins defined. [LBR-9]
        : Library cell 'BOUNDARY_NCORNERBWP20P90' must have an output pin.
Warning : Library cell has no output pins defined. [LBR-9]
        : Library cell 'BOUNDARY_NCORNERBWP20P90' must have an output pin.
Warning : Library cell has no output pins defined. [LBR-9]
        : Library cell 'BOUNDARY_NCORNERBWP20P90LVT' must have an output pin.
Warning : Library cell has no output pins defined. [LBR-9]
        : Library cell 'BOUNDARY_NCORNERBWP20P90LVT' must have an output pin.
Warning : Library cell has no output pins defined. [LBR-9]
        : Library cell 'BOUNDARY_NROW1BWP16P90' must have an output pin.
Warning : Library cell has no output pins defined. [LBR-9]
        : Library cell 'BOUNDARY_NROW1BWP16P90' must have an output pin.
Warning : Library cell has no output pins defined. [LBR-9]
        : Library cell 'BOUNDARY_NROW1BWP16P90LVT' must have an output pin.
Warning : Library cell has no output pins defined. [LBR-9]
        : Library cell 'BOUNDARY_NROW1BWP16P90LVT' must have an output pin.
Warning : Maximum message print count reached. [MESG-11]
        : Maximum print count of '20' reached for message 'LBR-9'.
Info    : Ignoring specified timing sense. [LBR-170]
        : The 'timing_sense' definition 'negative_unate' for library pin 'SDFKCNQD2BWP16P90/Q' is ignored.
        : Timing sense should never be set with 'rising_edge' or 'falling_edge' timing type.
Info    : Ignoring specified timing sense. [LBR-170]
        : The 'timing_sense' definition 'negative_unate' for library pin 'SDFKCNQD2BWP16P90/Q' is ignored.
Info    : Ignoring specified timing sense. [LBR-170]
        : The 'timing_sense' definition 'negative_unate' for library pin 'SDFKCNQD2BWP16P90/Q' is ignored.
Info    : Ignoring specified timing sense. [LBR-170]
        : The 'timing_sense' definition 'negative_unate' for library pin 'SDFKCNQD2BWP16P90/Q' is ignored.
Info    : Ignoring specified timing sense. [LBR-170]
        : The 'timing_sense' definition 'negative_unate' for library pin 'SDFKCNQD2BWP16P90LVT/Q' is ignored.
Info    : Ignoring specified timing sense. [LBR-170]
        : The 'timing_sense' definition 'negative_unate' for library pin 'SDFKCNQD2BWP16P90LVT/Q' is ignored.
Info    : Ignoring specified timing sense. [LBR-170]
        : The 'timing_sense' definition 'negative_unate' for library pin 'SDFKCNQD2BWP16P90LVT/Q' is ignored.
Info    : Ignoring specified timing sense. [LBR-170]
        : The 'timing_sense' definition 'negative_unate' for library pin 'SDFKCNQD2BWP16P90LVT/Q' is ignored.
Info    : Ignoring specified timing sense. [LBR-170]
        : The 'timing_sense' definition 'negative_unate' for library pin 'SDFKCNQD2BWP20P90/Q' is ignored.
Info    : Ignoring specified timing sense. [LBR-170]
        : The 'timing_sense' definition 'negative_unate' for library pin 'SDFKCNQD2BWP20P90/Q' is ignored.
Info    : Ignoring specified timing sense. [LBR-170]
        : The 'timing_sense' definition 'negative_unate' for library pin 'SDFKCNQD2BWP20P90/Q' is ignored.
Info    : Ignoring specified timing sense. [LBR-170]
        : The 'timing_sense' definition 'negative_unate' for library pin 'SDFKCNQD2BWP20P90/Q' is ignored.
Info    : Ignoring specified timing sense. [LBR-170]
        : The 'timing_sense' definition 'negative_unate' for library pin 'SDFKCNQD2BWP20P90LVT/Q' is ignored.
Info    : Ignoring specified timing sense. [LBR-170]
        : The 'timing_sense' definition 'negative_unate' for library pin 'SDFKCNQD2BWP20P90LVT/Q' is ignored.
Info    : Ignoring specified timing sense. [LBR-170]
        : The 'timing_sense' definition 'negative_unate' for library pin 'SDFKCNQD2BWP20P90LVT/Q' is ignored.
Info    : Ignoring specified timing sense. [LBR-170]
        : The 'timing_sense' definition 'negative_unate' for library pin 'SDFKCNQD2BWP20P90LVT/Q' is ignored.
Info    : Ignoring specified timing sense. [LBR-170]
        : The 'timing_sense' definition 'negative_unate' for library pin 'SDFKCNQD2BWP16P90/Q' is ignored.
Info    : Ignoring specified timing sense. [LBR-170]
        : The 'timing_sense' definition 'negative_unate' for library pin 'SDFKCNQD2BWP16P90/Q' is ignored.
Info    : Ignoring specified timing sense. [LBR-170]
        : The 'timing_sense' definition 'negative_unate' for library pin 'SDFKCNQD2BWP16P90/Q' is ignored.
Info    : Ignoring specified timing sense. [LBR-170]
        : The 'timing_sense' definition 'negative_unate' for library pin 'SDFKCNQD2BWP16P90/Q' is ignored.
Warning : Maximum message print count reached. [MESG-11]
        : Maximum print count of '20' reached for message 'LBR-170'.
Info    : Stored shadowed libcells. [LBR-785]
        : Library-cell name (N16ADFP_StdCellff0p88v125c_ccs/AN2D12BWP16P90)
        : Before deleting duplicate libcells, their names are stored.
Warning : Multiply-defined library cell. [LBR-22]
        : Library-cell name collision (N16ADFP_StdCellss0p72vm40c_ccs/AN2D12BWP16P90 and N16ADFP_StdCellff0p88v125c_ccs/AN2D12BWP16P90).  Deleting (N16ADFP_StdCellff0p88v125c_ccs/AN2D12BWP16P90).
        : Library cell names must be unique.  Any duplicates will be deleted.  Only the first (as determined by the order of libraries) will be retained.
Info    : Stored shadowed libcells. [LBR-785]
        : Library-cell name (N16ADFP_StdCellff0p88v125c_ccs/AN2D12BWP16P90LVT)
Warning : Multiply-defined library cell. [LBR-22]
        : Library-cell name collision (N16ADFP_StdCellss0p72vm40c_ccs/AN2D12BWP16P90LVT and N16ADFP_StdCellff0p88v125c_ccs/AN2D12BWP16P90LVT).  Deleting (N16ADFP_StdCellff0p88v125c_ccs/AN2D12BWP16P90LVT).
Info    : Stored shadowed libcells. [LBR-785]
        : Library-cell name (N16ADFP_StdCellff0p88v125c_ccs/AN2D12BWP20P90)
Warning : Multiply-defined library cell. [LBR-22]
        : Library-cell name collision (N16ADFP_StdCellss0p72vm40c_ccs/AN2D12BWP20P90 and N16ADFP_StdCellff0p88v125c_ccs/AN2D12BWP20P90).  Deleting (N16ADFP_StdCellff0p88v125c_ccs/AN2D12BWP20P90).
Info    : Stored shadowed libcells. [LBR-785]
        : Library-cell name (N16ADFP_StdCellff0p88v125c_ccs/AN2D12BWP20P90LVT)
Warning : Multiply-defined library cell. [LBR-22]
        : Library-cell name collision (N16ADFP_StdCellss0p72vm40c_ccs/AN2D12BWP20P90LVT and N16ADFP_StdCellff0p88v125c_ccs/AN2D12BWP20P90LVT).  Deleting (N16ADFP_StdCellff0p88v125c_ccs/AN2D12BWP20P90LVT).
Info    : Stored shadowed libcells. [LBR-785]
        : Library-cell name (N16ADFP_StdCellff0p88v125c_ccs/AN2D16BWP16P90)
Warning : Multiply-defined library cell. [LBR-22]
        : Library-cell name collision (N16ADFP_StdCellss0p72vm40c_ccs/AN2D16BWP16P90 and N16ADFP_StdCellff0p88v125c_ccs/AN2D16BWP16P90).  Deleting (N16ADFP_StdCellff0p88v125c_ccs/AN2D16BWP16P90).
Info    : Stored shadowed libcells. [LBR-785]
        : Library-cell name (N16ADFP_StdCellff0p88v125c_ccs/AN2D16BWP16P90LVT)
Warning : Multiply-defined library cell. [LBR-22]
        : Library-cell name collision (N16ADFP_StdCellss0p72vm40c_ccs/AN2D16BWP16P90LVT and N16ADFP_StdCellff0p88v125c_ccs/AN2D16BWP16P90LVT).  Deleting (N16ADFP_StdCellff0p88v125c_ccs/AN2D16BWP16P90LVT).
Info    : Stored shadowed libcells. [LBR-785]
        : Library-cell name (N16ADFP_StdCellff0p88v125c_ccs/AN2D16BWP20P90)
Warning : Multiply-defined library cell. [LBR-22]
        : Library-cell name collision (N16ADFP_StdCellss0p72vm40c_ccs/AN2D16BWP20P90 and N16ADFP_StdCellff0p88v125c_ccs/AN2D16BWP20P90).  Deleting (N16ADFP_StdCellff0p88v125c_ccs/AN2D16BWP20P90).
Info    : Stored shadowed libcells. [LBR-785]
        : Library-cell name (N16ADFP_StdCellff0p88v125c_ccs/AN2D16BWP20P90LVT)
Warning : Multiply-defined library cell. [LBR-22]
        : Library-cell name collision (N16ADFP_StdCellss0p72vm40c_ccs/AN2D16BWP20P90LVT and N16ADFP_StdCellff0p88v125c_ccs/AN2D16BWP20P90LVT).  Deleting (N16ADFP_StdCellff0p88v125c_ccs/AN2D16BWP20P90LVT).
Info    : Stored shadowed libcells. [LBR-785]
        : Library-cell name (N16ADFP_StdCellff0p88v125c_ccs/AN2D1BWP16P90)
Warning : Multiply-defined library cell. [LBR-22]
        : Library-cell name collision (N16ADFP_StdCellss0p72vm40c_ccs/AN2D1BWP16P90 and N16ADFP_StdCellff0p88v125c_ccs/AN2D1BWP16P90).  Deleting (N16ADFP_StdCellff0p88v125c_ccs/AN2D1BWP16P90).
Info    : Stored shadowed libcells. [LBR-785]
        : Library-cell name (N16ADFP_StdCellff0p88v125c_ccs/AN2D1BWP16P90LVT)
Warning : Multiply-defined library cell. [LBR-22]
        : Library-cell name collision (N16ADFP_StdCellss0p72vm40c_ccs/AN2D1BWP16P90LVT and N16ADFP_StdCellff0p88v125c_ccs/AN2D1BWP16P90LVT).  Deleting (N16ADFP_StdCellff0p88v125c_ccs/AN2D1BWP16P90LVT).
Info    : Stored shadowed libcells. [LBR-785]
        : Library-cell name (N16ADFP_StdCellff0p88v125c_ccs/AN2D1BWP20P90)
Warning : Multiply-defined library cell. [LBR-22]
        : Library-cell name collision (N16ADFP_StdCellss0p72vm40c_ccs/AN2D1BWP20P90 and N16ADFP_StdCellff0p88v125c_ccs/AN2D1BWP20P90).  Deleting (N16ADFP_StdCellff0p88v125c_ccs/AN2D1BWP20P90).
Info    : Stored shadowed libcells. [LBR-785]
        : Library-cell name (N16ADFP_StdCellff0p88v125c_ccs/AN2D1BWP20P90LVT)
Warning : Multiply-defined library cell. [LBR-22]
        : Library-cell name collision (N16ADFP_StdCellss0p72vm40c_ccs/AN2D1BWP20P90LVT and N16ADFP_StdCellff0p88v125c_ccs/AN2D1BWP20P90LVT).  Deleting (N16ADFP_StdCellff0p88v125c_ccs/AN2D1BWP20P90LVT).
Info    : Stored shadowed libcells. [LBR-785]
        : Library-cell name (N16ADFP_StdCellff0p88v125c_ccs/AN2D2BWP16P90)
Warning : Multiply-defined library cell. [LBR-22]
        : Library-cell name collision (N16ADFP_StdCellss0p72vm40c_ccs/AN2D2BWP16P90 and N16ADFP_StdCellff0p88v125c_ccs/AN2D2BWP16P90).  Deleting (N16ADFP_StdCellff0p88v125c_ccs/AN2D2BWP16P90).
Info    : Stored shadowed libcells. [LBR-785]
        : Library-cell name (N16ADFP_StdCellff0p88v125c_ccs/AN2D2BWP16P90LVT)
Warning : Multiply-defined library cell. [LBR-22]
        : Library-cell name collision (N16ADFP_StdCellss0p72vm40c_ccs/AN2D2BWP16P90LVT and N16ADFP_StdCellff0p88v125c_ccs/AN2D2BWP16P90LVT).  Deleting (N16ADFP_StdCellff0p88v125c_ccs/AN2D2BWP16P90LVT).
Info    : Stored shadowed libcells. [LBR-785]
        : Library-cell name (N16ADFP_StdCellff0p88v125c_ccs/AN2D2BWP20P90)
Warning : Multiply-defined library cell. [LBR-22]
        : Library-cell name collision (N16ADFP_StdCellss0p72vm40c_ccs/AN2D2BWP20P90 and N16ADFP_StdCellff0p88v125c_ccs/AN2D2BWP20P90).  Deleting (N16ADFP_StdCellff0p88v125c_ccs/AN2D2BWP20P90).
Info    : Stored shadowed libcells. [LBR-785]
        : Library-cell name (N16ADFP_StdCellff0p88v125c_ccs/AN2D2BWP20P90LVT)
Warning : Multiply-defined library cell. [LBR-22]
        : Library-cell name collision (N16ADFP_StdCellss0p72vm40c_ccs/AN2D2BWP20P90LVT and N16ADFP_StdCellff0p88v125c_ccs/AN2D2BWP20P90LVT).  Deleting (N16ADFP_StdCellff0p88v125c_ccs/AN2D2BWP20P90LVT).
Info    : Stored shadowed libcells. [LBR-785]
        : Library-cell name (N16ADFP_StdCellff0p88v125c_ccs/AN2D4BWP16P90)
Warning : Multiply-defined library cell. [LBR-22]
        : Library-cell name collision (N16ADFP_StdCellss0p72vm40c_ccs/AN2D4BWP16P90 and N16ADFP_StdCellff0p88v125c_ccs/AN2D4BWP16P90).  Deleting (N16ADFP_StdCellff0p88v125c_ccs/AN2D4BWP16P90).
Info    : Stored shadowed libcells. [LBR-785]
        : Library-cell name (N16ADFP_StdCellff0p88v125c_ccs/AN2D4BWP16P90LVT)
Warning : Multiply-defined library cell. [LBR-22]
        : Library-cell name collision (N16ADFP_StdCellss0p72vm40c_ccs/AN2D4BWP16P90LVT and N16ADFP_StdCellff0p88v125c_ccs/AN2D4BWP16P90LVT).  Deleting (N16ADFP_StdCellff0p88v125c_ccs/AN2D4BWP16P90LVT).
Info    : Stored shadowed libcells. [LBR-785]
        : Library-cell name (N16ADFP_StdCellff0p88v125c_ccs/AN2D4BWP20P90)
Warning : Multiply-defined library cell. [LBR-22]
        : Library-cell name collision (N16ADFP_StdCellss0p72vm40c_ccs/AN2D4BWP20P90 and N16ADFP_StdCellff0p88v125c_ccs/AN2D4BWP20P90).  Deleting (N16ADFP_StdCellff0p88v125c_ccs/AN2D4BWP20P90).
Info    : Stored shadowed libcells. [LBR-785]
        : Library-cell name (N16ADFP_StdCellff0p88v125c_ccs/AN2D4BWP20P90LVT)
Warning : Multiply-defined library cell. [LBR-22]
        : Library-cell name collision (N16ADFP_StdCellss0p72vm40c_ccs/AN2D4BWP20P90LVT and N16ADFP_StdCellff0p88v125c_ccs/AN2D4BWP20P90LVT).  Deleting (N16ADFP_StdCellff0p88v125c_ccs/AN2D4BWP20P90LVT).
Warning : Maximum message print count reached. [MESG-11]
        : Maximum print count of '20' reached for message 'LBR-785'.
Warning : Maximum message print count reached. [MESG-11]
        : Maximum print count of '20' reached for message 'LBR-22'.
  Setting attribute of root '/': 'library' = /usr/cots/ip_libraries/tsmc/N16ADFP/stdcell/N16ADFP_StdCell/CCS//N16ADFP_StdCellss0p72vm40c_ccs.lib /usr/cots/ip_libraries/tsmc/N16ADFP/sram/N16ADFP_SRAM//NLDM//N16ADFP_SRAM_ss0p72v0p72vm40c_100a.lib /usr/cots/ip_libraries/tsmc/N16ADFP/stdcell/N16ADFP_StdCell/CCS//N16ADFP_StdCellff0p88v125c_ccs.lib /usr/cots/ip_libraries/tsmc/N16ADFP/sram/N16ADFP_SRAM//NLDM//N16ADFP_SRAM_ff0p88v0p88v125c_100a.lib
@file(compile.tcl) 43: foreach dont_use ${rm_dont_use_list} {
  set_dont_use [get_lib_cells */${dont_use} ]
}
@file(compile.tcl) 47: source -verbose ../scripts/init_genus.tcl
<<<<<<< HEAD
Sourcing '../scripts/init_genus.tcl' (Sun May 03 15:55:25 EDT 2026)...
#@ Begin verbose source ../scripts/init_genus.tcl
@file(init_genus.tcl) 5: read_mmmc ../scripts/viewDefinitions.tcl
  Setting attribute of root '/': 'is_read_mmmc_flow' = true
Sourcing '../scripts/viewDefinitions.tcl' (Sun May 03 15:55:25 EDT 2026)...
=======
Sourcing '../scripts/init_genus.tcl' (Sun May 03 15:24:17 EDT 2026)...
#@ Begin verbose source ../scripts/init_genus.tcl
@file(init_genus.tcl) 5: read_mmmc ../scripts/viewDefinitions.tcl
  Setting attribute of root '/': 'is_read_mmmc_flow' = true
Sourcing '../scripts/viewDefinitions.tcl' (Sun May 03 15:24:17 EDT 2026)...
>>>>>>> 90b4e5451bdad0339ba628baf341bdcf0a318382
#@ Begin verbose source ../scripts/viewDefinitions.tcl
@file(viewDefinitions.tcl) 3: create_library_set -name tt_0p8v_25c_lib_set \
   -timing $tt_0p8v_25c_libs 
@file(viewDefinitions.tcl) 6: create_library_set -name ff_0p88v_125c_lib_set \
  -timing $ff_0p88v_125c_libs 
@file(viewDefinitions.tcl) 9: create_library_set -name ss_0p72v_m40c_lib_set \
   -timing $ss_0p72v_m40c_libs 
@file(viewDefinitions.tcl) 13: if {${rm_task} == "synthesis"} {
    create_opcond -name tc_corner -process 1.0 -temperature 25 -voltage 0.8
    create_opcond -name bc_corner -process 1.0 -temperature 125 -voltage 0.88
    create_opcond -name wc_corner -process 1.0 -temperature -40 -voltage 0.72
   
    create_timing_condition -name typ_time_cond \
        -opcond tc_corner \
        -library_sets tt_0p8v_25c_lib_set 
    
    create_timing_condition -name slow_time_cond \
        -opcond wc_corner \
        -library_sets ss_0p72v_m40c_lib_set 
    
    create_timing_condition -name fast_time_cond \
       -opcond bc_corner \
       -library_sets ff_0p88v_125c_lib_set 


    # Create Base delay corners                   
    create_delay_corner -name tt_0p8v_25c_delay_corner \
        -timing_condition typ_time_cond \
        -si_enabled true
    
    create_delay_corner -name ff_0p88v_125c_delay_corner \
       -timing_condition fast_time_cond \
       -si_enabled true
    
    create_delay_corner -name ss_0p72v_m40c_delay_corner \
        -timing_condition slow_time_cond \
        -si_enabled true

} else {
    # Create RC Corners
   #  There is no typical RC corner file provided for this technology
    create_rc_corner -name rc_typ_25c \
       -qx_tech_file  ${rm_qrc_min_file} \
       -T 25
    
   create_rc_corner -name rc_best_125c \
       -qx_tech_file  ${rm_qrc_min_file} \
       -T 125
    
    create_rc_corner -name rc_worst_m40c \
       -qx_tech_file  ${rm_qrc_max_file} \
       -T -40
   
    # Create Base delay corners
    create_delay_corner -name tt_0p8v_25c_delay_corner \
       -library_set tt_0p8v_25c_lib_set \
       -rc_corner rc_typ_25c \
       -si_enabled true
    
    create_delay_corner -name ff_0p88v_125c_delay_corner \
      -library_set ff_0p88v_125c_lib_set \
      -rc_corner rc_best_125c \
      -si_enabled true
    
    create_delay_corner -name ss_0p72v_m40c_delay_corner \
       -library_set ss_0p72v_m40c_lib_set \
       -rc_corner rc_worst_m40c \
       -si_enabled true
}    
@file(viewDefinitions.tcl) 77: create_constraint_mode -name tt0p8v25c_mode \
                       -sdc_files $constraints_sdc
            Reading file '/h/erober10/EE-166/finalProject/work/../scripts/constraints.tcl'
@file(viewDefinitions.tcl) 80: create_constraint_mode -name ss0p72vm40c_mode \
                       -sdc_files $constraints_sdc
            Reading file '/h/erober10/EE-166/finalProject/work/../scripts/constraints.tcl'
@file(viewDefinitions.tcl) 83: create_constraint_mode -name ff0p88v125c_mode \
                       -sdc_files $constraints_sdc
            Reading file '/h/erober10/EE-166/finalProject/work/../scripts/constraints.tcl'
@file(viewDefinitions.tcl) 87: create_analysis_view -name typical -constraint_mode tt0p8v25c_mode -delay_corner tt_0p8v_25c_delay_corner
@file(viewDefinitions.tcl) 88: create_analysis_view -name normBC -constraint_mode ff0p88v125c_mode -delay_corner ff_0p88v_125c_delay_corner
@file(viewDefinitions.tcl) 89: create_analysis_view -name normWC -constraint_mode ss0p72vm40c_mode -delay_corner ss_0p72v_m40c_delay_corner
@file(viewDefinitions.tcl) 92: set_analysis_view -setup [list normWC] \
                  -hold [list normBC] 
#@ End verbose source ../scripts/viewDefinitions.tcl
@file(init_genus.tcl) 6: read_physical -lef $rm_lef_reflib
Info    : Via with no resistance will have a value of '0.0' assigned for resistance value. [PHYS-129]
        : Via 'VIA01_square' has no resistance value.
        : If this is the expected behavior, this message can be ignored.
Info    : Via with no resistance will have a value of '0.0' assigned for resistance value. [PHYS-129]
        : Via 'VIA12_square' has no resistance value.
Info    : Via with no resistance will have a value of '0.0' assigned for resistance value. [PHYS-129]
        : Via 'VIA12_1cut_E' has no resistance value.
Info    : Via with no resistance will have a value of '0.0' assigned for resistance value. [PHYS-129]
        : Via 'VIA12_1cut' has no resistance value.
Info    : Via with no resistance will have a value of '0.0' assigned for resistance value. [PHYS-129]
        : Via 'VIA12_1cut_HH' has no resistance value.
Info    : Via with no resistance will have a value of '0.0' assigned for resistance value. [PHYS-129]
        : Via 'VIA12_1cut_VV' has no resistance value.
Info    : Via with no resistance will have a value of '0.0' assigned for resistance value. [PHYS-129]
        : Via 'VIA12_1cut_HH_E' has no resistance value.
Info    : Via with no resistance will have a value of '0.0' assigned for resistance value. [PHYS-129]
        : Via 'VIA12_1cut_HH_W' has no resistance value.
Info    : Via with no resistance will have a value of '0.0' assigned for resistance value. [PHYS-129]
        : Via 'VIA12_1cut_VV_N' has no resistance value.
Info    : Via with no resistance will have a value of '0.0' assigned for resistance value. [PHYS-129]
        : Via 'VIA12_1cut_VV_S' has no resistance value.
Info    : Via with no resistance will have a value of '0.0' assigned for resistance value. [PHYS-129]
        : Via 'VIA12_1cut_AS' has no resistance value.
Info    : Via with no resistance will have a value of '0.0' assigned for resistance value. [PHYS-129]
        : Via 'VIA12_1cut_W1A' has no resistance value.
Info    : Via with no resistance will have a value of '0.0' assigned for resistance value. [PHYS-129]
        : Via 'VIA12_1cut_W1A_H' has no resistance value.
Info    : Via with no resistance will have a value of '0.0' assigned for resistance value. [PHYS-129]
        : Via 'VIA12_1cut_W1A_V' has no resistance value.
Info    : Via with no resistance will have a value of '0.0' assigned for resistance value. [PHYS-129]
        : Via 'VIA23_square' has no resistance value.
Info    : Via with no resistance will have a value of '0.0' assigned for resistance value. [PHYS-129]
        : Via 'VIA23_1cut_N' has no resistance value.
Info    : Via with no resistance will have a value of '0.0' assigned for resistance value. [PHYS-129]
        : Via 'VIA23_1cut' has no resistance value.
Info    : Via with no resistance will have a value of '0.0' assigned for resistance value. [PHYS-129]
        : Via 'VIA23_1stack' has no resistance value.
Info    : Via with no resistance will have a value of '0.0' assigned for resistance value. [PHYS-129]
        : Via 'VIA23_1stack_N' has no resistance value.
Info    : Via with no resistance will have a value of '0.0' assigned for resistance value. [PHYS-129]
        : Via 'VIA23_1stack_NE' has no resistance value.
Warning : Maximum message print count reached. [MESG-11]
        : Maximum print count of '20' reached for message 'PHYS-129'.
Warning : Site already defined before, duplicated site will be ignored. [PHYS-106]
        : Site 'core' read already, this site in file '/usr/cots/ip_libraries/tsmc/N16ADFP/stdcell/N16ADFP_StdCell/LEF/lef/N16ADFP_StdCell.lef' is ignored.
Warning : Site already defined before, duplicated site will be ignored. [PHYS-106]
        : Site 'bcoreExt' read already, this site in file '/usr/cots/ip_libraries/tsmc/N16ADFP/stdcell/N16ADFP_StdCell/LEF/lef/N16ADFP_StdCell.lef' is ignored.
Warning : Site already defined before, duplicated site will be ignored. [PHYS-106]
        : Site 'gacore' read already, this site in file '/usr/cots/ip_libraries/tsmc/N16ADFP/stdcell/N16ADFP_StdCell/LEF/lef/N16ADFP_StdCell.lef' is ignored.

  According to lef_library, there are total 12 routing layers [ V(6) / H(6) ]

Warning : Missing wire parameter. [PHYS-15]
        : 'EDGECAPACITANCE' parameter is missing for layer 'M1' [line 245 in file /usr/cots/pdk/N16ADFP/APR/N16ADFP_APR_Innovus/N16ADFP_APR_Innovus_11M.10a.tlef]
        : Check the wire parameter in LEF technology files.
Warning : Missing wire parameter. [PHYS-15]
        : 'EDGECAPACITANCE' parameter is missing for layer 'M2' [line 358 in file /usr/cots/pdk/N16ADFP/APR/N16ADFP_APR_Innovus/N16ADFP_APR_Innovus_11M.10a.tlef]
Warning : Missing wire parameter. [PHYS-15]
        : 'EDGECAPACITANCE' parameter is missing for layer 'M3' [line 480 in file /usr/cots/pdk/N16ADFP/APR/N16ADFP_APR_Innovus/N16ADFP_APR_Innovus_11M.10a.tlef]
Warning : Missing wire parameter. [PHYS-15]
        : 'EDGECAPACITANCE' parameter is missing for layer 'M4' [line 668 in file /usr/cots/pdk/N16ADFP/APR/N16ADFP_APR_Innovus/N16ADFP_APR_Innovus_11M.10a.tlef]
Warning : Missing wire parameter. [PHYS-15]
        : 'EDGECAPACITANCE' parameter is missing for layer 'M5' [line 864 in file /usr/cots/pdk/N16ADFP/APR/N16ADFP_APR_Innovus/N16ADFP_APR_Innovus_11M.10a.tlef]
Warning : Missing wire parameter. [PHYS-15]
        : 'EDGECAPACITANCE' parameter is missing for layer 'M6' [line 1060 in file /usr/cots/pdk/N16ADFP/APR/N16ADFP_APR_Innovus/N16ADFP_APR_Innovus_11M.10a.tlef]
Warning : Missing wire parameter. [PHYS-15]
        : 'EDGECAPACITANCE' parameter is missing for layer 'M7' [line 1264 in file /usr/cots/pdk/N16ADFP/APR/N16ADFP_APR_Innovus/N16ADFP_APR_Innovus_11M.10a.tlef]
Warning : Missing wire parameter. [PHYS-15]
        : 'EDGECAPACITANCE' parameter is missing for layer 'M8' [line 1357 in file /usr/cots/pdk/N16ADFP/APR/N16ADFP_APR_Innovus/N16ADFP_APR_Innovus_11M.10a.tlef]
Warning : Missing wire parameter. [PHYS-15]
        : 'EDGECAPACITANCE' parameter is missing for layer 'M9' [line 1452 in file /usr/cots/pdk/N16ADFP/APR/N16ADFP_APR_Innovus/N16ADFP_APR_Innovus_11M.10a.tlef]
Warning : Missing wire parameter. [PHYS-15]
        : 'EDGECAPACITANCE' parameter is missing for layer 'M10' [line 1513 in file /usr/cots/pdk/N16ADFP/APR/N16ADFP_APR_Innovus/N16ADFP_APR_Innovus_11M.10a.tlef]
Warning : Missing wire parameter. [PHYS-15]
        : 'EDGECAPACITANCE' parameter is missing for layer 'M11' [line 1569 in file /usr/cots/pdk/N16ADFP/APR/N16ADFP_APR_Innovus/N16ADFP_APR_Innovus_11M.10a.tlef]
Warning : Missing wire parameter. [PHYS-15]
        : 'EDGECAPACITANCE' parameter is missing for layer 'AP' [line 1602 in file /usr/cots/pdk/N16ADFP/APR/N16ADFP_APR_Innovus/N16ADFP_APR_Innovus_11M.10a.tlef]
Warning : Missing wire parameter. [PHYS-15]
        : 'CPERSQDIST' parameter is missing for layer 'M1' [line 245 in file /usr/cots/pdk/N16ADFP/APR/N16ADFP_APR_Innovus/N16ADFP_APR_Innovus_11M.10a.tlef]
Warning : Missing wire parameter. [PHYS-15]
        : 'CPERSQDIST' parameter is missing for layer 'M2' [line 358 in file /usr/cots/pdk/N16ADFP/APR/N16ADFP_APR_Innovus/N16ADFP_APR_Innovus_11M.10a.tlef]
Warning : Missing wire parameter. [PHYS-15]
        : 'CPERSQDIST' parameter is missing for layer 'M3' [line 480 in file /usr/cots/pdk/N16ADFP/APR/N16ADFP_APR_Innovus/N16ADFP_APR_Innovus_11M.10a.tlef]
Warning : Missing wire parameter. [PHYS-15]
        : 'CPERSQDIST' parameter is missing for layer 'M4' [line 668 in file /usr/cots/pdk/N16ADFP/APR/N16ADFP_APR_Innovus/N16ADFP_APR_Innovus_11M.10a.tlef]
Warning : Missing wire parameter. [PHYS-15]
        : 'CPERSQDIST' parameter is missing for layer 'M5' [line 864 in file /usr/cots/pdk/N16ADFP/APR/N16ADFP_APR_Innovus/N16ADFP_APR_Innovus_11M.10a.tlef]
Warning : Missing wire parameter. [PHYS-15]
        : 'CPERSQDIST' parameter is missing for layer 'M6' [line 1060 in file /usr/cots/pdk/N16ADFP/APR/N16ADFP_APR_Innovus/N16ADFP_APR_Innovus_11M.10a.tlef]
Warning : Missing wire parameter. [PHYS-15]
        : 'CPERSQDIST' parameter is missing for layer 'M7' [line 1264 in file /usr/cots/pdk/N16ADFP/APR/N16ADFP_APR_Innovus/N16ADFP_APR_Innovus_11M.10a.tlef]
Warning : Missing wire parameter. [PHYS-15]
        : 'CPERSQDIST' parameter is missing for layer 'M8' [line 1357 in file /usr/cots/pdk/N16ADFP/APR/N16ADFP_APR_Innovus/N16ADFP_APR_Innovus_11M.10a.tlef]
Warning : Maximum message print count reached. [MESG-11]
        : Maximum print count of '20' reached for message 'PHYS-15'.
Warning : The variant range of wire parameters is too large. An example of wire parameters are, a WIDTH for layer, PITCH for layer, MINSPACING for layers, etc. [PHYS-12]
        : The variant range (0.032, 1.8) of 'WIDTH' for layers 'M1' and 'AP' is too large.
        : Check the consistency of the parameters, and see if you can ignore this message or you're using different LEF file with wrong parameters.
Warning : The variant range of wire parameters is too large. An example of wire parameters are, a WIDTH for layer, PITCH for layer, MINSPACING for layers, etc. [PHYS-12]
        : The variant range (0.064, 3.6) of 'PITCH' for layers 'M2' and 'AP' is too large.
Warning : The variant range of wire parameters is too large. An example of wire parameters are, a WIDTH for layer, PITCH for layer, MINSPACING for layers, etc. [PHYS-12]
        : The variant range (0.03, 1.8) of 'MINSPACING' for layers 'M1' and 'AP' is too large.
Info    : Both 'pos_unate' and 'neg_unate' timing_sense arcs have been processed. [LBR-162]
        : Non_unate 'timing_sense' inferred between pin 'S' and 'Z' in libcell 'CKMUX2D1BWP16P90'.
        : Setting the 'timing_sense' to non_unate.
Info    : Both 'pos_unate' and 'neg_unate' timing_sense arcs have been processed. [LBR-162]
        : Non_unate 'timing_sense' inferred between pin 'S' and 'Z' in libcell 'CKMUX2D1BWP16P90LVT'.
Info    : Both 'pos_unate' and 'neg_unate' timing_sense arcs have been processed. [LBR-162]
        : Non_unate 'timing_sense' inferred between pin 'S' and 'Z' in libcell 'CKMUX2D1BWP20P90'.
Info    : Both 'pos_unate' and 'neg_unate' timing_sense arcs have been processed. [LBR-162]
        : Non_unate 'timing_sense' inferred between pin 'S' and 'Z' in libcell 'CKMUX2D1BWP20P90LVT'.
Info    : Both 'pos_unate' and 'neg_unate' timing_sense arcs have been processed. [LBR-162]
        : Non_unate 'timing_sense' inferred between pin 'S' and 'Z' in libcell 'CKMUX2D2BWP16P90'.
Info    : Both 'pos_unate' and 'neg_unate' timing_sense arcs have been processed. [LBR-162]
        : Non_unate 'timing_sense' inferred between pin 'S' and 'Z' in libcell 'CKMUX2D2BWP16P90LVT'.
Info    : Both 'pos_unate' and 'neg_unate' timing_sense arcs have been processed. [LBR-162]
        : Non_unate 'timing_sense' inferred between pin 'S' and 'Z' in libcell 'CKMUX2D2BWP20P90'.
Info    : Both 'pos_unate' and 'neg_unate' timing_sense arcs have been processed. [LBR-162]
        : Non_unate 'timing_sense' inferred between pin 'S' and 'Z' in libcell 'CKMUX2D2BWP20P90LVT'.
Info    : Both 'pos_unate' and 'neg_unate' timing_sense arcs have been processed. [LBR-162]
        : Non_unate 'timing_sense' inferred between pin 'S' and 'Z' in libcell 'CKMUX2D4BWP16P90'.
Info    : Both 'pos_unate' and 'neg_unate' timing_sense arcs have been processed. [LBR-162]
        : Non_unate 'timing_sense' inferred between pin 'S' and 'Z' in libcell 'CKMUX2D4BWP16P90LVT'.
Info    : Both 'pos_unate' and 'neg_unate' timing_sense arcs have been processed. [LBR-162]
        : Non_unate 'timing_sense' inferred between pin 'S' and 'Z' in libcell 'CKMUX2D4BWP20P90'.
Info    : Both 'pos_unate' and 'neg_unate' timing_sense arcs have been processed. [LBR-162]
        : Non_unate 'timing_sense' inferred between pin 'S' and 'Z' in libcell 'CKMUX2D4BWP20P90LVT'.
Info    : Both 'pos_unate' and 'neg_unate' timing_sense arcs have been processed. [LBR-162]
        : Non_unate 'timing_sense' inferred between pin 'S' and 'Z' in libcell 'CKMUX2D8BWP16P90'.
Info    : Both 'pos_unate' and 'neg_unate' timing_sense arcs have been processed. [LBR-162]
        : Non_unate 'timing_sense' inferred between pin 'S' and 'Z' in libcell 'CKMUX2D8BWP16P90LVT'.
Info    : Both 'pos_unate' and 'neg_unate' timing_sense arcs have been processed. [LBR-162]
        : Non_unate 'timing_sense' inferred between pin 'S' and 'Z' in libcell 'CKMUX2D8BWP20P90'.
Info    : Both 'pos_unate' and 'neg_unate' timing_sense arcs have been processed. [LBR-162]
        : Non_unate 'timing_sense' inferred between pin 'S' and 'Z' in libcell 'CKMUX2D8BWP20P90LVT'.
Info    : Both 'pos_unate' and 'neg_unate' timing_sense arcs have been processed. [LBR-162]
        : Non_unate 'timing_sense' inferred between pin 'CI' and 'S' in libcell 'FA1D1BWP16P90'.
Info    : Both 'pos_unate' and 'neg_unate' timing_sense arcs have been processed. [LBR-162]
        : Non_unate 'timing_sense' inferred between pin 'B' and 'S' in libcell 'FA1D1BWP16P90'.
Info    : Both 'pos_unate' and 'neg_unate' timing_sense arcs have been processed. [LBR-162]
        : Non_unate 'timing_sense' inferred between pin 'A' and 'S' in libcell 'FA1D1BWP16P90'.
Info    : Both 'pos_unate' and 'neg_unate' timing_sense arcs have been processed. [LBR-162]
        : Non_unate 'timing_sense' inferred between pin 'CI' and 'S' in libcell 'FA1D1BWP16P90LVT'.
Warning : Maximum message print count reached. [MESG-11]
        : Maximum print count of '20' reached for message 'LBR-162'.
Info    : Detected an unsupported timing arc type. [LBR-72]
        : Timing arc 'max_clock_tree_path' between libpins 'CLK' and 'CLK' on libcell 'TS1N16ADFPCLLLVTA128X64M4SWSHOD' is ignored. Hold timing analysis and optimization are not supported.
        : Refer to 'Supported Liberty timing_type Values' in the 'Timing Analysis Guide' for more information.
Info    : Detected an unsupported timing arc type. [LBR-72]
        : Timing arc 'min_clock_tree_path' between libpins 'CLK' and 'CLK' on libcell 'TS1N16ADFPCLLLVTA128X64M4SWSHOD' is ignored. Hold timing analysis and optimization are not supported.
Info    : Detected an unsupported timing arc type. [LBR-72]
        : Timing arc 'max_clock_tree_path' between libpins 'CLK' and 'CLK' on libcell 'TS1N16ADFPCLLLVTA16X88M2SWSHOD' is ignored. Hold timing analysis and optimization are not supported.
Info    : Detected an unsupported timing arc type. [LBR-72]
        : Timing arc 'min_clock_tree_path' between libpins 'CLK' and 'CLK' on libcell 'TS1N16ADFPCLLLVTA16X88M2SWSHOD' is ignored. Hold timing analysis and optimization are not supported.
Info    : Detected an unsupported timing arc type. [LBR-72]
        : Timing arc 'max_clock_tree_path' between libpins 'CLK' and 'CLK' on libcell 'TS1N16ADFPCLLLVTA16X96M2SWSHOD' is ignored. Hold timing analysis and optimization are not supported.
Info    : Detected an unsupported timing arc type. [LBR-72]
        : Timing arc 'min_clock_tree_path' between libpins 'CLK' and 'CLK' on libcell 'TS1N16ADFPCLLLVTA16X96M2SWSHOD' is ignored. Hold timing analysis and optimization are not supported.
Info    : Detected an unsupported timing arc type. [LBR-72]
        : Timing arc 'max_clock_tree_path' between libpins 'CLK' and 'CLK' on libcell 'TS1N16ADFPCLLLVTA512X45M4SWSHOD' is ignored. Hold timing analysis and optimization are not supported.
Info    : Detected an unsupported timing arc type. [LBR-72]
        : Timing arc 'min_clock_tree_path' between libpins 'CLK' and 'CLK' on libcell 'TS1N16ADFPCLLLVTA512X45M4SWSHOD' is ignored. Hold timing analysis and optimization are not supported.
Info    : Detected an unsupported timing arc type. [LBR-72]
        : Timing arc 'max_clock_tree_path' between libpins 'CLKW' and 'CLKW' on libcell 'TS6N16ADFPCLLLVTA128X32M4FWSHOD' is ignored. Hold timing analysis and optimization are not supported.
Info    : Detected an unsupported timing arc type. [LBR-72]
        : Timing arc 'min_clock_tree_path' between libpins 'CLKW' and 'CLKW' on libcell 'TS6N16ADFPCLLLVTA128X32M4FWSHOD' is ignored. Hold timing analysis and optimization are not supported.
Info    : Detected an unsupported timing arc type. [LBR-72]
        : Timing arc 'max_clock_tree_path' between libpins 'CLKR' and 'CLKR' on libcell 'TS6N16ADFPCLLLVTA128X32M4FWSHOD' is ignored. Hold timing analysis and optimization are not supported.
Info    : Detected an unsupported timing arc type. [LBR-72]
        : Timing arc 'min_clock_tree_path' between libpins 'CLKR' and 'CLKR' on libcell 'TS6N16ADFPCLLLVTA128X32M4FWSHOD' is ignored. Hold timing analysis and optimization are not supported.
Info    : Detected an unsupported timing arc type. [LBR-72]
        : Timing arc 'max_clock_tree_path' between libpins 'CLKW' and 'CLKW' on libcell 'TS6N16ADFPCLLLVTA128X64M4FWSHOD' is ignored. Hold timing analysis and optimization are not supported.
Info    : Detected an unsupported timing arc type. [LBR-72]
        : Timing arc 'min_clock_tree_path' between libpins 'CLKW' and 'CLKW' on libcell 'TS6N16ADFPCLLLVTA128X64M4FWSHOD' is ignored. Hold timing analysis and optimization are not supported.
Info    : Detected an unsupported timing arc type. [LBR-72]
        : Timing arc 'max_clock_tree_path' between libpins 'CLKR' and 'CLKR' on libcell 'TS6N16ADFPCLLLVTA128X64M4FWSHOD' is ignored. Hold timing analysis and optimization are not supported.
Info    : Detected an unsupported timing arc type. [LBR-72]
        : Timing arc 'min_clock_tree_path' between libpins 'CLKR' and 'CLKR' on libcell 'TS6N16ADFPCLLLVTA128X64M4FWSHOD' is ignored. Hold timing analysis and optimization are not supported.
Info    : Detected an unsupported timing arc type. [LBR-72]
        : Timing arc 'max_clock_tree_path' between libpins 'CLKW' and 'CLKW' on libcell 'TS6N16ADFPCLLLVTA16X120M2FWSHOD' is ignored. Hold timing analysis and optimization are not supported.
Info    : Detected an unsupported timing arc type. [LBR-72]
        : Timing arc 'min_clock_tree_path' between libpins 'CLKW' and 'CLKW' on libcell 'TS6N16ADFPCLLLVTA16X120M2FWSHOD' is ignored. Hold timing analysis and optimization are not supported.
Info    : Detected an unsupported timing arc type. [LBR-72]
        : Timing arc 'max_clock_tree_path' between libpins 'CLKR' and 'CLKR' on libcell 'TS6N16ADFPCLLLVTA16X120M2FWSHOD' is ignored. Hold timing analysis and optimization are not supported.
Info    : Detected an unsupported timing arc type. [LBR-72]
        : Timing arc 'min_clock_tree_path' between libpins 'CLKR' and 'CLKR' on libcell 'TS6N16ADFPCLLLVTA16X120M2FWSHOD' is ignored. Hold timing analysis and optimization are not supported.
Warning : Maximum message print count reached. [MESG-11]
        : Maximum print count of '20' reached for message 'LBR-72'.
  Libraries have 271 usable logic and 24 usable sequential lib-cells.
Warning : Message truncated because it exceeds the maximum length of 4096 characters. [MESG-6]
        : Info portion of message 'LBR-415' truncated to length 4096 from 21628
        : By default messages are limited to 4096 characters. All characters after the 4096 character limit are truncated. To remove this limit, set the message attribute 'truncate' to 'false'. However, this may dramatically increase the size of the log file.
Info    : Unusable library cells found at the time of loading a library.  [LBR-415]
        : Library: 'N16ADFP_StdCellss0p72vm40c_ccs.lib', Total cells: 1480, Unusable cells: 1178.
	List of unusable cells: 'AN2D12BWP16P90LVT AN2D12BWP20P90 AN2D12BWP20P90LVT AN2D16BWP16P90LVT AN2D16BWP20P90 AN2D16BWP20P90LVT AN2D1BWP16P90LVT AN2D1BWP20P90 AN2D1BWP20P90LVT AN2D2BWP16P90LVT AN2D2BWP20P90 AN2D2BWP20P90LVT AN2D4BWP16P90LVT AN2D4BWP20P90 AN2D4BWP20P90LVT AN2D8BWP16P90LVT AN2D8BWP20P90 AN2D8BWP20P90LVT AN3D1BWP16P90LVT AN3D1BWP20P90 AN3D1BWP20P90LVT AN3D2BWP16P90LVT AN3D2BWP20P90 AN3D2BWP20P90LVT AN3D4BWP16P90LVT AN3D4BWP20P90 AN3D4BWP20P90LVT AN3D8BWP16P90LVT AN3D8BWP20P90 AN3D8BWP20P90LVT AN4D1BWP16P90LVT AN4D1BWP20P90 AN4D1BWP20P90LVT AN4D2BWP16P90LVT AN4D2BWP20P90 AN4D2BWP20P90LVT AN4D4BWP16P90LVT AN4D4BWP20P90 AN4D4BWP20P90LVT AN4D8BWP16P90LVT AN4D8BWP20P90 AN4D8BWP20P90LVT AO21D1BWP16P90LVT AO21D1BWP20P90 AO21D1BWP20P90LVT AO21D2BWP16P90LVT AO21D2BWP20P90 AO21D2BWP20P90LVT AO21D4BWP16P90LVT AO21D4BWP20P90 AO21D4BWP20P90LVT AO22D1BWP16P90LVT AO22D1BWP20P90 AO22D1BWP20P90LVT AO22D2BWP16P90LVT AO22D2BWP20P90 AO22D2BWP20P90LVT AO22D4BWP16P90LVT AO22D4BWP20P90 AO22D4BWP20P90LVT AOAI211D1BWP16P90LVT AOAI211D1BWP20P90 AOAI211D1BWP20P90LVT AOAI211D2BWP16P90LVT AOAI211D2BWP20P90 AOAI211D2BWP20P90LVT AOAI211D4BWP16P90LVT AOAI211D4BWP20P90 AOAI211D4BWP20P90LVT AOI211D1BWP16P90LVT AOI211D1BWP20P90 AOI211D1BWP20P90LVT AOI211D2BWP16P90LVT AOI211D2BWP20P90 AOI211D2BWP20P90LVT AOI211D4BWP16P90LVT AOI211D4BWP20P90 AOI211D4BWP20P90LVT AOI211D8BWP16P90LVT AOI211D8BWP20P90 AOI211D8BWP20P90LVT AOI21D1BWP16P90LVT AOI21D1BWP20P90 AOI21D1BWP20P90LVT AOI21D2BWP16P90LVT AOI21D2BWP20P90 AOI21D2BWP20P90LVT AOI21D4BWP16P90LVT AOI21D4BWP20P90 AOI21D4BWP20P90LVT AOI21D8BWP16P90LVT AOI21D8BWP20P90 AOI21D8BWP20P90LVT AOI221D1BWP16P90LVT AOI221D1BWP20P90 AOI221D1BWP20P90LVT AOI221D2BWP16P90LVT AOI221D2BWP20P90 AOI221D2BWP20P90LVT AOI221D4BWP16P90LVT AOI221D4BWP20P90 AOI221D4BWP20P90LVT AOI222D1BWP16P90LVT AOI222D1BWP20P90 AOI222D1BWP20P90LVT AOI222D2BWP16P90LVT AOI222D2BWP20P90 AOI222D2BWP20P90LVT AOI222D4BWP16P90LVT AOI222D4BWP20P90 AOI222D4BWP20P90LVT AOI22D1BWP16P90LVT AOI22D1BWP20P90 AOI22D1BWP20P90LVT AOI22D2BWP16P90LVT AOI22D2BWP20P90 AOI22D2BWP20P90LVT AOI22D4BWP16P90LVT AOI22D4BWP20P90 AOI22D4BWP20P90LVT AOI22D8BWP16P90LVT AOI22D8BWP20P90 AOI22D8BWP20P90LVT AOI31D1BWP16P90LVT AOI31D1BWP20P90 AOI31D1BWP20P90LVT AOI31D2BWP16P90LVT AOI31D2BWP20P90 AOI31D2BWP20P90LVT AOI31D4BWP16P90LVT AOI31D4BWP20P90 AOI31D4BWP20P90LVT AOI32D1BWP16P90LVT AOI32D1BWP20P90 AOI32D1BWP20P90LVT AOI32D2BWP16P90LVT AOI32D2BWP20P90 AOI32D2BWP20P90LVT AOI32D4BWP16P90LVT AOI32D4BWP20P90 AOI32D4BWP20P90LVT AOI33D1BWP16P90LVT AOI33D1BWP20P90 AOI33D1BWP20P90LVT AOI33D2BWP16P90LVT AOI33D2BWP20P90 AOI33D2BWP20P90LVT AOI33D4BWP16P90LVT AOI33D4BWP20P90 AOI33D4BWP20P90LVT BOUNDARY_LEFTBWP16P90 BOUNDARY_LEFTBWP16P90LVT BOUNDARY_LEFTBWP20P90 BOUNDARY_LEFTBWP20P90LVT BOUNDARY_NCORNERBWP16P90 BOUNDARY_NCORNERBWP16P90LVT BOUNDARY_NCORNERBWP20P90 BOUNDARY_NCORNERBWP20P90LVT BOUNDARY_NROW1BWP16P90 BOUNDARY_NROW1BWP16P90LVT BOUNDARY_NROW1BWP20P90 BOUNDARY_NROW1BWP20P90LVT BOUNDARY_NROW2BWP16P90 BOUNDARY_NROW2BWP16P90LVT BOUNDARY_NROW2BWP20P90 BOUNDARY_NROW2BWP20P90LVT BOUNDARY_NROW3BWP16P90 BOUNDARY_NROW3BWP16P90LVT BOUNDARY_NROW3BWP20P90 BOUNDARY_NROW3BWP20P90LVT BOUNDARY_NROW4BWP16P90 BOUNDARY_NROW4BWP16P90LVT BOUNDARY_NROW4BWP20P90 BOUNDARY_NROW4BWP20P90LVT BOUNDARY_NTAPBWP16P90 BOUNDARY_NTAPBWP16P90LVT BOUNDARY_NTAPBWP16P90LVT_VPP_VBB BOUNDARY_NTAPBWP16P90LVT_VPP_VSS BOUNDARY_NTAPBWP16P90_VPP_VBB BOUNDARY_NTAPBWP16P90_VPP_VSS BOUNDARY_NTAPBWP20P90 BOUNDARY_NTAPBWP20P90LVT BOUNDARY_NTAPBWP20P90LVT_VPP_VBB BOUNDARY_NTAPBWP20P90LVT_VPP_VSS BOUNDARY_NTAPBWP20P90_VPP_VBB BOUNDARY_NTAPBWP20P90_VPP_VSS BOUNDARY_PCORNERBWP16P90 BOUNDARY_PCORNERBWP16P90LVT BOUNDARY_PCORNERBWP20P90 BOUNDARY_PCORNERBWP20P90LVT BOUNDARY_PROW1BWP16P90 BOUNDARY_PROW1BWP16P90LVT BOUNDARY_PROW1BWP20P90 BOUNDARY_PROW1BWP20P90LVT BOUNDARY_PROW2BWP16P90 BOUNDARY_PROW2BWP16P90LVT BOUNDARY_PROW2BWP20P90 BOUNDARY_PROW2BWP20P90LVT BOUNDARY_PROW3BWP16P90 BOUNDARY_PROW3BWP16P90LVT BOUNDARY_PROW3BWP20P90 BOUNDARY_PROW3BWP
        : For  more  information, refer to 'Cells Identified as Unusable' in the 'User Guide'. To know the reason why a cell is considered as unusable, check 'unusable_reason' libcell attribute.
Info    : Unusable library cells found at the time of loading a library.  [LBR-415]
        : Library: 'N16ADFP_SRAM_ss0p72v0p72vm40c_100a.lib', Total cells: 10, Unusable cells: 10.
	List of unusable cells: 'TS1N16ADFPCLLLVTA128X64M4SWSHOD TS1N16ADFPCLLLVTA16X88M2SWSHOD TS1N16ADFPCLLLVTA16X96M2SWSHOD TS1N16ADFPCLLLVTA512X45M4SWSHOD TS6N16ADFPCLLLVTA128X32M4FWSHOD TS6N16ADFPCLLLVTA128X64M4FWSHOD TS6N16ADFPCLLLVTA16X120M2FWSHOD TS6N16ADFPCLLLVTA16X32M2FWSHOD TS6N16ADFPCLLLVTA16X72M2FWSHOD TS6N16ADFPCLLLVTA32X32M2FWSHOD .'
@file(init_genus.tcl) 8: read_hdl -f ../scripts/rtl_src/macro.vc -language sv
            Reading Verilog file '../rtl/accumulator.sv'
            Reading Verilog file '../rtl/freq_divider.sv'
            Reading Verilog file '../rtl/PFD.sv'
            Reading Verilog file '../rtl/RTL.svh'
            Reading Verilog file '../rtl/top.sv'
            Reading Verilog file '../rtl/ro_netlist_stub.sv'
@file(init_genus.tcl) 10: elaborate ${rm_core_top}
Warning : Message truncated because it exceeds the maximum length of 4096 characters. [MESG-6]
        : Info portion of message 'LBR-415' truncated to length 4096 from 21628
Info    : Unusable library cells found at the time of loading a library.  [LBR-415]
        : Library: 'N16ADFP_StdCellss0p72vm40c_ccs.lib', Total cells: 1480, Unusable cells: 1178.
	List of unusable cells: 'AN2D12BWP16P90LVT AN2D12BWP20P90 AN2D12BWP20P90LVT AN2D16BWP16P90LVT AN2D16BWP20P90 AN2D16BWP20P90LVT AN2D1BWP16P90LVT AN2D1BWP20P90 AN2D1BWP20P90LVT AN2D2BWP16P90LVT AN2D2BWP20P90 AN2D2BWP20P90LVT AN2D4BWP16P90LVT AN2D4BWP20P90 AN2D4BWP20P90LVT AN2D8BWP16P90LVT AN2D8BWP20P90 AN2D8BWP20P90LVT AN3D1BWP16P90LVT AN3D1BWP20P90 AN3D1BWP20P90LVT AN3D2BWP16P90LVT AN3D2BWP20P90 AN3D2BWP20P90LVT AN3D4BWP16P90LVT AN3D4BWP20P90 AN3D4BWP20P90LVT AN3D8BWP16P90LVT AN3D8BWP20P90 AN3D8BWP20P90LVT AN4D1BWP16P90LVT AN4D1BWP20P90 AN4D1BWP20P90LVT AN4D2BWP16P90LVT AN4D2BWP20P90 AN4D2BWP20P90LVT AN4D4BWP16P90LVT AN4D4BWP20P90 AN4D4BWP20P90LVT AN4D8BWP16P90LVT AN4D8BWP20P90 AN4D8BWP20P90LVT AO21D1BWP16P90LVT AO21D1BWP20P90 AO21D1BWP20P90LVT AO21D2BWP16P90LVT AO21D2BWP20P90 AO21D2BWP20P90LVT AO21D4BWP16P90LVT AO21D4BWP20P90 AO21D4BWP20P90LVT AO22D1BWP16P90LVT AO22D1BWP20P90 AO22D1BWP20P90LVT AO22D2BWP16P90LVT AO22D2BWP20P90 AO22D2BWP20P90LVT AO22D4BWP16P90LVT AO22D4BWP20P90 AO22D4BWP20P90LVT AOAI211D1BWP16P90LVT AOAI211D1BWP20P90 AOAI211D1BWP20P90LVT AOAI211D2BWP16P90LVT AOAI211D2BWP20P90 AOAI211D2BWP20P90LVT AOAI211D4BWP16P90LVT AOAI211D4BWP20P90 AOAI211D4BWP20P90LVT AOI211D1BWP16P90LVT AOI211D1BWP20P90 AOI211D1BWP20P90LVT AOI211D2BWP16P90LVT AOI211D2BWP20P90 AOI211D2BWP20P90LVT AOI211D4BWP16P90LVT AOI211D4BWP20P90 AOI211D4BWP20P90LVT AOI211D8BWP16P90LVT AOI211D8BWP20P90 AOI211D8BWP20P90LVT AOI21D1BWP16P90LVT AOI21D1BWP20P90 AOI21D1BWP20P90LVT AOI21D2BWP16P90LVT AOI21D2BWP20P90 AOI21D2BWP20P90LVT AOI21D4BWP16P90LVT AOI21D4BWP20P90 AOI21D4BWP20P90LVT AOI21D8BWP16P90LVT AOI21D8BWP20P90 AOI21D8BWP20P90LVT AOI221D1BWP16P90LVT AOI221D1BWP20P90 AOI221D1BWP20P90LVT AOI221D2BWP16P90LVT AOI221D2BWP20P90 AOI221D2BWP20P90LVT AOI221D4BWP16P90LVT AOI221D4BWP20P90 AOI221D4BWP20P90LVT AOI222D1BWP16P90LVT AOI222D1BWP20P90 AOI222D1BWP20P90LVT AOI222D2BWP16P90LVT AOI222D2BWP20P90 AOI222D2BWP20P90LVT AOI222D4BWP16P90LVT AOI222D4BWP20P90 AOI222D4BWP20P90LVT AOI22D1BWP16P90LVT AOI22D1BWP20P90 AOI22D1BWP20P90LVT AOI22D2BWP16P90LVT AOI22D2BWP20P90 AOI22D2BWP20P90LVT AOI22D4BWP16P90LVT AOI22D4BWP20P90 AOI22D4BWP20P90LVT AOI22D8BWP16P90LVT AOI22D8BWP20P90 AOI22D8BWP20P90LVT AOI31D1BWP16P90LVT AOI31D1BWP20P90 AOI31D1BWP20P90LVT AOI31D2BWP16P90LVT AOI31D2BWP20P90 AOI31D2BWP20P90LVT AOI31D4BWP16P90LVT AOI31D4BWP20P90 AOI31D4BWP20P90LVT AOI32D1BWP16P90LVT AOI32D1BWP20P90 AOI32D1BWP20P90LVT AOI32D2BWP16P90LVT AOI32D2BWP20P90 AOI32D2BWP20P90LVT AOI32D4BWP16P90LVT AOI32D4BWP20P90 AOI32D4BWP20P90LVT AOI33D1BWP16P90LVT AOI33D1BWP20P90 AOI33D1BWP20P90LVT AOI33D2BWP16P90LVT AOI33D2BWP20P90 AOI33D2BWP20P90LVT AOI33D4BWP16P90LVT AOI33D4BWP20P90 AOI33D4BWP20P90LVT BOUNDARY_LEFTBWP16P90 BOUNDARY_LEFTBWP16P90LVT BOUNDARY_LEFTBWP20P90 BOUNDARY_LEFTBWP20P90LVT BOUNDARY_NCORNERBWP16P90 BOUNDARY_NCORNERBWP16P90LVT BOUNDARY_NCORNERBWP20P90 BOUNDARY_NCORNERBWP20P90LVT BOUNDARY_NROW1BWP16P90 BOUNDARY_NROW1BWP16P90LVT BOUNDARY_NROW1BWP20P90 BOUNDARY_NROW1BWP20P90LVT BOUNDARY_NROW2BWP16P90 BOUNDARY_NROW2BWP16P90LVT BOUNDARY_NROW2BWP20P90 BOUNDARY_NROW2BWP20P90LVT BOUNDARY_NROW3BWP16P90 BOUNDARY_NROW3BWP16P90LVT BOUNDARY_NROW3BWP20P90 BOUNDARY_NROW3BWP20P90LVT BOUNDARY_NROW4BWP16P90 BOUNDARY_NROW4BWP16P90LVT BOUNDARY_NROW4BWP20P90 BOUNDARY_NROW4BWP20P90LVT BOUNDARY_NTAPBWP16P90 BOUNDARY_NTAPBWP16P90LVT BOUNDARY_NTAPBWP16P90LVT_VPP_VBB BOUNDARY_NTAPBWP16P90LVT_VPP_VSS BOUNDARY_NTAPBWP16P90_VPP_VBB BOUNDARY_NTAPBWP16P90_VPP_VSS BOUNDARY_NTAPBWP20P90 BOUNDARY_NTAPBWP20P90LVT BOUNDARY_NTAPBWP20P90LVT_VPP_VBB BOUNDARY_NTAPBWP20P90LVT_VPP_VSS BOUNDARY_NTAPBWP20P90_VPP_VBB BOUNDARY_NTAPBWP20P90_VPP_VSS BOUNDARY_PCORNERBWP16P90 BOUNDARY_PCORNERBWP16P90LVT BOUNDARY_PCORNERBWP20P90 BOUNDARY_PCORNERBWP20P90LVT BOUNDARY_PROW1BWP16P90 BOUNDARY_PROW1BWP16P90LVT BOUNDARY_PROW1BWP20P90 BOUNDARY_PROW1BWP20P90LVT BOUNDARY_PROW2BWP16P90 BOUNDARY_PROW2BWP16P90LVT BOUNDARY_PROW2BWP20P90 BOUNDARY_PROW2BWP20P90LVT BOUNDARY_PROW3BWP16P90 BOUNDARY_PROW3BWP16P90LVT BOUNDARY_PROW3BWP20P90 BOUNDARY_PROW3BWP
Info    : Unusable library cells found at the time of loading a library.  [LBR-415]
        : Library: 'N16ADFP_SRAM_ss0p72v0p72vm40c_100a.lib', Total cells: 10, Unusable cells: 10.
	List of unusable cells: 'TS1N16ADFPCLLLVTA128X64M4SWSHOD TS1N16ADFPCLLLVTA16X88M2SWSHOD TS1N16ADFPCLLLVTA16X96M2SWSHOD TS1N16ADFPCLLLVTA512X45M4SWSHOD TS6N16ADFPCLLLVTA128X32M4FWSHOD TS6N16ADFPCLLLVTA128X64M4FWSHOD TS6N16ADFPCLLLVTA16X120M2FWSHOD TS6N16ADFPCLLLVTA16X32M2FWSHOD TS6N16ADFPCLLLVTA16X72M2FWSHOD TS6N16ADFPCLLLVTA32X32M2FWSHOD .'
                  INLINE_INFO: Skipping marking small hierarchies inline as the variable 'hdl_dissolve_primitive_instance_hierarchy_threshold' has not been set to a positive value.
Info    : Elaborating Design. [ELAB-1]
        : Elaborating top-level block 'top' from file '../rtl/top.sv'.
Info    : Elaborating Subdesign. [ELAB-2]
        : Elaborating block 'PFD' from file '../rtl/PFD.sv'.
Info    : Elaborating Subdesign. [ELAB-2]
        : Elaborating block 'accumulator' from file '../rtl/accumulator.sv'.
Info    : Bitwidth mismatch in assignment. [CDFG-372]
<<<<<<< HEAD
        : Width of left hand side 'sum' [7] doesn't match the width of right hand side [32] in assignment in file '../rtl/accumulator.sv' on line 28.
        : Review and make sure the mismatch is unintentional. Genus can possibly issue bitwidth mismatch warning for explicit assignments present in RTL as-well-as for implicit assignments inferred by the tool. For example, in case of enum declaration without value, the tool will implicitly assign value to the enum variables. It also issues the warning for any bitwidth mismatch that appears in this implicit assignment.
Info    : Bitwidth mismatch in assignment. [CDFG-372]
        : Width of left hand side 'sum' [7] doesn't match the width of right hand side [32] in assignment in file '../rtl/accumulator.sv' on line 31.
=======
        : Width of left hand side 'sum' [6] doesn't match the width of right hand side [32] in assignment in file '../rtl/accumulator.sv' on line 28.
        : Review and make sure the mismatch is unintentional. Genus can possibly issue bitwidth mismatch warning for explicit assignments present in RTL as-well-as for implicit assignments inferred by the tool. For example, in case of enum declaration without value, the tool will implicitly assign value to the enum variables. It also issues the warning for any bitwidth mismatch that appears in this implicit assignment.
Info    : Bitwidth mismatch in assignment. [CDFG-372]
        : Width of left hand side 'sum' [6] doesn't match the width of right hand side [32] in assignment in file '../rtl/accumulator.sv' on line 31.
>>>>>>> 90b4e5451bdad0339ba628baf341bdcf0a318382
Info    : An implementation was inferred. [CWD-19]
        : The implementation 'hdl_implementation:GB/gt_unsigned/very_fast' was inferred through the binding 'b1' for the call to synthetic operator 'GT_UNS_OP' (pin widths: A=2 B=1 Z=1) at line 37 in the file '../rtl/accumulator.sv'.
Info    : Sorted the set of valid implementations for synthetic operator. [CWD-36]
        : The implementations for the call to synthetic operator 'GT_UNS_OP' (pin widths: A=2 B=1 Z=1) at line 37 in the file '../rtl/accumulator.sv' will be considered in the following order: {'hdl_implementation:GB/gt_unsigned/very_fast' (priority 1), 'hdl_implementation:GB/gt_unsigned/medium' (priority 1), 'hdl_implementation:GB/gt_unsigned/slow' (priority 1)}
Info    : A datapath component has been ungrouped. [GB-6]
        : The instance 'g1' of datapath component 'sub_unsigned'.
Info    : An implementation was inferred. [CWD-19]
        : The implementation 'hdl_implementation:GB/gt_unsigned/very_fast' was inferred through the binding 'b1' for the call to synthetic operator 'GT_UNS_OP' (pin widths: A=2 B=1 Z=1) at line 44 in the file '../rtl/accumulator.sv'.
Info    : Sorted the set of valid implementations for synthetic operator. [CWD-36]
        : The implementations for the call to synthetic operator 'GT_UNS_OP' (pin widths: A=2 B=1 Z=1) at line 44 in the file '../rtl/accumulator.sv' will be considered in the following order: {'hdl_implementation:GB/gt_unsigned/very_fast' (priority 1), 'hdl_implementation:GB/gt_unsigned/medium' (priority 1), 'hdl_implementation:GB/gt_unsigned/slow' (priority 1)}
Info    : A datapath component has been ungrouped. [GB-6]
        : The instance 'g1' of datapath component 'sub_unsigned'.
Info    : An implementation was inferred. [CWD-19]
        : The implementation 'hdl_implementation:GB/gt_unsigned/very_fast' was inferred through the binding 'b1' for the call to synthetic operator 'GT_UNS_OP' (pin widths: A=2 B=2 Z=1) at line 51 in the file '../rtl/accumulator.sv'.
Info    : Sorted the set of valid implementations for synthetic operator. [CWD-36]
        : The implementations for the call to synthetic operator 'GT_UNS_OP' (pin widths: A=2 B=2 Z=1) at line 51 in the file '../rtl/accumulator.sv' will be considered in the following order: {'hdl_implementation:GB/gt_unsigned/very_fast' (priority 1), 'hdl_implementation:GB/gt_unsigned/medium' (priority 1), 'hdl_implementation:GB/gt_unsigned/slow' (priority 1)}
Info    : A datapath component has been ungrouped. [GB-6]
        : The instance 'g1' of datapath component 'sub_unsigned'.
Info    : An implementation was inferred. [CWD-19]
        : The implementation 'hdl_implementation:GB/nequal_unsigned/very_fast' was inferred through the binding 'b1' for the call to synthetic operator 'NE_UNS_OP' (pin widths: A=6 B=1 Z=1) at line 26 in the file '../rtl/accumulator.sv'.
Info    : Sorted the set of valid implementations for synthetic operator. [CWD-36]
        : The implementations for the call to synthetic operator 'NE_UNS_OP' (pin widths: A=6 B=1 Z=1) at line 26 in the file '../rtl/accumulator.sv' will be considered in the following order: {'hdl_implementation:GB/nequal_unsigned/very_fast' (priority 1)}
Info    : An implementation was inferred. [CWD-19]
        : The implementation 'hdl_implementation:GB/sub_unsigned/very_fast' was inferred through the binding 'b1' for the call to synthetic operator 'SUB_UNS_OP' (pin widths: A=6 B=1 Z=6) at line 28 in the file '../rtl/accumulator.sv'.
Info    : Sorted the set of valid implementations for synthetic operator. [CWD-36]
        : The implementations for the call to synthetic operator 'SUB_UNS_OP' (pin widths: A=6 B=1 Z=6) at line 28 in the file '../rtl/accumulator.sv' will be considered in the following order: {'hdl_implementation:GB/sub_unsigned/very_fast' (priority 1), 'hdl_implementation:GB/sub_unsigned/medium' (priority 1), 'hdl_implementation:GB/sub_unsigned/slow' (priority 1)}
Info    : An implementation was inferred. [CWD-19]
<<<<<<< HEAD
        : The implementation 'hdl_implementation:GB/nequal_unsigned/very_fast' was inferred through the binding 'b1' for the call to synthetic operator 'NE_UNS_OP' (pin widths: A=7 B=7 Z=1) at line 29 in the file '../rtl/accumulator.sv'.
Info    : Sorted the set of valid implementations for synthetic operator. [CWD-36]
        : The implementations for the call to synthetic operator 'NE_UNS_OP' (pin widths: A=7 B=7 Z=1) at line 29 in the file '../rtl/accumulator.sv' will be considered in the following order: {'hdl_implementation:GB/nequal_unsigned/very_fast' (priority 1)}
Info    : An implementation was inferred. [CWD-19]
        : The implementation 'hdl_implementation:GB/add_unsigned/very_fast' was inferred through the binding 'b1' for the call to synthetic operator 'ADD_UNS_OP' (pin widths: A=7 B=1 Z=7) at line 31 in the file '../rtl/accumulator.sv'.
=======
        : The implementation 'hdl_implementation:GB/nequal_unsigned/very_fast' was inferred through the binding 'b1' for the call to synthetic operator 'NE_UNS_OP' (pin widths: A=6 B=6 Z=1) at line 29 in the file '../rtl/accumulator.sv'.
>>>>>>> 90b4e5451bdad0339ba628baf341bdcf0a318382
Info    : Sorted the set of valid implementations for synthetic operator. [CWD-36]
        : The implementations for the call to synthetic operator 'NE_UNS_OP' (pin widths: A=6 B=6 Z=1) at line 29 in the file '../rtl/accumulator.sv' will be considered in the following order: {'hdl_implementation:GB/nequal_unsigned/very_fast' (priority 1)}
Info    : An implementation was inferred. [CWD-19]
        : The implementation 'hdl_implementation:GB/add_unsigned/very_fast' was inferred through the binding 'b1' for the call to synthetic operator 'ADD_UNS_OP' (pin widths: A=6 B=1 Z=6) at line 31 in the file '../rtl/accumulator.sv'.
Info    : Sorted the set of valid implementations for synthetic operator. [CWD-36]
        : The implementations for the call to synthetic operator 'ADD_UNS_OP' (pin widths: A=6 B=1 Z=6) at line 31 in the file '../rtl/accumulator.sv' will be considered in the following order: {'hdl_implementation:GB/add_unsigned/very_fast' (priority 1), 'hdl_implementation:GB/add_unsigned/medium' (priority 1), 'hdl_implementation:GB/add_unsigned/slow' (priority 1)}
Info    : Elaborating Subdesign. [ELAB-2]
        : Elaborating block 'ro_netlist' from file '../rtl/ro_netlist_stub.sv'.
Warning : Detected a logic abstract. [CDFG-331]
        : Logic abstract 'ro_netlist' in file '../rtl/ro_netlist_stub.sv' on line 3.
        : A logic abstract is an unresolved reference with defined port names and directions. It is inferred from an empty Verilog or VHDL design, or when the 'black_box' pragma or 'blackbox' hdl_arch attribute is specified. Use 'set_db init_blackbox_for_undefined false' (in CUI mode) or 'set_attribute init_blackbox_for_undefined false /' (in legacy mode) to treat an empty module as a defined module.
Info    : Unused module input port. [CDFG-500]
        : Input port 'EN' is not used in module 'ro_netlist' in file '../rtl/ro_netlist_stub.sv' on line 4.
        : (In port definition within the module, the input port is not used in any assignment statements or conditional expressions for decision statements.
Info    : Unused module input port. [CDFG-500]
        : Input port 'CTRL' is not used in module 'ro_netlist' in file '../rtl/ro_netlist_stub.sv' on line 5.
Info    : Unused module input port. [CDFG-500]
        : Input port 'NAND_CTRL1' is not used in module 'ro_netlist' in file '../rtl/ro_netlist_stub.sv' on line 6.
Info    : Unused module input port. [CDFG-500]
        : Input port 'NAND_CTRL2' is not used in module 'ro_netlist' in file '../rtl/ro_netlist_stub.sv' on line 7.
Info    : Unused module input port. [CDFG-500]
        : Input port 'NAND_CTRL3' is not used in module 'ro_netlist' in file '../rtl/ro_netlist_stub.sv' on line 8.
Info    : Elaborating Subdesign. [ELAB-2]
        : Elaborating block 'freq_divider' from file '../rtl/freq_divider.sv'.
Info    : Bitwidth mismatch in assignment. [CDFG-372]
        : Width of left hand side 'half_freq' [1] doesn't match the width of right hand side [32] in assignment in file '../rtl/freq_divider.sv' on line 22.
Info    : Bitwidth mismatch in assignment. [CDFG-372]
        : Width of left hand side 'quarter_freq' [1] doesn't match the width of right hand side [32] in assignment in file '../rtl/freq_divider.sv' on line 30.
Info    : Bitwidth mismatch in assignment. [CDFG-372]
        : Width of left hand side 'eighth_freq' [1] doesn't match the width of right hand side [32] in assignment in file '../rtl/freq_divider.sv' on line 37.
Info    : Done Elaborating Design. [ELAB-3]
        : Done elaborating 'top'.
Checking for analog nets...
Check completed for analog nets.
Checking for source RTL...
Check completed for source RTL.
Running Unified Mux Engine Tricks...
Completed Unified Mux Engine Tricks

Stage: post_elab
--------------------------------------------------------
| Trick             | Accepts | Rejects | Runtime (ms) | 
--------------------------------------------------------
| ume_constant_bmux |       0 |       0 |         0.00 | 
--------------------------------------------------------
Starting clip mux common data inputs [v1.0] (stage: post_elab, startdef: top, recur: true)
Completed clip mux common data inputs (accepts: 0, rejects: 0, runtime: 0.000s)
Starting clip the non-user hierarchies [v2.0] (stage: post_elab, startdef: top, recur: true)
Completed clip the non-user hierarchies (accepts: 0, rejects: 0, runtime: 0.000s)

Stage: post_elab
---------------------------------------------------------
| Transform          | Accepts | Rejects | Runtime (ms) | 
---------------------------------------------------------
| hlo_clip_mux_input |       0 |       0 |         0.00 | 
| hlo_clip           |       0 |       0 |         0.00 | 
---------------------------------------------------------
        Computing net loads.
UM:   flow.cputime  flow.realtime  timing.setup.tns  timing.setup.wns  snapshot
UM:*                                                                   elaborate
@file(init_genus.tcl) 12: init_design
Started checking and loading power intent for design top...
===========================================================
No power intent for design 'top'.
Completed checking and loading power intent for design top (runtime:0.00s memory_usage:0.00M peak_memory:0.00M).
================================================================================================================
#
# Reading SDC ../scripts/constraints.tcl for view:normWC (constraint_mode:ss0p72vm40c_mode)
#
Info    : An external clock is being defined. [TIM-167]
        : The clock is named 'VCLK'.
        : An external clock does not directly drive any points within the design, but is only used as a reference for external delays.
Warning : Unsupported SDC command option. [SDC-201] [set_input_delay]
        : The set_input_delay command is not supported on ports which have a clock already defined 'port:top/CLK'.
        : The current version does not support this SDC command option.  However, future versions may be enhanced to support this option.
Statistics for commands executed by read_sdc:
 "all_inputs"               - successful      1 , failed      0 (runtime  0.00)
 "all_outputs"              - successful      1 , failed      0 (runtime  0.00)
 "create_clock"             - successful      2 , failed      0 (runtime  0.00)
 "get_clocks"               - successful      4 , failed      0 (runtime  0.00)
 "get_ports"                - successful      2 , failed      0 (runtime  0.00)
 "remove_from_collection"   - successful      1 , failed      0 (runtime  0.00)
 "set_clock_transition"     - successful      4 , failed      0 (runtime  0.00)
 "set_clock_uncertainty"    - successful      1 , failed      0 (runtime  0.00)
 "set_input_delay"          - successful      2 , failed      0 (runtime  0.01)
 "set_output_delay"         - successful      2 , failed      0 (runtime  0.00)
read_sdc completed in 00:00:00 (hh:mm:ss)
#
# Reading SDC ../scripts/constraints.tcl for inactive constraint_mode tt0p8v25c_mode
#
Info    : An external clock is being defined. [TIM-167]
        : The clock is named 'VCLK'.
Warning : Unsupported SDC command option. [SDC-201] [set_input_delay]
        : The set_input_delay command is not supported on ports which have a clock already defined 'port:top/CLK'.
Statistics for commands executed by read_sdc:
 "all_inputs"               - successful      1 , failed      0 (runtime  0.00)
 "all_outputs"              - successful      1 , failed      0 (runtime  0.00)
 "create_clock"             - successful      2 , failed      0 (runtime  0.00)
 "get_clocks"               - successful      4 , failed      0 (runtime  0.00)
 "get_ports"                - successful      2 , failed      0 (runtime  0.00)
 "remove_from_collection"   - successful      1 , failed      0 (runtime  0.00)
 "set_clock_transition"     - successful      4 , failed      0 (runtime  0.00)
 "set_clock_uncertainty"    - successful      1 , failed      0 (runtime  0.00)
 "set_input_delay"          - successful      2 , failed      0 (runtime  0.00)
 "set_output_delay"         - successful      2 , failed      0 (runtime  0.00)
read_sdc completed in 00:00:00 (hh:mm:ss)
#
# Reading SDC ../scripts/constraints.tcl for inactive constraint_mode ff0p88v125c_mode
#
Info    : An external clock is being defined. [TIM-167]
        : The clock is named 'VCLK'.
Warning : Unsupported SDC command option. [SDC-201] [set_input_delay]
        : The set_input_delay command is not supported on ports which have a clock already defined 'port:top/CLK'.
Statistics for commands executed by read_sdc:
 "all_inputs"               - successful      1 , failed      0 (runtime  0.00)
 "all_outputs"              - successful      1 , failed      0 (runtime  0.00)
 "create_clock"             - successful      2 , failed      0 (runtime  0.00)
 "get_clocks"               - successful      4 , failed      0 (runtime  0.00)
 "get_ports"                - successful      2 , failed      0 (runtime  0.00)
 "remove_from_collection"   - successful      1 , failed      0 (runtime  0.00)
 "set_clock_transition"     - successful      4 , failed      0 (runtime  0.00)
 "set_clock_uncertainty"    - successful      1 , failed      0 (runtime  0.00)
 "set_input_delay"          - successful      2 , failed      0 (runtime  0.00)
 "set_output_delay"         - successful      2 , failed      0 (runtime  0.00)
read_sdc completed in 00:00:00 (hh:mm:ss)
  Setting attribute of root '/': 'read_qrc_tech_file_rc_corner' = true
#@ End verbose source ../scripts/init_genus.tcl
@file(compile.tcl) 49: syn_generic
      Running additional step before syn_gen...


Stage: pre_early_cg
------------------------------------------------
| Transform | Accepts | Rejects | Runtime (ms) | 
------------------------------------------------
------------------------------------------------
Warning : Message truncated because it exceeds the maximum length of 4096 characters. [MESG-6]
        : Info portion of message 'LBR-415' truncated to length 4096 from 21628
Info    : Unusable library cells found at the time of loading a library.  [LBR-415]
        : Library: 'N16ADFP_StdCellss0p72vm40c_ccs.lib', Total cells: 1480, Unusable cells: 1178.
	List of unusable cells: 'AN2D12BWP16P90LVT AN2D12BWP20P90 AN2D12BWP20P90LVT AN2D16BWP16P90LVT AN2D16BWP20P90 AN2D16BWP20P90LVT AN2D1BWP16P90LVT AN2D1BWP20P90 AN2D1BWP20P90LVT AN2D2BWP16P90LVT AN2D2BWP20P90 AN2D2BWP20P90LVT AN2D4BWP16P90LVT AN2D4BWP20P90 AN2D4BWP20P90LVT AN2D8BWP16P90LVT AN2D8BWP20P90 AN2D8BWP20P90LVT AN3D1BWP16P90LVT AN3D1BWP20P90 AN3D1BWP20P90LVT AN3D2BWP16P90LVT AN3D2BWP20P90 AN3D2BWP20P90LVT AN3D4BWP16P90LVT AN3D4BWP20P90 AN3D4BWP20P90LVT AN3D8BWP16P90LVT AN3D8BWP20P90 AN3D8BWP20P90LVT AN4D1BWP16P90LVT AN4D1BWP20P90 AN4D1BWP20P90LVT AN4D2BWP16P90LVT AN4D2BWP20P90 AN4D2BWP20P90LVT AN4D4BWP16P90LVT AN4D4BWP20P90 AN4D4BWP20P90LVT AN4D8BWP16P90LVT AN4D8BWP20P90 AN4D8BWP20P90LVT AO21D1BWP16P90LVT AO21D1BWP20P90 AO21D1BWP20P90LVT AO21D2BWP16P90LVT AO21D2BWP20P90 AO21D2BWP20P90LVT AO21D4BWP16P90LVT AO21D4BWP20P90 AO21D4BWP20P90LVT AO22D1BWP16P90LVT AO22D1BWP20P90 AO22D1BWP20P90LVT AO22D2BWP16P90LVT AO22D2BWP20P90 AO22D2BWP20P90LVT AO22D4BWP16P90LVT AO22D4BWP20P90 AO22D4BWP20P90LVT AOAI211D1BWP16P90LVT AOAI211D1BWP20P90 AOAI211D1BWP20P90LVT AOAI211D2BWP16P90LVT AOAI211D2BWP20P90 AOAI211D2BWP20P90LVT AOAI211D4BWP16P90LVT AOAI211D4BWP20P90 AOAI211D4BWP20P90LVT AOI211D1BWP16P90LVT AOI211D1BWP20P90 AOI211D1BWP20P90LVT AOI211D2BWP16P90LVT AOI211D2BWP20P90 AOI211D2BWP20P90LVT AOI211D4BWP16P90LVT AOI211D4BWP20P90 AOI211D4BWP20P90LVT AOI211D8BWP16P90LVT AOI211D8BWP20P90 AOI211D8BWP20P90LVT AOI21D1BWP16P90LVT AOI21D1BWP20P90 AOI21D1BWP20P90LVT AOI21D2BWP16P90LVT AOI21D2BWP20P90 AOI21D2BWP20P90LVT AOI21D4BWP16P90LVT AOI21D4BWP20P90 AOI21D4BWP20P90LVT AOI21D8BWP16P90LVT AOI21D8BWP20P90 AOI21D8BWP20P90LVT AOI221D1BWP16P90LVT AOI221D1BWP20P90 AOI221D1BWP20P90LVT AOI221D2BWP16P90LVT AOI221D2BWP20P90 AOI221D2BWP20P90LVT AOI221D4BWP16P90LVT AOI221D4BWP20P90 AOI221D4BWP20P90LVT AOI222D1BWP16P90LVT AOI222D1BWP20P90 AOI222D1BWP20P90LVT AOI222D2BWP16P90LVT AOI222D2BWP20P90 AOI222D2BWP20P90LVT AOI222D4BWP16P90LVT AOI222D4BWP20P90 AOI222D4BWP20P90LVT AOI22D1BWP16P90LVT AOI22D1BWP20P90 AOI22D1BWP20P90LVT AOI22D2BWP16P90LVT AOI22D2BWP20P90 AOI22D2BWP20P90LVT AOI22D4BWP16P90LVT AOI22D4BWP20P90 AOI22D4BWP20P90LVT AOI22D8BWP16P90LVT AOI22D8BWP20P90 AOI22D8BWP20P90LVT AOI31D1BWP16P90LVT AOI31D1BWP20P90 AOI31D1BWP20P90LVT AOI31D2BWP16P90LVT AOI31D2BWP20P90 AOI31D2BWP20P90LVT AOI31D4BWP16P90LVT AOI31D4BWP20P90 AOI31D4BWP20P90LVT AOI32D1BWP16P90LVT AOI32D1BWP20P90 AOI32D1BWP20P90LVT AOI32D2BWP16P90LVT AOI32D2BWP20P90 AOI32D2BWP20P90LVT AOI32D4BWP16P90LVT AOI32D4BWP20P90 AOI32D4BWP20P90LVT AOI33D1BWP16P90LVT AOI33D1BWP20P90 AOI33D1BWP20P90LVT AOI33D2BWP16P90LVT AOI33D2BWP20P90 AOI33D2BWP20P90LVT AOI33D4BWP16P90LVT AOI33D4BWP20P90 AOI33D4BWP20P90LVT BOUNDARY_LEFTBWP16P90 BOUNDARY_LEFTBWP16P90LVT BOUNDARY_LEFTBWP20P90 BOUNDARY_LEFTBWP20P90LVT BOUNDARY_NCORNERBWP16P90 BOUNDARY_NCORNERBWP16P90LVT BOUNDARY_NCORNERBWP20P90 BOUNDARY_NCORNERBWP20P90LVT BOUNDARY_NROW1BWP16P90 BOUNDARY_NROW1BWP16P90LVT BOUNDARY_NROW1BWP20P90 BOUNDARY_NROW1BWP20P90LVT BOUNDARY_NROW2BWP16P90 BOUNDARY_NROW2BWP16P90LVT BOUNDARY_NROW2BWP20P90 BOUNDARY_NROW2BWP20P90LVT BOUNDARY_NROW3BWP16P90 BOUNDARY_NROW3BWP16P90LVT BOUNDARY_NROW3BWP20P90 BOUNDARY_NROW3BWP20P90LVT BOUNDARY_NROW4BWP16P90 BOUNDARY_NROW4BWP16P90LVT BOUNDARY_NROW4BWP20P90 BOUNDARY_NROW4BWP20P90LVT BOUNDARY_NTAPBWP16P90 BOUNDARY_NTAPBWP16P90LVT BOUNDARY_NTAPBWP16P90LVT_VPP_VBB BOUNDARY_NTAPBWP16P90LVT_VPP_VSS BOUNDARY_NTAPBWP16P90_VPP_VBB BOUNDARY_NTAPBWP16P90_VPP_VSS BOUNDARY_NTAPBWP20P90 BOUNDARY_NTAPBWP20P90LVT BOUNDARY_NTAPBWP20P90LVT_VPP_VBB BOUNDARY_NTAPBWP20P90LVT_VPP_VSS BOUNDARY_NTAPBWP20P90_VPP_VBB BOUNDARY_NTAPBWP20P90_VPP_VSS BOUNDARY_PCORNERBWP16P90 BOUNDARY_PCORNERBWP16P90LVT BOUNDARY_PCORNERBWP20P90 BOUNDARY_PCORNERBWP20P90LVT BOUNDARY_PROW1BWP16P90 BOUNDARY_PROW1BWP16P90LVT BOUNDARY_PROW1BWP20P90 BOUNDARY_PROW1BWP20P90LVT BOUNDARY_PROW2BWP16P90 BOUNDARY_PROW2BWP16P90LVT BOUNDARY_PROW2BWP20P90 BOUNDARY_PROW2BWP20P90LVT BOUNDARY_PROW3BWP16P90 BOUNDARY_PROW3BWP16P90LVT BOUNDARY_PROW3BWP20P90 BOUNDARY_PROW3BWP
Info    : Unusable library cells found at the time of loading a library.  [LBR-415]
        : Library: 'N16ADFP_SRAM_ss0p72v0p72vm40c_100a.lib', Total cells: 10, Unusable cells: 10.
	List of unusable cells: 'TS1N16ADFPCLLLVTA128X64M4SWSHOD TS1N16ADFPCLLLVTA16X88M2SWSHOD TS1N16ADFPCLLLVTA16X96M2SWSHOD TS1N16ADFPCLLLVTA512X45M4SWSHOD TS6N16ADFPCLLLVTA128X32M4FWSHOD TS6N16ADFPCLLLVTA128X64M4FWSHOD TS6N16ADFPCLLLVTA16X120M2FWSHOD TS6N16ADFPCLLLVTA16X32M2FWSHOD TS6N16ADFPCLLLVTA16X72M2FWSHOD TS6N16ADFPCLLLVTA32X32M2FWSHOD .'
##Generic Timing Info for library domain: _default_ typical gate delay: 21.9 ps std_slew: 4.7 ps std_load: 2.1 fF
Starting mux data reorder optimization [v1.0] (stage: pre_to_gen_setup, startdef: top, recur: true)
Completed mux data reorder optimization (accepts: 0, rejects: 0, runtime: 0.001s)

Stage: pre_to_gen_setup
------------------------------------------------------
| Transform       | Accepts | Rejects | Runtime (ms) | 
------------------------------------------------------
| hlo_mux_reorder |       0 |       0 |         1.00 | 
------------------------------------------------------
Current PLE settings:

Aspect ratio        : 1.000
Shrink factor       : 1.000
Scale of res/length : 1.000
Scale of cap/length : 1.000
Net derating factor : 1.000
Thermal factor      : 1.000
Via Resistance      : 0.000 ohm (from default)
Site size           : 0.666 um (from lef [tech+cell])

                                   Capacitance  
  Layer                             / Length         Data source:
Name        Direction Utilization  (pF/micron)       default value
------------------------------------------------
<default>       U         n/a         0.000250  

** = DEFAULT cap per unit length is used for timing analysis

                                    Resistance   
  Layer                              / Length         Data source:
Name        Direction Utilization  (ohm/micron)       default value
-------------------------------------------------
<default>       U         n/a          0.000000  

** = DEFAULT res per unit length is used for timing analysis

                                        Area     
  Layer                               / Length        Data source:
Name        Direction Utilization     (micron)        lef_library
-------------------------------------------------
M1              V         0.00         0.032000  
M2              H         1.00         0.032000  
M3              V         1.00         0.032000  
M4              H         1.00         0.040000  
M5              V         1.00         0.040000  
M6              H         1.00         0.040000  
M7              V         1.00         0.040000  
M8              H         1.00         0.062000  
M9              V         1.00         0.062000  
M10             H         1.00         0.450000  
M11             V         1.00         0.450000  
AP              H         1.00         1.800000  

Info    : Multimode clock gating check is disabled. [TIM-1000]
Info    : Synthesizing. [SYNTH-1]
        : Synthesizing 'top' to generic gates using 'medium' effort.
Running Synthesis Turbo Flow Version 1.
PBS_Generic-Start - Elapsed_Time 0, CPU_Time 0.0
stamp 'PBS_Generic-Start' being created for table 'pbs_debug'

  Total Time (Wall) |  Stage Time (Wall)  |   % (Wall)   |    Date - Time     |  Memory   | Stage
--------------------+---------------------+--------------+--------------------+-----------+----------------------
<<<<<<< HEAD
 00:01:00(00:00:49) |  00:00:00(00:00:00) |   0.0(  0.0) |   15:55:28 (May03) |   1.95 GB | PBS_Generic-Start
=======
 00:00:59(00:00:48) |  00:00:00(00:00:00) |   0.0(  0.0) |   15:24:20 (May03) |   1.93 GB | PBS_Generic-Start
>>>>>>> 90b4e5451bdad0339ba628baf341bdcf0a318382
--------------------+---------------------+--------------+--------------------+-----------+----------------------
Number of threads: 8 * 1   (id: pbs_debug, time_info v1.57)
Info: (*N*) indicates data that was populated from previously saved time_info database
Info: CPU time includes time of parent + longest thread
        Computing net loads.
TNS Restructuring config: no_value at stage: generic applied.
Info    : Partition Based Synthesis execution skipped. [PHYS-752]
        : Design size is less than the partition size '100000' for distributed generic optimization to kick in.
Starting mux data reorder optimization [v1.0] (stage: pre_to_gen_setup, startdef: top, recur: true)
Completed mux data reorder optimization (accepts: 0, rejects: 0, runtime: 0.001s)

Stage: pre_to_gen_setup
------------------------------------------------------
| Transform       | Accepts | Rejects | Runtime (ms) | 
------------------------------------------------------
| hlo_mux_reorder |       0 |       0 |         1.00 | 
------------------------------------------------------
Starting mux data reorder optimization [v1.0] (stage: post_to_gen_setup, startdef: top, recur: true)
Completed mux data reorder optimization (accepts: 0, rejects: 0, runtime: 0.001s)

Stage: post_to_gen_setup
------------------------------------------------------
| Transform       | Accepts | Rejects | Runtime (ms) | 
------------------------------------------------------
| hlo_mux_reorder |       0 |       0 |         1.00 | 
------------------------------------------------------
Current PLE settings:

Aspect ratio        : 1.000
Shrink factor       : 1.000
Scale of res/length : 1.000
Scale of cap/length : 1.000
Net derating factor : 1.000
Thermal factor      : 1.000
Via Resistance      : 0.000 ohm (from default)
Site size           : 0.666 um (from lef [tech+cell])

                                   Capacitance  
  Layer                             / Length         Data source:
Name        Direction Utilization  (pF/micron)       default value
------------------------------------------------
<default>       U         n/a         0.000250  

** = DEFAULT cap per unit length is used for timing analysis

                                    Resistance   
  Layer                              / Length         Data source:
Name        Direction Utilization  (ohm/micron)       default value
-------------------------------------------------
<default>       U         n/a          0.000000  

** = DEFAULT res per unit length is used for timing analysis

                                        Area     
  Layer                               / Length        Data source:
Name        Direction Utilization     (micron)        lef_library
-------------------------------------------------
M1              V         0.00         0.032000  
M2              H         1.00         0.032000  
M3              V         1.00         0.032000  
M4              H         1.00         0.040000  
M5              V         1.00         0.040000  
M6              H         1.00         0.040000  
M7              V         1.00         0.040000  
M8              H         1.00         0.062000  
M9              V         1.00         0.062000  
M10             H         1.00         0.450000  
M11             V         1.00         0.450000  
AP              H         1.00         1.800000  

Running Unified Mux Engine Tricks...
Completed Unified Mux Engine Tricks

Stage: pre_hlo_rtlopt
--------------------------------------------
| Trick | Accepts | Rejects | Runtime (ms) | 
--------------------------------------------
--------------------------------------------
Starting infer macro optimization [v1.0] (stage: pre_rtlopt, startdef: top, recur: true)
Completed infer macro optimization (accepts: 0, rejects: 6, runtime: 0.001s)
Starting decode mux sandwich optimization [v2.0] (stage: pre_rtlopt, startdef: top, recur: true)
Completed decode mux sandwich optimization (accepts: 0, rejects: 0, runtime: 0.000s)
Starting decode mux optimization [v1.0] (stage: pre_rtlopt, startdef: top, recur: true)
Completed decode mux optimization (accepts: 0, rejects: 0, runtime: 0.000s)
Starting chop wide muxes [v1.0] (stage: pre_rtlopt, startdef: top, recur: true)
Completed chop wide muxes (accepts: 0, rejects: 0, runtime: 0.000s)
Starting common data mux cascade opt [v1.0] (stage: pre_rtlopt, startdef: top, recur: true)
Completed common data mux cascade opt (accepts: 0, rejects: 0, runtime: 0.000s)
Starting mux input consolidation [v1.0] (stage: pre_rtlopt, startdef: top, recur: true)
Completed mux input consolidation (accepts: 0, rejects: 0, runtime: 0.000s)
Starting constant-data mux optimization [v1.0] (stage: pre_rtlopt, startdef: top, recur: true)
Completed constant-data mux optimization (accepts: 0, rejects: 0, runtime: 0.000s)
Starting chain-to-tree inequality transform [v2.0] (stage: pre_rtlopt, startdef: top, recur: true)
Completed chain-to-tree inequality transform (accepts: 0, rejects: 0, runtime: 0.000s)
Starting reconvergence optimization [v1.0] (stage: pre_rtlopt, startdef: top, recur: true)
Completed reconvergence optimization (accepts: 0, rejects: 0, runtime: 0.001s)
Starting logic restructure optimization [v1.0] (stage: pre_rtlopt, startdef: top, recur: true)
Completed logic restructure optimization (accepts: 0, rejects: 0, runtime: 0.000s)
Starting common select mux optimization [v1.0] (stage: pre_rtlopt, startdef: top, recur: true)
Completed common select mux optimization (accepts: 0, rejects: 0, runtime: 0.000s)
Starting identity transform [v3.0] (stage: pre_rtlopt, startdef: top, recur: true)
Completed identity transform (accepts: 0, rejects: 0, runtime: 0.000s)
Starting reduce operator chain [v1.0] (stage: pre_rtlopt, startdef: top, recur: true)
Completed reduce operator chain (accepts: 0, rejects: 0, runtime: 0.000s)
Starting common data mux cascade opt [v1.0] (stage: pre_rtlopt, startdef: top, recur: true)
Completed common data mux cascade opt (accepts: 0, rejects: 0, runtime: 0.000s)
Starting mux input consolidation [v1.0] (stage: pre_rtlopt, startdef: top, recur: true)
Completed mux input consolidation (accepts: 0, rejects: 0, runtime: 0.000s)
Starting optimize datapath elements [v1.0] (stage: pre_rtlopt, startdef: top, recur: true)
Completed optimize datapath elements (accepts: 0, rejects: 0, runtime: 0.000s)
Starting datapath recasting [v1.0] (stage: pre_rtlopt, startdef: top, recur: true)
Completed datapath recasting (accepts: 0, rejects: 0, runtime: 0.000s)
Starting clip mux common data inputs [v1.0] (stage: pre_rtlopt, startdef: top, recur: true)
Completed clip mux common data inputs (accepts: 0, rejects: 0, runtime: 0.000s)
Starting clip the non-user hierarchies [v2.0] (stage: pre_rtlopt, startdef: top, recur: true)
Completed clip the non-user hierarchies (accepts: 0, rejects: 0, runtime: 0.000s)

Stage: pre_rtlopt
----------------------------------------------------------------
| Transform                 | Accepts | Rejects | Runtime (ms) | 
----------------------------------------------------------------
| hlo_infer_macro           |       0 |       6 |         1.00 | 
| hlo_decode_mux_sandwich   |       0 |       0 |         0.00 | 
| hlo_mux_decode            |       0 |       0 |         0.00 | 
| hlo_chop_mux              |       0 |       0 |         0.00 | 
| hlo_mux_cascade_opt       |       0 |       0 |         0.00 | 
| hlo_mux_consolidation     |       0 |       0 |         0.00 | 
| hlo_constant_mux_opt      |       0 |       0 |         0.00 | 
| hlo_inequality_transform  |       0 |       0 |         0.00 | 
| hlo_reconv_opt            |       0 |       0 |         1.00 | 
| hlo_restructure           |       0 |       0 |         0.00 | 
| hlo_common_select_muxopto |       0 |       0 |         0.00 | 
| hlo_identity_transform    |       0 |       0 |         0.00 | 
| hlo_reduce_operator_chain |       0 |       0 |         0.00 | 
| hlo_mux_cascade_opt       |       0 |       0 |         0.00 | 
| hlo_mux_consolidation     |       0 |       0 |         0.00 | 
| hlo_optimize_datapath     |       0 |       0 |         0.00 | 
| hlo_datapath_recast       |       0 |       0 |         0.00 | 
| hlo_clip_mux_input        |       0 |       0 |         0.00 | 
| hlo_clip                  |       0 |       0 |         0.00 | 
----------------------------------------------------------------
Running Unified Mux Engine Tricks...
Completed Unified Mux Engine Tricks

Stage: post_hlo_rtlopt
--------------------------------------------------
| Trick       | Accepts | Rejects | Runtime (ms) | 
--------------------------------------------------
| ume_runtime |       0 |       0 |         0.00 | 
--------------------------------------------------
Number of big hc bmuxes before = 0
              Info: total 4 bmuxes found, 4 are converted to onehot form, and 0 are kept as binary form
Info    : Pre-processed datapath logic. [DPOPT-6]
        : No pre-processing optimizations applied to datapath logic in 'top'.
Info    : A datapath component has been ungrouped. [GB-6]
        : The instance 'g1' of datapath component 'sub_unsigned'.
Info    : A datapath component has been ungrouped. [GB-6]
        : The instance 'g1' of datapath component 'sub_unsigned'.
Info    : A datapath component has been ungrouped. [GB-6]
        : The instance 'g1' of datapath component 'sub_unsigned'.
Info    : Optimizing datapath logic. [DPOPT-1]
        : Optimizing datapath logic in 'top'.
Info    : Implementing datapath configurations. [DPOPT-3]
        : Implementing datapath configurations for 'CDN_DP_region_1_0'
Info    : An implementation was inferred. [CWD-19]
        : The implementation 'hdl_implementation:GB/sub_unsigned/very_fast' was inferred through the binding 'b1' for the call to synthetic operator 'SUB_UNS_OP' (pin widths: A=1 B=2 Z=3).
Info    : Sorted the set of valid implementations for synthetic operator. [CWD-36]
        : The implementations for the call to synthetic operator 'SUB_UNS_OP' (pin widths: A=1 B=2 Z=3) will be considered in the following order: {'hdl_implementation:GB/sub_unsigned/very_fast' (priority 1), 'hdl_implementation:GB/sub_unsigned/medium' (priority 1), 'hdl_implementation:GB/sub_unsigned/slow' (priority 1)}
Info    : An implementation was inferred. [CWD-19]
        : The implementation 'hdl_implementation:GB/sub_unsigned/very_fast' was inferred through the binding 'b1' for the call to synthetic operator 'SUB_UNS_OP' (pin widths: A=1 B=2 Z=3).
Info    : Sorted the set of valid implementations for synthetic operator. [CWD-36]
        : The implementations for the call to synthetic operator 'SUB_UNS_OP' (pin widths: A=1 B=2 Z=3) will be considered in the following order: {'hdl_implementation:GB/sub_unsigned/very_fast' (priority 1), 'hdl_implementation:GB/sub_unsigned/medium' (priority 1), 'hdl_implementation:GB/sub_unsigned/slow' (priority 1)}
Info    : An implementation was inferred. [CWD-19]
        : The implementation 'hdl_implementation:GB/sub_unsigned/very_fast' was inferred through the binding 'b1' for the call to synthetic operator 'SUB_UNS_OP' (pin widths: A=2 B=2 Z=3).
Info    : Sorted the set of valid implementations for synthetic operator. [CWD-36]
        : The implementations for the call to synthetic operator 'SUB_UNS_OP' (pin widths: A=2 B=2 Z=3) will be considered in the following order: {'hdl_implementation:GB/sub_unsigned/very_fast' (priority 1), 'hdl_implementation:GB/sub_unsigned/medium' (priority 1), 'hdl_implementation:GB/sub_unsigned/slow' (priority 1)}
CSAGen Prep Share:0 Re-Write:3 Speculation: 0
    MaxCSA: weighted_instance_count is 42 
Info    : An implementation was inferred. [CWD-19]
        : The implementation 'hdl_implementation:GB/sub_signed/very_fast' was inferred through the binding 'b1' for the call to synthetic operator 'SUB_TC_OP' (pin widths: A=6 B=6 Z=6).
Info    : Sorted the set of valid implementations for synthetic operator. [CWD-36]
        : The implementations for the call to synthetic operator 'SUB_TC_OP' (pin widths: A=6 B=6 Z=6) will be considered in the following order: {'hdl_implementation:GB/sub_signed/very_fast' (priority 1), 'hdl_implementation:GB/sub_signed/medium' (priority 1), 'hdl_implementation:GB/sub_signed/slow' (priority 1)}
Info    : An implementation was inferred. [CWD-19]
        : The implementation 'hdl_implementation:GB/add_signed/very_fast' was inferred through the binding 'b1' for the call to synthetic operator 'ADD_TC_OP' (pin widths: A=6 B=6 Z=6).
Info    : Sorted the set of valid implementations for synthetic operator. [CWD-36]
        : The implementations for the call to synthetic operator 'ADD_TC_OP' (pin widths: A=6 B=6 Z=6) will be considered in the following order: {'hdl_implementation:GB/add_signed/very_fast' (priority 1), 'hdl_implementation:GB/add_signed/medium' (priority 1), 'hdl_implementation:GB/add_signed/slow' (priority 1)}
Info    : An implementation was inferred. [CWD-19]
        : The implementation 'hdl_implementation:GB/sub_signed/very_fast' was inferred through the binding 'b1' for the call to synthetic operator 'SUB_TC_OP' (pin widths: A=3 B=3 Z=3).
Info    : Sorted the set of valid implementations for synthetic operator. [CWD-36]
        : The implementations for the call to synthetic operator 'SUB_TC_OP' (pin widths: A=3 B=3 Z=3) will be considered in the following order: {'hdl_implementation:GB/sub_signed/very_fast' (priority 1), 'hdl_implementation:GB/sub_signed/medium' (priority 1), 'hdl_implementation:GB/sub_signed/slow' (priority 1)}
Info    : An implementation was inferred. [CWD-19]
        : The implementation 'hdl_implementation:GB/sub_signed/very_fast' was inferred through the binding 'b1' for the call to synthetic operator 'SUB_TC_OP' (pin widths: A=3 B=3 Z=3).
Info    : Sorted the set of valid implementations for synthetic operator. [CWD-36]
        : The implementations for the call to synthetic operator 'SUB_TC_OP' (pin widths: A=3 B=3 Z=3) will be considered in the following order: {'hdl_implementation:GB/sub_signed/very_fast' (priority 1), 'hdl_implementation:GB/sub_signed/medium' (priority 1), 'hdl_implementation:GB/sub_signed/slow' (priority 1)}
Info    : An implementation was inferred. [CWD-19]
        : The implementation 'hdl_implementation:GB/sub_signed/very_fast' was inferred through the binding 'b1' for the call to synthetic operator 'SUB_TC_OP' (pin widths: A=3 B=3 Z=3).
Info    : Sorted the set of valid implementations for synthetic operator. [CWD-36]
        : The implementations for the call to synthetic operator 'SUB_TC_OP' (pin widths: A=3 B=3 Z=3) will be considered in the following order: {'hdl_implementation:GB/sub_signed/very_fast' (priority 1), 'hdl_implementation:GB/sub_signed/medium' (priority 1), 'hdl_implementation:GB/sub_signed/slow' (priority 1)}
Info    : An implementation was inferred. [CWD-19]
        : The implementation 'hdl_implementation:GB/add_signed/very_fast' was inferred through the binding 'b1' for the call to synthetic operator 'ADD_TC_OP' (pin widths: A=6 B=2 Z=6).
MaxCSA: Successfully built Maximal CSA Expression Expr0
Info    : Sorted the set of valid implementations for synthetic operator. [CWD-36]
        : The implementations for the call to synthetic operator 'ADD_TC_OP' (pin widths: A=6 B=2 Z=6) will be considered in the following order: {'hdl_implementation:GB/add_signed/very_fast' (priority 1), 'hdl_implementation:GB/add_signed/medium' (priority 1), 'hdl_implementation:GB/add_signed/slow' (priority 1)}
Info    : An implementation was inferred. [CWD-19]
        : The implementation 'hdl_implementation:GB/sub_signed/very_fast' was inferred through the binding 'b1' for the call to synthetic operator 'SUB_TC_OP' (pin widths: A=2 B=3 Z=3).
Info    : Sorted the set of valid implementations for synthetic operator. [CWD-36]
        : The implementations for the call to synthetic operator 'SUB_TC_OP' (pin widths: A=2 B=3 Z=3) will be considered in the following order: {'hdl_implementation:GB/sub_signed/very_fast' (priority 1), 'hdl_implementation:GB/sub_signed/medium' (priority 1), 'hdl_implementation:GB/sub_signed/slow' (priority 1)}
Info    : An implementation was inferred. [CWD-19]
        : The implementation 'hdl_implementation:GB/sub_signed/very_fast' was inferred through the binding 'b1' for the call to synthetic operator 'SUB_TC_OP' (pin widths: A=1 B=3 Z=3).
Info    : Sorted the set of valid implementations for synthetic operator. [CWD-36]
        : The implementations for the call to synthetic operator 'SUB_TC_OP' (pin widths: A=1 B=3 Z=3) will be considered in the following order: {'hdl_implementation:GB/sub_signed/very_fast' (priority 1), 'hdl_implementation:GB/sub_signed/medium' (priority 1), 'hdl_implementation:GB/sub_signed/slow' (priority 1)}
Info    : An implementation was inferred. [CWD-19]
        : The implementation 'hdl_implementation:GB/sub_signed/very_fast' was inferred through the binding 'b1' for the call to synthetic operator 'SUB_TC_OP' (pin widths: A=6 B=2 Z=6).
Info    : Sorted the set of valid implementations for synthetic operator. [CWD-36]
        : The implementations for the call to synthetic operator 'SUB_TC_OP' (pin widths: A=6 B=2 Z=6) will be considered in the following order: {'hdl_implementation:GB/sub_signed/very_fast' (priority 1), 'hdl_implementation:GB/sub_signed/medium' (priority 1), 'hdl_implementation:GB/sub_signed/slow' (priority 1)}
Info    : An implementation was inferred. [CWD-19]
        : The implementation 'hdl_implementation:GB/add_signed_carry/very_fast' was inferred through the binding 'b1' for the call to synthetic operator 'ADD_TC_CI_OP' (pin widths: A=6 B=6 CI=1 Z=6).
Info    : Sorted the set of valid implementations for synthetic operator. [CWD-36]
        : The implementations for the call to synthetic operator 'ADD_TC_CI_OP' (pin widths: A=6 B=6 CI=1 Z=6) will be considered in the following order: {'hdl_implementation:GB/add_signed_carry/very_fast' (priority 1), 'hdl_implementation:GB/add_signed_carry/medium' (priority 1), 'hdl_implementation:GB/add_signed_carry/slow' (priority 1)}
Info    : Transformed datapath macro. [RTLOPT-40]
        : Transformed 1 datapath macros in module 'CDN_DP_region_1_0_c7' to a form more suitable for further optimization.
Warning : Maximum message print count reached. [MESG-11]
        : Maximum print count of '20' reached for message 'CWD-19'.
Info    : Transformed datapath macro. [RTLOPT-40]
        : Transformed 1 datapath macros in module 'CDN_DP_region_1_0_c1' to a form more suitable for further optimization.
      Timing gt_unsigned_27_rtlopto_model_48...
        Done timing gt_unsigned_27_rtlopto_model_48.
Info    : Transformed datapath macro. [RTLOPT-40]
        : Transformed 1 datapath macros in module 'CDN_DP_region_1_0_c2' to a form more suitable for further optimization.
      Timing gt_unsigned_27_rtlopto_model_64...
        Done timing gt_unsigned_27_rtlopto_model_64.
Info    : Transformed datapath macro. [RTLOPT-40]
        : Transformed 1 datapath macros in module 'CDN_DP_region_1_0_c3' to a form more suitable for further optimization.
      Timing gt_unsigned_27_rtlopto_model_80...
        Done timing gt_unsigned_27_rtlopto_model_80.
Info    : Transformed datapath macro. [RTLOPT-40]
        : Transformed 1 datapath macros in module 'CDN_DP_region_1_0_c4' to a form more suitable for further optimization.
      Timing gt_unsigned_27_rtlopto_model_96...
        Done timing gt_unsigned_27_rtlopto_model_96.
Info    : Transformed datapath macro. [RTLOPT-40]
        : Transformed 1 datapath macros in module 'CDN_DP_region_1_0_c5' to a form more suitable for further optimization.
      Timing gt_unsigned_27_rtlopto_model_112...
        Done timing gt_unsigned_27_rtlopto_model_112.
Info    : Transformed datapath macro. [RTLOPT-40]
        : Transformed 1 datapath macros in module 'CDN_DP_region_1_0_c6' to a form more suitable for further optimization.
      Timing gt_unsigned_27_rtlopto_model_128...
        Done timing gt_unsigned_27_rtlopto_model_128.
CDN_DP_region_1_0 level = 0 loads = 0 drivers = 0
CDN_DP_region_1_0_c0 in accumulator: area: 103458756 ,dp = 5 mux = 4 sg = slow         worst_clk_period: -1.0000 
    wns: 0  norm_wns:  -1.0000 
    fail_endp: -1 
    tns:  0  tns_per_endp:  -1.0000   norm_tns_per_endp:  -1.0000 
    tns_sense_max:  -1.0000  tns_sense_avg:  -1.0000   tns_sense_num: -1
    power:  -9223372036854775808  
 skipped
CDN_DP_region_1_0_c1 in accumulator: area: 92722470 ,dp = 3 mux = 3 sg = fast         worst_clk_period: -1.0000 
    wns: 0  norm_wns:  -1.0000 
    fail_endp: -1 
    tns:  0  tns_per_endp:  -1.0000   norm_tns_per_endp:  -1.0000 
    tns_sense_max:  -1.0000  tns_sense_avg:  -1.0000   tns_sense_num: -1
    power:  -9223372036854775808  
 is current best
CDN_DP_region_1_0_c2 in accumulator: area: 92722470 ,dp = 3 mux = 3 sg = very_slow    worst_clk_period: -1.0000 
    wns: 0  norm_wns:  -1.0000 
    fail_endp: -1 
    tns:  0  tns_per_endp:  -1.0000   norm_tns_per_endp:  -1.0000 
    tns_sense_max:  -1.0000  tns_sense_avg:  -1.0000   tns_sense_num: -1
    power:  -9223372036854775808  
 is current best
CDN_DP_region_1_0_c3 in accumulator: area: 92722470 ,dp = 3 mux = 3 sg = very_fast    worst_clk_period: -1.0000 
    wns: 0  norm_wns:  -1.0000 
    fail_endp: -1 
    tns:  0  tns_per_endp:  -1.0000   norm_tns_per_endp:  -1.0000 
    tns_sense_max:  -1.0000  tns_sense_avg:  -1.0000   tns_sense_num: -1
    power:  -9223372036854775808  
 is current best
CDN_DP_region_1_0_c4 in accumulator: area: 92722470 ,dp = 3 mux = 3 sg = very_fast    worst_clk_period: -1.0000 
    wns: 0  norm_wns:  -1.0000 
    fail_endp: -1 
    tns:  0  tns_per_endp:  -1.0000   norm_tns_per_endp:  -1.0000 
    tns_sense_max:  -1.0000  tns_sense_avg:  -1.0000   tns_sense_num: -1
    power:  -9223372036854775808  
 is current best
CDN_DP_region_1_0_c5 in accumulator: area: 92722470 ,dp = 3 mux = 3 sg = very_fast    worst_clk_period: -1.0000 
    wns: 0  norm_wns:  -1.0000 
    fail_endp: -1 
    tns:  0  tns_per_endp:  -1.0000   norm_tns_per_endp:  -1.0000 
    tns_sense_max:  -1.0000  tns_sense_avg:  -1.0000   tns_sense_num: -1
    power:  -9223372036854775808  
 is current best
CDN_DP_region_1_0_c6 in accumulator: area: 92722470 ,dp = 3 mux = 3 sg = very_fast    worst_clk_period: -1.0000 
    wns: 0  norm_wns:  -1.0000 
    fail_endp: -1 
    tns:  0  tns_per_endp:  -1.0000   norm_tns_per_endp:  -1.0000 
    tns_sense_max:  -1.0000  tns_sense_avg:  -1.0000   tns_sense_num: -1
    power:  -9223372036854775808  
 is current best
CDN_DP_region_1_0_c7 in accumulator: area: 121027224 ,dp = 4 mux = 4 sg = very_fast    worst_clk_period: -1.0000 
    wns: 0  norm_wns:  -1.0000 
    fail_endp: -1 
    tns:  0  tns_per_endp:  -1.0000   norm_tns_per_endp:  -1.0000 
    tns_sense_max:  -1.0000  tns_sense_avg:  -1.0000   tns_sense_num: -1
    power:  -9223372036854775808  

Best config: CDN_DP_region_1_0_c6 in accumulator: area: 92722470 ,dp = 3 mux = 3 sg = very_fast    worst_clk_period: -1.0000 
    wns: 0  norm_wns:  -1.0000 
    fail_endp: -1 
    tns:  0  tns_per_endp:  -1.0000   norm_tns_per_endp:  -1.0000 
    tns_sense_max:  -1.0000  tns_sense_avg:  -1.0000   tns_sense_num: -1
    power:  -9223372036854775808  
  Smallest config area : 92722470.  Fastest config wns;  0
##>+----------------------------------------------------------------------------------------------------------------------------------------------------------------+
##>Summary table of configs (Best config is CDN_DP_region_1_0_c6)
##>+----------------------------------------------------------------------------------------------------------------------------------------------------------------+
##>                     0                  1                  2                  3                  4                  5                  6                  7            
##>+----------------------------------------------------------------------------------------------------------------------------------------------------------------+
##>           Area        103458756           92722470           92722470           92722470           92722470           92722470           92722470          121027224  
##>            WNS    +214748364.70      +214748364.70      +214748364.70      +214748364.70      +214748364.70      +214748364.70      +214748364.70      +214748364.70  
##>            TNS                0                  0                  0                  0                  0                  0                  0                  0  
##>    Num Rewrite                0                  1                  1                  1                  1                  1                  1                  4  
##>     Num Factor                0                  0                  0                  0                  0                  0                  0                  0  
##>      Num Share                0                  0                  0                  0                  0                  0                  0                  0  
##>   Num CmultCse                0                  0                  0                  0                  0                  0                  0                  0  
##>   Num Downsize                0                  0                  0                  0                  0                  0                  0                  0  
##>  Num Speculate                0                  0                  0                  0                  0                  0                  0                  0  
##>     Runtime(s)                0                  0                  0                  0                  0                  0                  0                  0  
+----------------------------------------------------------------------------------------------------------------------------------------------------------------+
##>
##>
##>+-----------------------------------------------------------------------------------------------------------------------------------------------------------------------------------------------------+
##>Optimization Step DEBUG Table for config CDN_DP_region_1_0_c6
##>
##>                          Step                        Area   (  % Chg)         WNS (Change)          TNS (Change)                Power   (  % Chg)        Runtime (s)        Comment                   
##>+-----------------------------------------------------------------------------------------------------------------------------------------------------------------------------------------------------+
##>createMaxCarrySave              START              103458756 (       )    214748364.70 (        )          0 (        )                    0 (       )              
##> datapath_rewrite_one_def       START              103458756 (  +0.00)    214748364.70 (   +0.00)          0 (       0)                    0 (  +0.00)              
##>  fast_cse_elim                 START              103458756 (  +0.00)    214748364.70 (   +0.00)          0 (       0)                    0 (  +0.00)              
##>                                  END              103458756 (  +0.00)    214748364.70 (   +0.00)          0 (       0)                    0 (  +0.00)           0  
##>  fast_cse_elim                 START              103458756 (  +0.00)    214748364.70 (   +0.00)          0 (       0)                    0 (  +0.00)              
##>                                  END              103458756 (  +0.00)    214748364.70 (   +0.00)          0 (       0)                    0 (  +0.00)           0  
##>  rewrite                       START              103458756 (  +0.00)    214748364.70 (   +0.00)          0 (       0)                    0 (  +0.00)              (a,csaa) inc_dec_with_select --> inc_dec_with_xor
##>                                  END               94674522 (  -8.49)    214748364.70 (   +0.00)          0 (       0)                    0 (  +0.00)           0  
##>  fast_cse_elim                 START               94674522 (  +0.00)    214748364.70 (   +0.00)          0 (       0)                    0 (  +0.00)              
##>                                  END               94674522 (  +0.00)    214748364.70 (   +0.00)          0 (       0)                    0 (  +0.00)           0  
##>  fast_cse_elim                 START               94674522 (  +0.00)    214748364.70 (   +0.00)          0 (       0)                    0 (  +0.00)              
##>                                  END               94674522 (  +0.00)    214748364.70 (   +0.00)          0 (       0)                    0 (  +0.00)           0  
##>                                  END               94674522 (  -8.49)    214748364.70 (   +0.00)          0 (       0)                    0 (  +0.00)           0  
##> dpopt_share_one_def            START               94674522 (  +0.00)    214748364.70 (   +0.00)          0 (       0)                    0 (  +0.00)              
##>                                  END               94674522 (  +0.00)    214748364.70 (   +0.00)          0 (       0)                    0 (  +0.00)           0  
##> csa_opto                       START               94674522 (  +0.00)    214748364.70 (   +0.00)          0 (       0)                    0 (  +0.00)              
##>                                  END               94674522 (  +0.00)    214748364.70 (   +0.00)          0 (       0)                    0 (  +0.00)           0  
##>                                  END               94674522 (  -8.49)    214748364.70 (   +0.00)          0 (       0)                    0 (  +0.00)           0  
##>canonicalize_by_names           START               94674522 (  +0.00)    214748364.70 (   +0.00)          0 (       0)                    0 (  +0.00)              
##>                                  END               94674522 (  +0.00)    214748364.70 (   +0.00)          0 (       0)                    0 (  +0.00)           0  
##>datapath_rewrite_post_csa_one_  START               94674522 (  +0.00)    214748364.70 (   +0.00)          0 (       0)                    0 (  +0.00)              
##>                                  END               94674522 (  +0.00)    214748364.70 (   +0.00)          0 (       0)                    0 (  +0.00)           0  
##>datapath_csa_factoring_one_gde  START               94674522 (  +0.00)    214748364.70 (   +0.00)          0 (       0)                    0 (  +0.00)              
##>                                  END               94674522 (  +0.00)    214748364.70 (   +0.00)          0 (       0)                    0 (  +0.00)           0  
##>dpopt_share_one_def             START               94674522 (  +0.00)    214748364.70 (   +0.00)          0 (       0)                    0 (  +0.00)              
##>                                  END               94674522 (  +0.00)    214748364.70 (   +0.00)          0 (       0)                    0 (  +0.00)           0  
##>datapath_rewrite_post_share     START               94674522 (  +0.00)    214748364.70 (   +0.00)          0 (       0)                    0 (  +0.00)              
##>                                  END               94674522 (  +0.00)    214748364.70 (   +0.00)          0 (       0)                    0 (  +0.00)           0  
##>dp_combine_const_mult_with_com  START               94674522 (  +0.00)    214748364.70 (   +0.00)          0 (       0)                    0 (  +0.00)              
##>                                  END               94674522 (  +0.00)    214748364.70 (   +0.00)          0 (       0)                    0 (  +0.00)           0  
##>dp_operator_level_decompositio  START               94674522 (  +0.00)    214748364.70 (   +0.00)          0 (       0)                    0 (  +0.00)              
##>                                  END               94674522 (  +0.00)    214748364.70 (   +0.00)          0 (       0)                    0 (  +0.00)           0  
##>selective_flatten_dp_config     START               94674522 (  +0.00)    214748364.70 (   +0.00)          0 (       0)                    0 (  +0.00)              
##>                                  END               94674522 (  +0.00)    214748364.70 (   +0.00)          0 (       0)                    0 (  +0.00)           0  
##>createMaxCarrySave              START               94674522 (  +0.00)    214748364.70 (   +0.00)          0 (       0)                    0 (  +0.00)              
##> datapath_rewrite_one_def       START               94674522 (  +0.00)    214748364.70 (   +0.00)          0 (       0)                    0 (  +0.00)              
##>  fast_cse_elim                 START               94674522 (  +0.00)    214748364.70 (   +0.00)          0 (       0)                    0 (  +0.00)              
##>                                  END               94674522 (  +0.00)    214748364.70 (   +0.00)          0 (       0)                    0 (  +0.00)           0  
##>  fast_cse_elim                 START               94674522 (  +0.00)    214748364.70 (   +0.00)          0 (       0)                    0 (  +0.00)              
##>                                  END               94674522 (  +0.00)    214748364.70 (   +0.00)          0 (       0)                    0 (  +0.00)           0  
##>                                  END               94674522 (  +0.00)    214748364.70 (   +0.00)          0 (       0)                    0 (  +0.00)           0  
##> dpopt_share_one_def            START               94674522 (  +0.00)    214748364.70 (   +0.00)          0 (       0)                    0 (  +0.00)              
##>                                  END               94674522 (  +0.00)    214748364.70 (   +0.00)          0 (       0)                    0 (  +0.00)           0  
##> csa_opto                       START               94674522 (  +0.00)    214748364.70 (   +0.00)          0 (       0)                    0 (  +0.00)              
##>                                  END               94674522 (  +0.00)    214748364.70 (   +0.00)          0 (       0)                    0 (  +0.00)           0  
##>                                  END               94674522 (  +0.00)    214748364.70 (   +0.00)          0 (       0)                    0 (  +0.00)           0  
##>context_based_simplify          START               94674522 (  +0.00)    214748364.70 (   +0.00)          0 (       0)                    0 (  +0.00)              
##>                                  END               92722470 (  -2.06)    214748364.70 (   +0.00)          0 (       0)                    0 (  +0.00)           0  
##>group_csa_final_adder_dp        START               92722470 (  +0.00)    214748364.70 (   +0.00)          0 (       0)                    0 (  +0.00)              
##>                                  END               92722470 (  +0.00)    214748364.70 (   +0.00)          0 (       0)                    0 (  +0.00)           0  
##>dpopt_flatten_critical_muxes_i  START               92722470 (  +0.00)    214748364.70 (   +0.00)          0 (       0)                    0 (  +0.00)              
##>                                  END               92722470 (  +0.00)    214748364.70 (   +0.00)          0 (       0)                    0 (  +0.00)           0  
##>create_score                    START               92722470 (  +0.00)    214748364.70 (   +0.00)          0 (       0)                    0 (  +0.00)              
##>                                  END               92722470 (  +0.00)    214748364.70 (   +0.00)          0 (       0)                    0 (  +0.00)           0  
##>+-----------------------------------------------------------------------------------------------------------------------------------------------------------------------------------------------------+
Committed config: CDN_DP_region_1_0_c6
Info    : Done implementing datapath configurations. [DPOPT-4]
        : Selected 'very_fast' configuration 6 for module 'CDN_DP_region_1_0_c6'.
          Optimizations applied to 'very_fast' configuration:
            rewriting(1), factoring(0), sharing(0), cmultcse(0), downsizing(0), speculation(0)
Info:  Ungrouped 0 dp-cluster instances.  0 cluster instances were left intact, to aid verification.
              Preparing netlist for verification ...
              Done preparing netlist for verification.
Info    : Done optimizing datapath logic. [DPOPT-2]
        : Done optimizing datapath logic in 'top'.
      Removing temporary intermediate hierarchies under top
Number of big hc bmuxes after = 0
Starting logic reduction [v1.0] (stage: post_rtlopt, startdef: top, recur: true)
Completed logic reduction (accepts: 0, rejects: 0, runtime: 0.000s)
Starting mux data reorder optimization [v1.0] (stage: post_rtlopt, startdef: top, recur: true)
Completed mux data reorder optimization (accepts: 0, rejects: 0, runtime: 0.000s)

Stage: post_rtlopt
----------------------------------------------------------
| Transform           | Accepts | Rejects | Runtime (ms) | 
----------------------------------------------------------
| hlo_logic_reduction |       0 |       0 |         0.00 | 
| hlo_mux_reorder     |       0 |       0 |         0.00 | 
----------------------------------------------------------
              Optimizing muxes in design 'accumulator'.
              Post blast muxes in design 'accumulator'.
Starting mux speculation [v1.0] (stage: post_muxopt, startdef: top, recur: true)
Starting speculation optimization
Completed speculation optimization (accepts:0)
Completed mux speculation (accepts: 0, rejects: 0, runtime: 0.001s)

Stage: post_muxopt
------------------------------------------------------
| Transform       | Accepts | Rejects | Runtime (ms) | 
------------------------------------------------------
| hlo_speculation |       0 |       0 |         1.00 | 
------------------------------------------------------
==================================
Stage : to_generic 
==================================
  =================
   Message Summary
  =================
-------------------------------------------------------------------------------------------------------------------------
|    Id     |  Sev   |Count |                                       Message Text                                        |
-------------------------------------------------------------------------------------------------------------------------
| CDFG-331  |Warning |    1 |Detected a logic abstract.                                                                 |
|           |        |      |A logic abstract is an unresolved reference with defined port names and directions. It is  |
|           |        |      | inferred from an empty Verilog or VHDL design, or when the 'black_box' pragma or          |
|           |        |      | 'blackbox' hdl_arch attribute is specified. Use 'set_db init_blackbox_for_undefined       |
|           |        |      | false' (in CUI mode)                                                                      |
|           |        |      | or 'set_attribute init_blackbox_for_undefined false /' (in legacy mode)                   |
|           |        |      | to treat an empty module as a defined module.                                             |
| CDFG-372  |Info    |    5 |Bitwidth mismatch in assignment.                                                           |
|           |        |      |Review and make sure the mismatch is unintentional. Genus can possibly issue bitwidth      |
|           |        |      | mismatch warning for explicit assignments present in RTL as-well-as for implicit          |
|           |        |      | assignments inferred by the tool. For example, in case of enum declaration without value, |
|           |        |      | the tool will implicitly assign value to the enum variables. It also issues the warning   |
|           |        |      | for any bitwidth mismatch that appears in this implicit assignment.                       |
| CDFG-500  |Info    |    5 |Unused module input port.                                                                  |
|           |        |      |(In port definition within the module, the input port is not used in any assignment statem |
|           |        |      | ents or conditional expressions for decision statements.                                  |
| CWD-19    |Info    |   26 |An implementation was inferred.                                                            |
| CWD-36    |Info    |   20 |Sorted the set of valid implementations for synthetic operator.                            |
| DPOPT-1   |Info    |    1 |Optimizing datapath logic.                                                                 |
| DPOPT-2   |Info    |    1 |Done optimizing datapath logic.                                                            |
| DPOPT-3   |Info    |    1 |Implementing datapath configurations.                                                      |
| DPOPT-4   |Info    |    1 |Done implementing datapath configurations.                                                 |
| DPOPT-6   |Info    |    1 |Pre-processed datapath logic.                                                              |
| ELAB-1    |Info    |    1 |Elaborating Design.                                                                        |
| ELAB-2    |Info    |    4 |Elaborating Subdesign.                                                                     |
| ELAB-3    |Info    |    1 |Done Elaborating Design.                                                                   |
| GB-6      |Info    |    6 |A datapath component has been ungrouped.                                                   |
| LBR-9     |Warning |  896 |Library cell has no output pins defined.                                                   |
|           |        |      |Add the missing output pin(s)                                                              |
|           |        |      | , then reload the library. Else the library cell will be marked as timing model i.e.      |
|           |        |      | unusable. Timing_model means that the cell does not have any defined function. If there   |
|           |        |      | is no output pin, Genus will mark library cell as unusable i.e. the attribute 'usable'    |
|           |        |      | will be marked to 'false' on the libcell. Therefore, the cell is not used for mapping and |
|           |        |      | it will not be picked up from the library for synthesis. If you query the attribute       |
|           |        |      | 'unusable_reason' on the libcell; result will be: 'Library cell has no output pins.'Note: |
|           |        |      | The message LBR-9 is only for the logical pins and not for the power_ground pins. Genus   |
|           |        |      | will depend upon the output function defined in the pin group (output pin)                |
|           |        |      | of the cell, to use it for mapping. The pg_pin will not have any function defined.        |
| LBR-22    |Warning | 1490 |Multiply-defined library cell.                                                             |
|           |        |      |Library cell names must be unique.  Any duplicates will be deleted.  Only the first        |
|           |        |      | (as determined by the order of libraries) will be retained.                               |
| LBR-38    |Warning |    2 |Libraries have inconsistent nominal operating conditions. In the Liberty library, there    |
|           |        |      | are attributes called nom_voltage, nom_process and nom_temperature. Genus reports the     |
|           |        |      | message, if the respective values of the 2 given .libs differ.                            |
|           |        |      |This is a common source of delay calculation confusion and should be avoided.              |
| LBR-40    |Info    |   32 |An unsupported construct was detected in this library.                                     |
|           |        |      |Check to see if this construct is really needed for synthesis. Many liberty constructs are |
|           |        |      | not actually required.                                                                    |
| LBR-41    |Info    | 1290 |An output library pin lacks a function attribute.                                          |
|           |        |      |If the remainder of this library cell's semantic checks are successful, it will be         |
|           |        |      | considered as a timing-model (because one of its outputs does not have a valid function.  |
| LBR-72    |Info    |   96 |Detected an unsupported timing arc type.                                                   |
|           |        |      |Refer to 'Supported Liberty timing_type Values' in the 'Timing Analysis Guide' for more    |
|           |        |      | information.                                                                              |
| LBR-162   |Info    |  388 |Both 'pos_unate' and 'neg_unate' timing_sense arcs have been processed.                    |
|           |        |      |Setting the 'timing_sense' to non_unate.                                                   |
| LBR-170   |Info    |   80 |Ignoring specified timing sense.                                                           |
|           |        |      |Timing sense should never be set with 'rising_edge' or 'falling_edge' timing type.         |
| LBR-403   |Warning |    2 |Ignoring unsupported lu_table_template.                                                    |
|           |        |      |LBR-403 is issued when an unsupported lu_table_template is encountered by GENUS.           |
| LBR-412   |Info    |    4 |Created nominal operating condition.                                                       |
|           |        |      |The nominal operating condition is represented, either by the nominal PVT values specified |
|           |        |      | in the library source (via nom_process,nom_voltage and nom_temperature respectively)      |
|           |        |      | , or by the default PVT values (1.0,1.0,1.0).                                             |
| LBR-415   |Info    |    6 |Unusable library cells found at the time of loading a library.                             |
|           |        |      |For  more  information, refer to 'Cells Identified as Unusable' in the 'User Guide'. To    |
|           |        |      | know the reason why a cell is considered as unusable, check 'unusable_reason' libcell     |
|           |        |      | attribute.                                                                                |
| LBR-510   |Warning |   12 |Unsupported attribute in the pin group.                                                    |
| LBR-785   |Info    | 1490 |Stored shadowed libcells.                                                                  |
|           |        |      |Before deleting duplicate libcells, their names are stored.                                |
| MESG-6    |Warning |    3 |Message truncated because it exceeds the maximum length of 4096 characters.                |
|           |        |      |By default messages are limited to 4096 characters. All characters after the 4096          |
|           |        |      | character limit are truncated. To remove this limit, set the message attribute 'truncate' |
|           |        |      | to 'false'. However, this may dramatically increase the size of the log file.             |
| MESG-10   |Warning |    1 |Unknown message ID.                                                                        |
| PHYS-12   |Warning |    3 |The variant range of wire parameters is too large. An example of wire parameters are, a    |
|           |        |      | WIDTH for layer, PITCH for layer, MINSPACING for layers, etc.                             |
|           |        |      |Check the consistency of the parameters, and see if you can ignore this message or you're  |
|           |        |      | using different LEF file with wrong parameters.                                           |
| PHYS-15   |Warning |   36 |Missing wire parameter.                                                                    |
|           |        |      |Check the wire parameter in LEF technology files.                                          |
| PHYS-106  |Warning |    3 |Site already defined before, duplicated site will be ignored.                              |
| PHYS-129  |Info    |   86 |Via with no resistance will have a value of '0.0' assigned for resistance value.           |
|           |        |      |If this is the expected behavior, this message can be ignored.                             |
| PHYS-752  |Info    |    1 |Partition Based Synthesis execution skipped.                                               |
| RTLOPT-40 |Info    |    7 |Transformed datapath macro.                                                                |
| SDC-201   |Warning |    3 |Unsupported SDC command option.                                                            |
|           |        |      |The current version does not support this SDC command option.  However, future versions    |
|           |        |      | may be enhanced to support this option.                                                   |
| SYNTH-1   |Info    |    1 |Synthesizing.                                                                              |
| TIM-167   |Info    |    3 |An external clock is being defined.                                                        |
|           |        |      |An external clock does not directly drive any points within the design, but is only used   |
|           |        |      | as a reference for external delays.                                                       |
| TIM-1000  |Info    |    1 |Multimode clock gating check is disabled.                                                  |
-------------------------------------------------------------------------------------------------------------------------
Current PLE settings:

Aspect ratio        : 1.000
Shrink factor       : 1.000
Scale of res/length : 1.000
Scale of cap/length : 1.000
Net derating factor : 1.000
Thermal factor      : 1.000
Via Resistance      : 0.000 ohm (from default)
Site size           : 0.666 um (from lef [tech+cell])

                                   Capacitance  
  Layer                             / Length         Data source:
Name        Direction Utilization  (pF/micron)       default value
------------------------------------------------
<default>       U         n/a         0.000250  

** = DEFAULT cap per unit length is used for timing analysis

                                    Resistance   
  Layer                              / Length         Data source:
Name        Direction Utilization  (ohm/micron)       default value
-------------------------------------------------
<default>       U         n/a          0.000000  

** = DEFAULT res per unit length is used for timing analysis

                                        Area     
  Layer                               / Length        Data source:
Name        Direction Utilization     (micron)        lef_library
-------------------------------------------------
M1              V         0.00         0.032000  
M2              H         1.00         0.032000  
M3              V         1.00         0.032000  
M4              H         1.00         0.040000  
M5              V         1.00         0.040000  
M6              H         1.00         0.040000  
M7              V         1.00         0.040000  
M8              H         1.00         0.062000  
M9              V         1.00         0.062000  
M10             H         1.00         0.450000  
M11             V         1.00         0.450000  
AP              H         1.00         1.800000  

Mapper: Libraries have:
	domain _default_: 271 combo usable cells and 24 sequential usable cells
      Mapping 'top'...
        Preparing the circuit
          Pruning unused logic
Multi-threaded constant propagation [1|0] ...
Info    : A datapath component has been ungrouped. [GB-6]
        : The instance 'ADD_TC_OP' of datapath component 'add_signed_37'.
Info    : A datapath component has been ungrouped. [GB-6]
        : The instance 'gt_37_20' of datapath component 'gt_unsigned_27_rtlopto_model_128'.
Info    : A datapath component has been ungrouped. [GB-6]
        : The instance 'gt_51_20' of datapath component 'gt_unsigned'.
Info    : Hierarchical instance automatically ungrouped. [GLO-51]
        : Instance 'divide_uut' in module 'top' would be automatically ungrouped.
        : Hierarchical instances can be automatically ungrouped to allow for better area or timing optimization. To prevent this ungroup, set the root-level attribute 'auto_ungroup' to 'none'. You can also prevent individual ungroup with setting the attribute 'ungroup_ok' of instances or modules to 'false'.
Info    : Hierarchical instance automatically ungrouped. [GLO-51]
        : Instance 'accum_uut' in module 'top' would be automatically ungrouped.
Info    : Hierarchical instance automatically ungrouped. [GLO-51]
        : Instance 'pfd_uut' in module 'top' would be automatically ungrouped.
          There are 3 hierarchical instances automatically ungrouped.
          Analyzing hierarchical boundaries
          Aggressive hierarchical optimization: disabled
          Propagating constants
        Done preparing the circuit
          Structuring (delay-based) top...
          Done structuring (delay-based) top
Multi-threaded Virtual Mapping    (6 threads, 6 of 6 CPUs usable)
          Structuring (delay-based) logic partition in top...
            Starting partial collapsing  mux_ctl_0x
            Finished partial collapsing.
            Starting redundancy-removal...
            Finished redundancy-removal...
          Done structuring (delay-based) logic partition in top
        Mapping logic partition in top...
==================================
Stage : first_condense 
==================================
  =================
   Message Summary
  =================
-------------------------------------------------------------------------------------------------------------------------
|   Id   |Sev  |Count |                                          Message Text                                           |
-------------------------------------------------------------------------------------------------------------------------
| GB-6   |Info |    3 |A datapath component has been ungrouped.                                                         |
| GLO-51 |Info |    3 |Hierarchical instance automatically ungrouped.                                                   |
|        |     |      |Hierarchical instances can be automatically ungrouped to allow for better area or timing         |
|        |     |      | optimization. To prevent this ungroup, set the root-level attribute 'auto_ungroup' to 'none'.   |
|        |     |      | You can also prevent individual ungroup with setting the attribute 'ungroup_ok' of instances or |
|        |     |      | modules to 'false'.                                                                             |
-------------------------------------------------------------------------------------------------------------------------
 
Global mapping target info
==========================
Cost Group 'CLK' target slack:    29 ps
Target path end-point (Pin: pfd_uut_Q_UP_reg/d)

          Pin                      Type         Fanout Load Arrival   
                                                       (fF)   (ps)    
----------------------------------------------------------------------
(clock VCLK)              <<<  launch                             0 R 
(constraints.tcl_line_17)      ext delay                              
EN                        (u)  in port              13  9.2           
mux_ctl_0xi/EN 
<<<<<<< HEAD
  g838/sel0                                                           
  g838/z                  (u)  unmapped_bmux3        1  2.1           
=======
  g668/sel0                                                           
  g668/z                  (u)  unmapped_bmux3        1  2.1           
>>>>>>> 90b4e5451bdad0339ba628baf341bdcf0a318382
  pfd_uut_Q_UP_reg/d      <<<  unmapped_d_flop                        
  pfd_uut_Q_UP_reg/clk         setup                                  
- - - - - - - - - - - - - - - - - - - - - - - - - - - - - - - - - - - 
(clock CLK)                    capture                         1000 R 
                               uncertainty                            
----------------------------------------------------------------------
Cost Group   : 'CLK' (path_group 'CLK')
Start-point  : EN
End-point    : mux_ctl_0xi/pfd_uut_Q_UP_reg/d
Analysis View: normWC

(u) : Net has unmapped pin(s).

The global mapper estimates a slack for this path of 646ps.
 
          Performing post-condense optimization ...


State Retention Synthesis Status
================================

Category                        Flops   Percentage
--------------------------------------------------
<<<<<<< HEAD
Total instances                    15        100.0
Excluded from State Retention      15        100.0
    - Will not convert             15        100.0
      - Preserved                   0          0.0
      - Power intent excluded      15        100.0
=======
Total instances                    14        100.0
Excluded from State Retention      14        100.0
    - Will not convert             14        100.0
      - Preserved                   0          0.0
      - Power intent excluded      14        100.0
>>>>>>> 90b4e5451bdad0339ba628baf341bdcf0a318382
    - Could not convert             0          0.0
      - Scan type                   0          0.0
      - No suitable cell            0          0.0
State Retention instances           0          0.0
--------------------------------------------------

<<<<<<< HEAD
PBS_Generic_Opt-Post - Elapsed_Time 2, CPU_Time 0.9287899999999993
=======
PBS_Generic_Opt-Post - Elapsed_Time 2, CPU_Time 1.9578580000000017
>>>>>>> 90b4e5451bdad0339ba628baf341bdcf0a318382
stamp 'PBS_Generic_Opt-Post' being created for table 'pbs_debug'

  Total Time (Wall) |  Stage Time (Wall)  |   % (Wall)   |    Date - Time     |  Memory   | Stage
--------------------+---------------------+--------------+--------------------+-----------+----------------------
<<<<<<< HEAD
 00:01:00(00:00:49) |  00:00:00(00:00:00) |   0.0(  0.0) |   15:55:28 (May03) |   1.95 GB | PBS_Generic-Start
--------------------+---------------------+--------------+--------------------+-----------+----------------------
 00:01:00(00:00:51) |  00:00:00(00:00:02) | 100.0(100.0) |   15:55:30 (May03) |   1.27 GB | PBS_Generic_Opt-Post
=======
 00:00:59(00:00:48) |  00:00:00(00:00:00) |   0.0(  0.0) |   15:24:20 (May03) |   1.93 GB | PBS_Generic-Start
--------------------+---------------------+--------------+--------------------+-----------+----------------------
 00:01:00(00:00:50) |  00:00:01(00:00:02) | 100.0(100.0) |   15:24:22 (May03) |   1.28 GB | PBS_Generic_Opt-Post
>>>>>>> 90b4e5451bdad0339ba628baf341bdcf0a318382
--------------------+---------------------+--------------+--------------------+-----------+----------------------
Number of threads: 8 * 1   (id: pbs_debug, time_info v1.57)
Info: (*N*) indicates data that was populated from previously saved time_info database
Info: CPU time includes time of parent + longest thread
        Computing net loads.
PBS_Generic-Postgen HBO Optimizations - Elapsed_Time 0, CPU_Time 0.0
stamp 'PBS_Generic-Postgen HBO Optimizations' being created for table 'pbs_debug'

  Total Time (Wall) |  Stage Time (Wall)  |   % (Wall)   |    Date - Time     |  Memory   | Stage
--------------------+---------------------+--------------+--------------------+-----------+----------------------
<<<<<<< HEAD
 00:01:00(00:00:49) |  00:00:00(00:00:00) |   0.0(  0.0) |   15:55:28 (May03) |   1.95 GB | PBS_Generic-Start
--------------------+---------------------+--------------+--------------------+-----------+----------------------
 00:01:00(00:00:51) |  00:00:00(00:00:02) | 100.0(100.0) |   15:55:30 (May03) |   1.27 GB | PBS_Generic_Opt-Post
--------------------+---------------------+--------------+--------------------+-----------+----------------------
 00:01:00(00:00:51) |  00:00:00(00:00:00) |   0.0(  0.0) |   15:55:30 (May03) |   1.27 GB | PBS_Generic-Postgen HBO Optimizations
=======
 00:00:59(00:00:48) |  00:00:00(00:00:00) |   0.0(  0.0) |   15:24:20 (May03) |   1.93 GB | PBS_Generic-Start
--------------------+---------------------+--------------+--------------------+-----------+----------------------
 00:01:00(00:00:50) |  00:00:01(00:00:02) | 100.0(100.0) |   15:24:22 (May03) |   1.28 GB | PBS_Generic_Opt-Post
--------------------+---------------------+--------------+--------------------+-----------+----------------------
 00:01:00(00:00:50) |  00:00:00(00:00:00) |   0.0(  0.0) |   15:24:22 (May03) |   1.28 GB | PBS_Generic-Postgen HBO Optimizations
>>>>>>> 90b4e5451bdad0339ba628baf341bdcf0a318382
--------------------+---------------------+--------------+--------------------+-----------+----------------------
Number of threads: 8 * 1   (id: pbs_debug, time_info v1.57)
Info: (*N*) indicates data that was populated from previously saved time_info database
Info: CPU time includes time of parent + longest thread
##>=================== Cadence Confidential (Generic-Logical) ===================
##>=================== Cadence Confidential (Generic-Logical) ===================
##>Main Thread Summary:
##>----------------------------------------------------------------------------------------
##>STEP                           Elapsed       WNS       TNS     Insts      Area    Memory
##>----------------------------------------------------------------------------------------
<<<<<<< HEAD
##>G:Initial                            0         -         -       126        74      1948
=======
##>G:Initial                            0         -         -       114        67      1930
>>>>>>> 90b4e5451bdad0339ba628baf341bdcf0a318382
##>G:Setup                              0         -         -         -         -         -
##>G:Launch ST                          0         -         -         -         -         -
##>G:Design Partition                   0         -         -         -         -         -
##>G:Create Partition Netlists          0         -         -         -         -         -
##>G:Init Power                         0         -         -         -         -         -
##>G:Budgeting                          0         -         -         -         -         -
##>G:Derenv-DB                          0         -         -         -         -         -
##>G:Debug Outputs                      0         -         -         -         -         -
##>G:ST loading                         0         -         -         -         -         -
##>G:Distributed                        0         -         -         -         -         -
##>G:Timer                              0         -         -         -         -         -
##>G:Assembly                           0         -         -         -         -         -
##>G:DFT                                0         -         -         -         -         -
<<<<<<< HEAD
##>G:Const Prop                         0         -         -        97        64      1270
=======
##>G:Const Prop                         0         -         -        85        57      1276
>>>>>>> 90b4e5451bdad0339ba628baf341bdcf0a318382
##>G:Misc                               2
##>----------------------------------------------------------------------------------------
##>Total Elapsed                        2
##>========================================================================================
Info    : Done synthesizing. [SYNTH-2]
        : Done synthesizing 'top' to generic gates.
        Computing net loads.
      flow.cputime  flow.realtime  timing.setup.tns  timing.setup.wns  snapshot
UM:*                                                                   syn_gen
@file(compile.tcl) 51: syn_map
Info    : Ignoring specified timing sense. [LBR-170]
        : The 'timing_sense' definition 'negative_unate' for library pin 'SDFKCNQD2BWP16P90/Q' is ignored.
Info    : Ignoring specified timing sense. [LBR-170]
        : The 'timing_sense' definition 'negative_unate' for library pin 'SDFKCNQD2BWP16P90/Q' is ignored.
Info    : Ignoring specified timing sense. [LBR-170]
        : The 'timing_sense' definition 'negative_unate' for library pin 'SDFKCNQD2BWP16P90/Q' is ignored.
Info    : Ignoring specified timing sense. [LBR-170]
        : The 'timing_sense' definition 'negative_unate' for library pin 'SDFKCNQD2BWP16P90/Q' is ignored.
Info    : Ignoring specified timing sense. [LBR-170]
        : The 'timing_sense' definition 'negative_unate' for library pin 'SDFKCNQD2BWP16P90LVT/Q' is ignored.
Info    : Ignoring specified timing sense. [LBR-170]
        : The 'timing_sense' definition 'negative_unate' for library pin 'SDFKCNQD2BWP16P90LVT/Q' is ignored.
Info    : Ignoring specified timing sense. [LBR-170]
        : The 'timing_sense' definition 'negative_unate' for library pin 'SDFKCNQD2BWP16P90LVT/Q' is ignored.
Info    : Ignoring specified timing sense. [LBR-170]
        : The 'timing_sense' definition 'negative_unate' for library pin 'SDFKCNQD2BWP16P90LVT/Q' is ignored.
Info    : Ignoring specified timing sense. [LBR-170]
        : The 'timing_sense' definition 'negative_unate' for library pin 'SDFKCNQD2BWP20P90/Q' is ignored.
Info    : Ignoring specified timing sense. [LBR-170]
        : The 'timing_sense' definition 'negative_unate' for library pin 'SDFKCNQD2BWP20P90/Q' is ignored.
Info    : Ignoring specified timing sense. [LBR-170]
        : The 'timing_sense' definition 'negative_unate' for library pin 'SDFKCNQD2BWP20P90/Q' is ignored.
Info    : Ignoring specified timing sense. [LBR-170]
        : The 'timing_sense' definition 'negative_unate' for library pin 'SDFKCNQD2BWP20P90/Q' is ignored.
Info    : Ignoring specified timing sense. [LBR-170]
        : The 'timing_sense' definition 'negative_unate' for library pin 'SDFKCNQD2BWP20P90LVT/Q' is ignored.
Info    : Ignoring specified timing sense. [LBR-170]
        : The 'timing_sense' definition 'negative_unate' for library pin 'SDFKCNQD2BWP20P90LVT/Q' is ignored.
Info    : Ignoring specified timing sense. [LBR-170]
        : The 'timing_sense' definition 'negative_unate' for library pin 'SDFKCNQD2BWP20P90LVT/Q' is ignored.
Info    : Ignoring specified timing sense. [LBR-170]
        : The 'timing_sense' definition 'negative_unate' for library pin 'SDFKCNQD2BWP20P90LVT/Q' is ignored.
Info    : Detected an unsupported timing arc type. [LBR-72]
        : Timing arc 'max_clock_tree_path' between libpins 'CLK' and 'CLK' on libcell 'TS1N16ADFPCLLLVTA128X64M4SWSHOD' is ignored. Hold timing analysis and optimization are not supported.
Info    : Detected an unsupported timing arc type. [LBR-72]
        : Timing arc 'min_clock_tree_path' between libpins 'CLK' and 'CLK' on libcell 'TS1N16ADFPCLLLVTA128X64M4SWSHOD' is ignored. Hold timing analysis and optimization are not supported.
Info    : Detected an unsupported timing arc type. [LBR-72]
        : Timing arc 'max_clock_tree_path' between libpins 'CLK' and 'CLK' on libcell 'TS1N16ADFPCLLLVTA16X88M2SWSHOD' is ignored. Hold timing analysis and optimization are not supported.
Info    : Detected an unsupported timing arc type. [LBR-72]
        : Timing arc 'min_clock_tree_path' between libpins 'CLK' and 'CLK' on libcell 'TS1N16ADFPCLLLVTA16X88M2SWSHOD' is ignored. Hold timing analysis and optimization are not supported.
Info    : Detected an unsupported timing arc type. [LBR-72]
        : Timing arc 'max_clock_tree_path' between libpins 'CLK' and 'CLK' on libcell 'TS1N16ADFPCLLLVTA16X96M2SWSHOD' is ignored. Hold timing analysis and optimization are not supported.
Info    : Detected an unsupported timing arc type. [LBR-72]
        : Timing arc 'min_clock_tree_path' between libpins 'CLK' and 'CLK' on libcell 'TS1N16ADFPCLLLVTA16X96M2SWSHOD' is ignored. Hold timing analysis and optimization are not supported.
Info    : Detected an unsupported timing arc type. [LBR-72]
        : Timing arc 'max_clock_tree_path' between libpins 'CLK' and 'CLK' on libcell 'TS1N16ADFPCLLLVTA512X45M4SWSHOD' is ignored. Hold timing analysis and optimization are not supported.
Info    : Detected an unsupported timing arc type. [LBR-72]
        : Timing arc 'min_clock_tree_path' between libpins 'CLK' and 'CLK' on libcell 'TS1N16ADFPCLLLVTA512X45M4SWSHOD' is ignored. Hold timing analysis and optimization are not supported.
Info    : Detected an unsupported timing arc type. [LBR-72]
        : Timing arc 'max_clock_tree_path' between libpins 'CLKW' and 'CLKW' on libcell 'TS6N16ADFPCLLLVTA128X32M4FWSHOD' is ignored. Hold timing analysis and optimization are not supported.
Info    : Detected an unsupported timing arc type. [LBR-72]
        : Timing arc 'min_clock_tree_path' between libpins 'CLKW' and 'CLKW' on libcell 'TS6N16ADFPCLLLVTA128X32M4FWSHOD' is ignored. Hold timing analysis and optimization are not supported.
Info    : Detected an unsupported timing arc type. [LBR-72]
        : Timing arc 'max_clock_tree_path' between libpins 'CLKR' and 'CLKR' on libcell 'TS6N16ADFPCLLLVTA128X32M4FWSHOD' is ignored. Hold timing analysis and optimization are not supported.
Info    : Detected an unsupported timing arc type. [LBR-72]
        : Timing arc 'min_clock_tree_path' between libpins 'CLKR' and 'CLKR' on libcell 'TS6N16ADFPCLLLVTA128X32M4FWSHOD' is ignored. Hold timing analysis and optimization are not supported.
Info    : Detected an unsupported timing arc type. [LBR-72]
        : Timing arc 'max_clock_tree_path' between libpins 'CLKW' and 'CLKW' on libcell 'TS6N16ADFPCLLLVTA128X64M4FWSHOD' is ignored. Hold timing analysis and optimization are not supported.
Info    : Detected an unsupported timing arc type. [LBR-72]
        : Timing arc 'min_clock_tree_path' between libpins 'CLKW' and 'CLKW' on libcell 'TS6N16ADFPCLLLVTA128X64M4FWSHOD' is ignored. Hold timing analysis and optimization are not supported.
Info    : Detected an unsupported timing arc type. [LBR-72]
        : Timing arc 'max_clock_tree_path' between libpins 'CLKR' and 'CLKR' on libcell 'TS6N16ADFPCLLLVTA128X64M4FWSHOD' is ignored. Hold timing analysis and optimization are not supported.
Info    : Detected an unsupported timing arc type. [LBR-72]
        : Timing arc 'min_clock_tree_path' between libpins 'CLKR' and 'CLKR' on libcell 'TS6N16ADFPCLLLVTA128X64M4FWSHOD' is ignored. Hold timing analysis and optimization are not supported.
Info    : Detected an unsupported timing arc type. [LBR-72]
        : Timing arc 'max_clock_tree_path' between libpins 'CLKW' and 'CLKW' on libcell 'TS6N16ADFPCLLLVTA16X120M2FWSHOD' is ignored. Hold timing analysis and optimization are not supported.
Info    : Detected an unsupported timing arc type. [LBR-72]
        : Timing arc 'min_clock_tree_path' between libpins 'CLKW' and 'CLKW' on libcell 'TS6N16ADFPCLLLVTA16X120M2FWSHOD' is ignored. Hold timing analysis and optimization are not supported.
Info    : Detected an unsupported timing arc type. [LBR-72]
        : Timing arc 'max_clock_tree_path' between libpins 'CLKR' and 'CLKR' on libcell 'TS6N16ADFPCLLLVTA16X120M2FWSHOD' is ignored. Hold timing analysis and optimization are not supported.
Info    : Detected an unsupported timing arc type. [LBR-72]
        : Timing arc 'min_clock_tree_path' between libpins 'CLKR' and 'CLKR' on libcell 'TS6N16ADFPCLLLVTA16X120M2FWSHOD' is ignored. Hold timing analysis and optimization are not supported.
Warning : Message truncated because it exceeds the maximum length of 4096 characters. [MESG-6]
        : Info portion of message 'LBR-415' truncated to length 4096 from 21628
Info    : Unusable library cells found at the time of loading a library.  [LBR-415]
        : Library: 'N16ADFP_StdCellss0p72vm40c_ccs.lib', Total cells: 1480, Unusable cells: 1178.
	List of unusable cells: 'AN2D12BWP16P90LVT AN2D12BWP20P90 AN2D12BWP20P90LVT AN2D16BWP16P90LVT AN2D16BWP20P90 AN2D16BWP20P90LVT AN2D1BWP16P90LVT AN2D1BWP20P90 AN2D1BWP20P90LVT AN2D2BWP16P90LVT AN2D2BWP20P90 AN2D2BWP20P90LVT AN2D4BWP16P90LVT AN2D4BWP20P90 AN2D4BWP20P90LVT AN2D8BWP16P90LVT AN2D8BWP20P90 AN2D8BWP20P90LVT AN3D1BWP16P90LVT AN3D1BWP20P90 AN3D1BWP20P90LVT AN3D2BWP16P90LVT AN3D2BWP20P90 AN3D2BWP20P90LVT AN3D4BWP16P90LVT AN3D4BWP20P90 AN3D4BWP20P90LVT AN3D8BWP16P90LVT AN3D8BWP20P90 AN3D8BWP20P90LVT AN4D1BWP16P90LVT AN4D1BWP20P90 AN4D1BWP20P90LVT AN4D2BWP16P90LVT AN4D2BWP20P90 AN4D2BWP20P90LVT AN4D4BWP16P90LVT AN4D4BWP20P90 AN4D4BWP20P90LVT AN4D8BWP16P90LVT AN4D8BWP20P90 AN4D8BWP20P90LVT AO21D1BWP16P90LVT AO21D1BWP20P90 AO21D1BWP20P90LVT AO21D2BWP16P90LVT AO21D2BWP20P90 AO21D2BWP20P90LVT AO21D4BWP16P90LVT AO21D4BWP20P90 AO21D4BWP20P90LVT AO22D1BWP16P90LVT AO22D1BWP20P90 AO22D1BWP20P90LVT AO22D2BWP16P90LVT AO22D2BWP20P90 AO22D2BWP20P90LVT AO22D4BWP16P90LVT AO22D4BWP20P90 AO22D4BWP20P90LVT AOAI211D1BWP16P90LVT AOAI211D1BWP20P90 AOAI211D1BWP20P90LVT AOAI211D2BWP16P90LVT AOAI211D2BWP20P90 AOAI211D2BWP20P90LVT AOAI211D4BWP16P90LVT AOAI211D4BWP20P90 AOAI211D4BWP20P90LVT AOI211D1BWP16P90LVT AOI211D1BWP20P90 AOI211D1BWP20P90LVT AOI211D2BWP16P90LVT AOI211D2BWP20P90 AOI211D2BWP20P90LVT AOI211D4BWP16P90LVT AOI211D4BWP20P90 AOI211D4BWP20P90LVT AOI211D8BWP16P90LVT AOI211D8BWP20P90 AOI211D8BWP20P90LVT AOI21D1BWP16P90LVT AOI21D1BWP20P90 AOI21D1BWP20P90LVT AOI21D2BWP16P90LVT AOI21D2BWP20P90 AOI21D2BWP20P90LVT AOI21D4BWP16P90LVT AOI21D4BWP20P90 AOI21D4BWP20P90LVT AOI21D8BWP16P90LVT AOI21D8BWP20P90 AOI21D8BWP20P90LVT AOI221D1BWP16P90LVT AOI221D1BWP20P90 AOI221D1BWP20P90LVT AOI221D2BWP16P90LVT AOI221D2BWP20P90 AOI221D2BWP20P90LVT AOI221D4BWP16P90LVT AOI221D4BWP20P90 AOI221D4BWP20P90LVT AOI222D1BWP16P90LVT AOI222D1BWP20P90 AOI222D1BWP20P90LVT AOI222D2BWP16P90LVT AOI222D2BWP20P90 AOI222D2BWP20P90LVT AOI222D4BWP16P90LVT AOI222D4BWP20P90 AOI222D4BWP20P90LVT AOI22D1BWP16P90LVT AOI22D1BWP20P90 AOI22D1BWP20P90LVT AOI22D2BWP16P90LVT AOI22D2BWP20P90 AOI22D2BWP20P90LVT AOI22D4BWP16P90LVT AOI22D4BWP20P90 AOI22D4BWP20P90LVT AOI22D8BWP16P90LVT AOI22D8BWP20P90 AOI22D8BWP20P90LVT AOI31D1BWP16P90LVT AOI31D1BWP20P90 AOI31D1BWP20P90LVT AOI31D2BWP16P90LVT AOI31D2BWP20P90 AOI31D2BWP20P90LVT AOI31D4BWP16P90LVT AOI31D4BWP20P90 AOI31D4BWP20P90LVT AOI32D1BWP16P90LVT AOI32D1BWP20P90 AOI32D1BWP20P90LVT AOI32D2BWP16P90LVT AOI32D2BWP20P90 AOI32D2BWP20P90LVT AOI32D4BWP16P90LVT AOI32D4BWP20P90 AOI32D4BWP20P90LVT AOI33D1BWP16P90LVT AOI33D1BWP20P90 AOI33D1BWP20P90LVT AOI33D2BWP16P90LVT AOI33D2BWP20P90 AOI33D2BWP20P90LVT AOI33D4BWP16P90LVT AOI33D4BWP20P90 AOI33D4BWP20P90LVT BOUNDARY_LEFTBWP16P90 BOUNDARY_LEFTBWP16P90LVT BOUNDARY_LEFTBWP20P90 BOUNDARY_LEFTBWP20P90LVT BOUNDARY_NCORNERBWP16P90 BOUNDARY_NCORNERBWP16P90LVT BOUNDARY_NCORNERBWP20P90 BOUNDARY_NCORNERBWP20P90LVT BOUNDARY_NROW1BWP16P90 BOUNDARY_NROW1BWP16P90LVT BOUNDARY_NROW1BWP20P90 BOUNDARY_NROW1BWP20P90LVT BOUNDARY_NROW2BWP16P90 BOUNDARY_NROW2BWP16P90LVT BOUNDARY_NROW2BWP20P90 BOUNDARY_NROW2BWP20P90LVT BOUNDARY_NROW3BWP16P90 BOUNDARY_NROW3BWP16P90LVT BOUNDARY_NROW3BWP20P90 BOUNDARY_NROW3BWP20P90LVT BOUNDARY_NROW4BWP16P90 BOUNDARY_NROW4BWP16P90LVT BOUNDARY_NROW4BWP20P90 BOUNDARY_NROW4BWP20P90LVT BOUNDARY_NTAPBWP16P90 BOUNDARY_NTAPBWP16P90LVT BOUNDARY_NTAPBWP16P90LVT_VPP_VBB BOUNDARY_NTAPBWP16P90LVT_VPP_VSS BOUNDARY_NTAPBWP16P90_VPP_VBB BOUNDARY_NTAPBWP16P90_VPP_VSS BOUNDARY_NTAPBWP20P90 BOUNDARY_NTAPBWP20P90LVT BOUNDARY_NTAPBWP20P90LVT_VPP_VBB BOUNDARY_NTAPBWP20P90LVT_VPP_VSS BOUNDARY_NTAPBWP20P90_VPP_VBB BOUNDARY_NTAPBWP20P90_VPP_VSS BOUNDARY_PCORNERBWP16P90 BOUNDARY_PCORNERBWP16P90LVT BOUNDARY_PCORNERBWP20P90 BOUNDARY_PCORNERBWP20P90LVT BOUNDARY_PROW1BWP16P90 BOUNDARY_PROW1BWP16P90LVT BOUNDARY_PROW1BWP20P90 BOUNDARY_PROW1BWP20P90LVT BOUNDARY_PROW2BWP16P90 BOUNDARY_PROW2BWP16P90LVT BOUNDARY_PROW2BWP20P90 BOUNDARY_PROW2BWP20P90LVT BOUNDARY_PROW3BWP16P90 BOUNDARY_PROW3BWP16P90LVT BOUNDARY_PROW3BWP20P90 BOUNDARY_PROW3BWP
Info    : Unusable library cells found at the time of loading a library.  [LBR-415]
        : Library: 'N16ADFP_SRAM_ss0p72v0p72vm40c_100a.lib', Total cells: 10, Unusable cells: 10.
	List of unusable cells: 'TS1N16ADFPCLLLVTA128X64M4SWSHOD TS1N16ADFPCLLLVTA16X88M2SWSHOD TS1N16ADFPCLLLVTA16X96M2SWSHOD TS1N16ADFPCLLLVTA512X45M4SWSHOD TS6N16ADFPCLLLVTA128X32M4FWSHOD TS6N16ADFPCLLLVTA128X64M4FWSHOD TS6N16ADFPCLLLVTA16X120M2FWSHOD TS6N16ADFPCLLLVTA16X32M2FWSHOD TS6N16ADFPCLLLVTA16X72M2FWSHOD TS6N16ADFPCLLLVTA32X32M2FWSHOD .'
##Generic Timing Info for library domain: _default_ typical gate delay: 21.9 ps std_slew: 4.7 ps std_load: 2.1 fF
Current PLE settings:

Aspect ratio        : 1.000
Shrink factor       : 1.000
Scale of res/length : 1.000
Scale of cap/length : 1.000
Net derating factor : 1.000
Thermal factor      : 1.000
Via Resistance      : 0.000 ohm (from default)
Site size           : 0.666 um (from lef [tech+cell])

                                   Capacitance  
  Layer                             / Length         Data source:
Name        Direction Utilization  (pF/micron)       default value
------------------------------------------------
<default>       U         n/a         0.000250  

** = DEFAULT cap per unit length is used for timing analysis

                                    Resistance   
  Layer                              / Length         Data source:
Name        Direction Utilization  (ohm/micron)       default value
-------------------------------------------------
<default>       U         n/a          0.000000  

** = DEFAULT res per unit length is used for timing analysis

                                        Area     
  Layer                               / Length        Data source:
Name        Direction Utilization     (micron)        lef_library
-------------------------------------------------
M1              V         0.00         0.032000  
M2              H         1.00         0.032000  
M3              V         1.00         0.032000  
M4              H         1.00         0.040000  
M5              V         1.00         0.040000  
M6              H         1.00         0.040000  
M7              V         1.00         0.040000  
M8              H         1.00         0.062000  
M9              V         1.00         0.062000  
M10             H         1.00         0.450000  
M11             V         1.00         0.450000  
AP              H         1.00         1.800000  

Info    : Mapping. [SYNTH-4]
        : Mapping 'top' using 'high' effort.
Mapper: Libraries have:
	domain _default_: 271 combo usable cells and 24 sequential usable cells
Configuring mapper costing (none)
TNS Restructuring config: no_value at stage: map applied.
PBS_TechMap-Start - Elapsed_Time 0, CPU_Time 0.0
stamp 'PBS_TechMap-Start' being created for table 'pbs_debug'

  Total Time (Wall) |  Stage Time (Wall)  |   % (Wall)   |    Date - Time     |  Memory   | Stage
--------------------+---------------------+--------------+--------------------+-----------+----------------------
<<<<<<< HEAD
 00:01:00(00:00:49) |  00:00:00(00:00:00) |   0.0(  0.0) |   15:55:28 (May03) |   1.95 GB | PBS_Generic-Start
--------------------+---------------------+--------------+--------------------+-----------+----------------------
 00:01:00(00:00:51) |  00:00:00(00:00:02) |  48.2( 66.7) |   15:55:30 (May03) |   1.27 GB | PBS_Generic_Opt-Post
--------------------+---------------------+--------------+--------------------+-----------+----------------------
 00:01:00(00:00:51) |  00:00:00(00:00:00) |   0.0(  0.0) |   15:55:30 (May03) |   1.27 GB | PBS_Generic-Postgen HBO Optimizations
--------------------+---------------------+--------------+--------------------+-----------+----------------------
 00:01:01(00:00:52) |  00:00:01(00:00:01) |  51.8( 33.3) |   15:55:31 (May03) |   1.27 GB | PBS_TechMap-Start
=======
 00:00:59(00:00:48) |  00:00:00(00:00:00) |   0.0(  0.0) |   15:24:20 (May03) |   1.93 GB | PBS_Generic-Start
--------------------+---------------------+--------------+--------------------+-----------+----------------------
 00:01:00(00:00:50) |  00:00:01(00:00:02) |  66.2( 66.7) |   15:24:22 (May03) |   1.28 GB | PBS_Generic_Opt-Post
--------------------+---------------------+--------------+--------------------+-----------+----------------------
 00:01:00(00:00:50) |  00:00:00(00:00:00) |   0.0(  0.0) |   15:24:22 (May03) |   1.28 GB | PBS_Generic-Postgen HBO Optimizations
--------------------+---------------------+--------------+--------------------+-----------+----------------------
 00:01:01(00:00:51) |  00:00:01(00:00:01) |  33.8( 33.3) |   15:24:23 (May03) |   1.28 GB | PBS_TechMap-Start
>>>>>>> 90b4e5451bdad0339ba628baf341bdcf0a318382
--------------------+---------------------+--------------+--------------------+-----------+----------------------
Number of threads: 8 * 1   (id: pbs_debug, time_info v1.57)
Info: (*N*) indicates data that was populated from previously saved time_info database
Info: CPU time includes time of parent + longest thread
        Computing net loads.
PBS_TechMap-Premap HBO Optimizations - Elapsed_Time 0, CPU_Time 0.0
stamp 'PBS_TechMap-Premap HBO Optimizations' being created for table 'pbs_debug'

  Total Time (Wall) |  Stage Time (Wall)  |   % (Wall)   |    Date - Time     |  Memory   | Stage
--------------------+---------------------+--------------+--------------------+-----------+----------------------
<<<<<<< HEAD
 00:01:00(00:00:49) |  00:00:00(00:00:00) |   0.0(  0.0) |   15:55:28 (May03) |   1.95 GB | PBS_Generic-Start
--------------------+---------------------+--------------+--------------------+-----------+----------------------
 00:01:00(00:00:51) |  00:00:00(00:00:02) |  48.2( 66.7) |   15:55:30 (May03) |   1.27 GB | PBS_Generic_Opt-Post
--------------------+---------------------+--------------+--------------------+-----------+----------------------
 00:01:00(00:00:51) |  00:00:00(00:00:00) |   0.0(  0.0) |   15:55:30 (May03) |   1.27 GB | PBS_Generic-Postgen HBO Optimizations
--------------------+---------------------+--------------+--------------------+-----------+----------------------
 00:01:01(00:00:52) |  00:00:01(00:00:01) |  51.8( 33.3) |   15:55:31 (May03) |   1.27 GB | PBS_TechMap-Start
--------------------+---------------------+--------------+--------------------+-----------+----------------------
 00:01:01(00:00:52) |  00:00:00(00:00:00) |   0.0(  0.0) |   15:55:31 (May03) |   1.27 GB | PBS_TechMap-Premap HBO Optimizations
=======
 00:00:59(00:00:48) |  00:00:00(00:00:00) |   0.0(  0.0) |   15:24:20 (May03) |   1.93 GB | PBS_Generic-Start
--------------------+---------------------+--------------+--------------------+-----------+----------------------
 00:01:00(00:00:50) |  00:00:01(00:00:02) |  66.2( 66.7) |   15:24:22 (May03) |   1.28 GB | PBS_Generic_Opt-Post
--------------------+---------------------+--------------+--------------------+-----------+----------------------
 00:01:00(00:00:50) |  00:00:00(00:00:00) |   0.0(  0.0) |   15:24:22 (May03) |   1.28 GB | PBS_Generic-Postgen HBO Optimizations
--------------------+---------------------+--------------+--------------------+-----------+----------------------
 00:01:01(00:00:51) |  00:00:01(00:00:01) |  33.8( 33.3) |   15:24:23 (May03) |   1.28 GB | PBS_TechMap-Start
--------------------+---------------------+--------------+--------------------+-----------+----------------------
 00:01:01(00:00:51) |  00:00:00(00:00:00) |   0.0(  0.0) |   15:24:23 (May03) |   1.28 GB | PBS_TechMap-Premap HBO Optimizations
>>>>>>> 90b4e5451bdad0339ba628baf341bdcf0a318382
--------------------+---------------------+--------------+--------------------+-----------+----------------------
Number of threads: 8 * 1   (id: pbs_debug, time_info v1.57)
Info: (*N*) indicates data that was populated from previously saved time_info database
Info: CPU time includes time of parent + longest thread
Info    : Partition Based Synthesis execution skipped. [PHYS-752]
        : Design size is less than the partition size '100000' for distributed mapping optimization to kick in.
Current PLE settings:

Aspect ratio        : 1.000
Shrink factor       : 1.000
Scale of res/length : 1.000
Scale of cap/length : 1.000
Net derating factor : 1.000
Thermal factor      : 1.000
Via Resistance      : 0.000 ohm (from default)
Site size           : 0.666 um (from lef [tech+cell])

                                   Capacitance  
  Layer                             / Length         Data source:
Name        Direction Utilization  (pF/micron)       default value
------------------------------------------------
<default>       U         n/a         0.000250  

** = DEFAULT cap per unit length is used for timing analysis

                                    Resistance   
  Layer                              / Length         Data source:
Name        Direction Utilization  (ohm/micron)       default value
-------------------------------------------------
<default>       U         n/a          0.000000  

** = DEFAULT res per unit length is used for timing analysis

                                        Area     
  Layer                               / Length        Data source:
Name        Direction Utilization     (micron)        lef_library
-------------------------------------------------
M1              V         0.00         0.032000  
M2              H         1.00         0.032000  
M3              V         1.00         0.032000  
M4              H         1.00         0.040000  
M5              V         1.00         0.040000  
M6              H         1.00         0.040000  
M7              V         1.00         0.040000  
M8              H         1.00         0.062000  
M9              V         1.00         0.062000  
M10             H         1.00         0.450000  
M11             V         1.00         0.450000  
AP              H         1.00         1.800000  

Mapper: Libraries have:
	domain _default_: 271 combo usable cells and 24 sequential usable cells
      Mapping 'top'...
        Preparing the circuit
          Pruning unused logic
          Analyzing hierarchical boundaries
          Aggressive hierarchical optimization: disabled
          Propagating constants
        Done preparing the circuit
          Structuring (delay-based) top...
          Done structuring (delay-based) top
Multi-threaded Virtual Mapping    (6 threads, 6 of 6 CPUs usable)
          Structuring (delay-based) logic partition in top...
            Starting redundancy-removal...
            Finished redundancy-removal...
          Done structuring (delay-based) logic partition in top
        Mapping logic partition in top...
 
Global mapping target info
==========================
Cost Group 'CLK' target slack:    29 ps
Target path end-point (Pin: pfd_uut_Q_UP_reg/d)

          Pin                      Type         Fanout Load Arrival   
                                                       (fF)   (ps)    
----------------------------------------------------------------------
(clock VCLK)              <<<  launch                             0 R 
(constraints.tcl_line_17)      ext delay                              
EN                        (u)  in port              13  9.2           
mux_ctl_0xi/EN 
<<<<<<< HEAD
  g1107/sel0                                                          
  g1107/z                 (u)  unmapped_bmux3        1  2.1           
=======
  g895/sel0                                                           
  g895/z                  (u)  unmapped_bmux3        1  2.1           
>>>>>>> 90b4e5451bdad0339ba628baf341bdcf0a318382
  pfd_uut_Q_UP_reg/d      <<<  unmapped_d_flop                        
  pfd_uut_Q_UP_reg/clk         setup                                  
- - - - - - - - - - - - - - - - - - - - - - - - - - - - - - - - - - - 
(clock CLK)                    capture                         1000 R 
                               uncertainty                            
----------------------------------------------------------------------
Cost Group   : 'CLK' (path_group 'CLK')
Start-point  : EN
End-point    : mux_ctl_0xi/pfd_uut_Q_UP_reg/d
Analysis View: normWC

(u) : Net has unmapped pin(s).

The global mapper estimates a slack for this path of 646ps.
 
Multi-threaded Technology Mapping (6 threads, 6 of 6 CPUs usable)
          Restructuring (delay-based) logic partition in top...
          Done restructuring (delay-based) logic partition in top
        Optimizing logic partition in top...
 
Global mapping timing result
============================
        Computing net loads.
        Tracing clock networks.
        Levelizing the circuit.
        Computing delays.
        Computing arrivals and requireds.
          Pin                      Type         Fanout Load Slew Delay Arrival   
                                                       (fF) (ps)  (ps)   (ps)    
---------------------------------------------------------------------------------
(clock VCLK)                   launch                                        0 R 
(constraints.tcl_line_17)      ext delay                          +300     300 R 
EN                             in port               7  8.7    0    +0     300 R 
mux_ctl_0xi/EN 
<<<<<<< HEAD
  g1390/I                                                           +0     300   
  g1390/ZN                     CKND4BWP16P90         7  7.7    9    +7     307 F 
  g1382/B1                                                          +0     307   
  g1382/ZN                     IND2D1BWP16P90        1  1.5   10   +10     317 R 
=======
  g1133/I                                                           +0     300   
  g1133/ZN                     CKND4BWP16P90         7  7.7    9    +7     307 F 
  g1128/B1                                                          +0     307   
  g1128/ZN                     IND2D1BWP16P90        1  1.5   10   +10     317 R 
>>>>>>> 90b4e5451bdad0339ba628baf341bdcf0a318382
  pfd_uut_Q_UP_reg/D      <<<  DFCNQD2BWP16P90                      +0     317   
  pfd_uut_Q_UP_reg/CP          setup                           5   +23     340 R 
- - - - - - - - - - - - - - - - - - - - - - - - - - - - - - - - - - - - - - - - -
(clock CLK)                    capture                                    1000 R 
                               uncertainty                         -20     980 R 
---------------------------------------------------------------------------------
Cost Group   : 'CLK' (path_group 'CLK')
Timing slack :     640ps 
Start-point  : EN
End-point    : mux_ctl_0xi/pfd_uut_Q_UP_reg/D
Analysis View: normWC

 
 
Global mapping status
=====================
                                   Group   
                                  Tot Wrst 
                           Total  Weighted 
Operation                   Area   Slacks  
<<<<<<< HEAD
 global_map                   45        0 
=======
 global_map                   39        0 
>>>>>>> 90b4e5451bdad0339ba628baf341bdcf0a318382

    Cost Group            Target    Slack    Diff.  Constr.
-----------------------------------------------------------
           CLK                29      640              1000 

 
Global incremental target info
==============================
Cost Group 'CLK' target slack:    13 ps
Target path end-point (Pin: pfd_uut_Q_UP_reg/D (DFCNQD2BWP16P90/D))

          Pin                      Type         Fanout Load Arrival   
                                                       (fF)   (ps)    
----------------------------------------------------------------------
(clock VCLK)              <<<  launch                             0 R 
(constraints.tcl_line_17)      ext delay                              
EN                             in port               7  8.7           
mux_ctl_0xi/EN 
<<<<<<< HEAD
  g1390/I                                                             
  g1390/ZN                     CKND4BWP16P90         7  7.7           
  g1382/B1                                                            
  g1382/ZN                     IND2D1BWP16P90        1  1.5           
=======
  g1133/I                                                             
  g1133/ZN                     CKND4BWP16P90         7  7.7           
  g1128/B1                                                            
  g1128/ZN                     IND2D1BWP16P90        1  1.5           
>>>>>>> 90b4e5451bdad0339ba628baf341bdcf0a318382
  pfd_uut_Q_UP_reg/D      <<<  DFCNQD2BWP16P90                        
  pfd_uut_Q_UP_reg/CP          setup                                  
- - - - - - - - - - - - - - - - - - - - - - - - - - - - - - - - - - - 
(clock CLK)                    capture                         1000 R 
                               uncertainty                            
----------------------------------------------------------------------
Cost Group   : 'CLK' (path_group 'CLK')
Start-point  : EN
End-point    : mux_ctl_0xi/pfd_uut_Q_UP_reg/D
Analysis View: normWC

The global mapper estimates a slack for this path of 640ps.
 
 
Global incremental timing result
================================
        Computing net loads.
        Tracing clock networks.
        Levelizing the circuit.
        Computing delays.
        Computing arrivals and requireds.
          Pin                      Type         Fanout Load Slew Delay Arrival   
                                                       (fF) (ps)  (ps)   (ps)    
---------------------------------------------------------------------------------
(clock VCLK)                   launch                                        0 R 
(constraints.tcl_line_17)      ext delay                          +300     300 R 
EN                             in port               7  6.9    0    +0     300 R 
mux_ctl_0xi/EN 
<<<<<<< HEAD
  g1390/I                                                           +0     300   
  g1390/ZN                     CKND1BWP16P90         7  7.7   33   +21     321 F 
  g1382/B1                                                          +0     321   
  g1382/ZN                     IND2D1BWP16P90        1  1.5   14   +18     338 R 
=======
  g1133/I                                                           +0     300   
  g1133/ZN                     CKND1BWP16P90         7  7.7   33   +21     321 F 
  g1128/B1                                                          +0     321   
  g1128/ZN                     IND2D1BWP16P90        1  1.5   14   +18     338 R 
>>>>>>> 90b4e5451bdad0339ba628baf341bdcf0a318382
  pfd_uut_Q_UP_reg/D      <<<  DFCNQD2BWP16P90                      +0     338   
  pfd_uut_Q_UP_reg/CP          setup                           5   +24     362 R 
- - - - - - - - - - - - - - - - - - - - - - - - - - - - - - - - - - - - - - - - -
(clock CLK)                    capture                                    1000 R 
                               uncertainty                         -20     980 R 
---------------------------------------------------------------------------------
Cost Group   : 'CLK' (path_group 'CLK')
Timing slack :     618ps 
Start-point  : EN
End-point    : mux_ctl_0xi/pfd_uut_Q_UP_reg/D
Analysis View: normWC

 
==================================
Stage : global_incr_map 
==================================
  =================
   Message Summary
  =================
-------------------------------------------------------------------------------------------------------------------------
|    Id    |  Sev   |Count |                                       Message Text                                         |
-------------------------------------------------------------------------------------------------------------------------
| LBR-72   |Info    |   32 |Detected an unsupported timing arc type.                                                    |
|          |        |      |Refer to 'Supported Liberty timing_type Values' in the 'Timing Analysis Guide' for more     |
|          |        |      | information.                                                                               |
| LBR-170  |Info    |   16 |Ignoring specified timing sense.                                                            |
|          |        |      |Timing sense should never be set with 'rising_edge' or 'falling_edge' timing type.          |
| LBR-415  |Info    |    2 |Unusable library cells found at the time of loading a library.                              |
|          |        |      |For  more  information, refer to 'Cells Identified as Unusable' in the 'User Guide'. To     |
|          |        |      | know the reason why a cell is considered as unusable, check 'unusable_reason' libcell      |
|          |        |      | attribute.                                                                                 |
| MESG-6   |Warning |    1 |Message truncated because it exceeds the maximum length of 4096 characters.                 |
|          |        |      |By default messages are limited to 4096 characters. All characters after the 4096 character |
|          |        |      | limit are truncated. To remove this limit, set the message attribute 'truncate' to         |
|          |        |      | 'false'. However, this may dramatically increase the size of the log file.                 |
| PA-7     |Info    |    2 |Resetting power analysis results.                                                           |
|          |        |      |All computed switching activities are removed.                                              |
| PHYS-752 |Info    |    1 |Partition Based Synthesis execution skipped.                                                |
| SYNTH-2  |Info    |    1 |Done synthesizing.                                                                          |
| SYNTH-4  |Info    |    1 |Mapping.                                                                                    |
-------------------------------------------------------------------------------------------------------------------------
 
Global incremental optimization status
======================================
                                   Group   
                                  Tot Wrst 
                           Total  Weighted 
Operation                   Area   Slacks  
<<<<<<< HEAD
 global_incr                  44        0 
=======
 global_incr                  39        0 
>>>>>>> 90b4e5451bdad0339ba628baf341bdcf0a318382

    Cost Group            Target    Slack    Diff.  Constr.
-----------------------------------------------------------
           CLK                13      618              1000 


Scan mapping status report
==========================
    Scan mapping: converting flip-flops that pass TDRC.
    Scan mapping: bypassed.  You have to either 1) set attribute 'dft_scan_map_mode' to 'tdrc_pass' and run 'check_dft_rules' or 2) set attribute 'dft_scan_map_mode' to 'force_all'.

    Scan mapping bypassed because no TDRC data is available: either command 'check_dft_rules' has not been run or TDRC data has been subsequently invalidated.
          Performing post-mapping optimization ...


State Retention Synthesis Status
================================

Category                        Flops   Percentage
--------------------------------------------------
<<<<<<< HEAD
Total instances                    15        100.0
Excluded from State Retention      15        100.0
    - Will not convert             15        100.0
      - Preserved                   0          0.0
      - Power intent excluded      15        100.0
=======
Total instances                    14        100.0
Excluded from State Retention      14        100.0
    - Will not convert             14        100.0
      - Preserved                   0          0.0
      - Power intent excluded      14        100.0
>>>>>>> 90b4e5451bdad0339ba628baf341bdcf0a318382
    - Could not convert             0          0.0
      - Scan type                   0          0.0
      - No suitable cell            0          0.0
State Retention instances           0          0.0
--------------------------------------------------

INFO: skipping constant propagation
<<<<<<< HEAD
PBS_Techmap-Global Mapping - Elapsed_Time 1, CPU_Time 0.904873000000002
=======
PBS_Techmap-Global Mapping - Elapsed_Time 0, CPU_Time 0.8776809999999955
>>>>>>> 90b4e5451bdad0339ba628baf341bdcf0a318382
stamp 'PBS_Techmap-Global Mapping' being created for table 'pbs_debug'

  Total Time (Wall) |  Stage Time (Wall)  |   % (Wall)   |    Date - Time     |  Memory   | Stage
--------------------+---------------------+--------------+--------------------+-----------+----------------------
<<<<<<< HEAD
 00:01:00(00:00:49) |  00:00:00(00:00:00) |   0.0(  0.0) |   15:55:28 (May03) |   1.95 GB | PBS_Generic-Start
--------------------+---------------------+--------------+--------------------+-----------+----------------------
 00:01:00(00:00:51) |  00:00:00(00:00:02) |  32.8( 50.0) |   15:55:30 (May03) |   1.27 GB | PBS_Generic_Opt-Post
--------------------+---------------------+--------------+--------------------+-----------+----------------------
 00:01:00(00:00:51) |  00:00:00(00:00:00) |   0.0(  0.0) |   15:55:30 (May03) |   1.27 GB | PBS_Generic-Postgen HBO Optimizations
--------------------+---------------------+--------------+--------------------+-----------+----------------------
 00:01:01(00:00:52) |  00:00:01(00:00:01) |  35.3( 25.0) |   15:55:31 (May03) |   1.27 GB | PBS_TechMap-Start
--------------------+---------------------+--------------+--------------------+-----------+----------------------
 00:01:01(00:00:52) |  00:00:00(00:00:00) |   0.0(  0.0) |   15:55:31 (May03) |   1.27 GB | PBS_TechMap-Premap HBO Optimizations
--------------------+---------------------+--------------+--------------------+-----------+----------------------
 00:01:02(00:00:53) |  00:00:00(00:00:01) |  31.9( 25.0) |   15:55:32 (May03) |   1.27 GB | PBS_Techmap-Global Mapping
=======
 00:00:59(00:00:48) |  00:00:00(00:00:00) |   0.0(  0.0) |   15:24:20 (May03) |   1.93 GB | PBS_Generic-Start
--------------------+---------------------+--------------+--------------------+-----------+----------------------
 00:01:00(00:00:50) |  00:00:01(00:00:02) |  51.0( 66.7) |   15:24:22 (May03) |   1.28 GB | PBS_Generic_Opt-Post
--------------------+---------------------+--------------+--------------------+-----------+----------------------
 00:01:00(00:00:50) |  00:00:00(00:00:00) |   0.0(  0.0) |   15:24:22 (May03) |   1.28 GB | PBS_Generic-Postgen HBO Optimizations
--------------------+---------------------+--------------+--------------------+-----------+----------------------
 00:01:01(00:00:51) |  00:00:01(00:00:01) |  26.1( 33.3) |   15:24:23 (May03) |   1.28 GB | PBS_TechMap-Start
--------------------+---------------------+--------------+--------------------+-----------+----------------------
 00:01:01(00:00:51) |  00:00:00(00:00:00) |   0.0(  0.0) |   15:24:23 (May03) |   1.28 GB | PBS_TechMap-Premap HBO Optimizations
--------------------+---------------------+--------------+--------------------+-----------+----------------------
 00:01:02(00:00:51) |  00:00:00(00:00:00) |  22.9(  0.0) |   15:24:23 (May03) |   1.28 GB | PBS_Techmap-Global Mapping
>>>>>>> 90b4e5451bdad0339ba628baf341bdcf0a318382
--------------------+---------------------+--------------+--------------------+-----------+----------------------
Number of threads: 8 * 1   (id: pbs_debug, time_info v1.57)
Info: (*N*) indicates data that was populated from previously saved time_info database
Info: CPU time includes time of parent + longest thread
Warning : Detected a logic abstract in the design. [VRO-14]
        : The name of the logic abstract module is 'ro_netlist'.
        : A logic abstract is an unresolved reference with defined port names and directions. By default, such modules are written in the netlist. Use '::legacy::set_attribute write_vlog_empty_module_for_logic_abstract false /' to prevent writing empty modules in the netlist for a logic abstract.
Info    : Wrote formal verification information. [CFM-5]
        : Wrote 'fv/top/fv_map.fv.json' for netlist 'fv/top/fv_map.v.gz'.
Info    : Existing dofile found. Copied as fv/top/rtl_to_fv_map.do~.
Info    : Wrote dofile. [CFM-1]
        : Dofile is 'fv/top/rtl_to_fv_map.do'.
        : Alias mapping flow is enabled.
        Computing net loads.
PBS_TechMap-Datapath Postmap Operations - Elapsed_Time 1, CPU_Time 1.0
stamp 'PBS_TechMap-Datapath Postmap Operations' being created for table 'pbs_debug'

  Total Time (Wall) |  Stage Time (Wall)  |   % (Wall)   |    Date - Time     |  Memory   | Stage
--------------------+---------------------+--------------+--------------------+-----------+----------------------
<<<<<<< HEAD
 00:01:00(00:00:49) |  00:00:00(00:00:00) |   0.0(  0.0) |   15:55:28 (May03) |   1.95 GB | PBS_Generic-Start
--------------------+---------------------+--------------+--------------------+-----------+----------------------
 00:01:00(00:00:51) |  00:00:00(00:00:02) |  24.2( 40.0) |   15:55:30 (May03) |   1.27 GB | PBS_Generic_Opt-Post
--------------------+---------------------+--------------+--------------------+-----------+----------------------
 00:01:00(00:00:51) |  00:00:00(00:00:00) |   0.0(  0.0) |   15:55:30 (May03) |   1.27 GB | PBS_Generic-Postgen HBO Optimizations
--------------------+---------------------+--------------+--------------------+-----------+----------------------
 00:01:01(00:00:52) |  00:00:01(00:00:01) |  26.1( 20.0) |   15:55:31 (May03) |   1.27 GB | PBS_TechMap-Start
--------------------+---------------------+--------------+--------------------+-----------+----------------------
 00:01:01(00:00:52) |  00:00:00(00:00:00) |   0.0(  0.0) |   15:55:31 (May03) |   1.27 GB | PBS_TechMap-Premap HBO Optimizations
--------------------+---------------------+--------------+--------------------+-----------+----------------------
 00:01:02(00:00:53) |  00:00:00(00:00:01) |  23.6( 20.0) |   15:55:32 (May03) |   1.27 GB | PBS_Techmap-Global Mapping
--------------------+---------------------+--------------+--------------------+-----------+----------------------
 00:01:03(00:00:54) |  00:00:01(00:00:01) |  26.1( 20.0) |   15:55:33 (May03) |   1.27 GB | PBS_TechMap-Datapath Postmap Operations
=======
 00:00:59(00:00:48) |  00:00:00(00:00:00) |   0.0(  0.0) |   15:24:20 (May03) |   1.93 GB | PBS_Generic-Start
--------------------+---------------------+--------------+--------------------+-----------+----------------------
 00:01:00(00:00:50) |  00:00:01(00:00:02) |  40.5( 50.0) |   15:24:22 (May03) |   1.28 GB | PBS_Generic_Opt-Post
--------------------+---------------------+--------------+--------------------+-----------+----------------------
 00:01:00(00:00:50) |  00:00:00(00:00:00) |   0.0(  0.0) |   15:24:22 (May03) |   1.28 GB | PBS_Generic-Postgen HBO Optimizations
--------------------+---------------------+--------------+--------------------+-----------+----------------------
 00:01:01(00:00:51) |  00:00:01(00:00:01) |  20.7( 25.0) |   15:24:23 (May03) |   1.28 GB | PBS_TechMap-Start
--------------------+---------------------+--------------+--------------------+-----------+----------------------
 00:01:01(00:00:51) |  00:00:00(00:00:00) |   0.0(  0.0) |   15:24:23 (May03) |   1.28 GB | PBS_TechMap-Premap HBO Optimizations
--------------------+---------------------+--------------+--------------------+-----------+----------------------
 00:01:02(00:00:51) |  00:00:00(00:00:00) |  18.2(  0.0) |   15:24:23 (May03) |   1.28 GB | PBS_Techmap-Global Mapping
--------------------+---------------------+--------------+--------------------+-----------+----------------------
 00:01:03(00:00:52) |  00:00:01(00:00:01) |  20.7( 25.0) |   15:24:24 (May03) |   1.28 GB | PBS_TechMap-Datapath Postmap Operations
>>>>>>> 90b4e5451bdad0339ba628baf341bdcf0a318382
--------------------+---------------------+--------------+--------------------+-----------+----------------------
Number of threads: 8 * 1   (id: pbs_debug, time_info v1.57)
Info: (*N*) indicates data that was populated from previously saved time_info database
Info: CPU time includes time of parent + longest thread
<<<<<<< HEAD
PBS_TechMap-Postmap HBO Optimizations - Elapsed_Time 0, CPU_Time -0.00019100000000094042
=======
PBS_TechMap-Postmap HBO Optimizations - Elapsed_Time 0, CPU_Time 0.0
>>>>>>> 90b4e5451bdad0339ba628baf341bdcf0a318382
stamp 'PBS_TechMap-Postmap HBO Optimizations' being created for table 'pbs_debug'

  Total Time (Wall) |  Stage Time (Wall)  |   % (Wall)   |    Date - Time     |  Memory   | Stage
--------------------+---------------------+--------------+--------------------+-----------+----------------------
<<<<<<< HEAD
 00:01:00(00:00:49) |  00:00:00(00:00:00) |   0.0(  0.0) |   15:55:28 (May03) |   1.95 GB | PBS_Generic-Start
--------------------+---------------------+--------------+--------------------+-----------+----------------------
 00:01:00(00:00:51) |  00:00:00(00:00:02) |  24.2( 40.0) |   15:55:30 (May03) |   1.27 GB | PBS_Generic_Opt-Post
--------------------+---------------------+--------------+--------------------+-----------+----------------------
 00:01:00(00:00:51) |  00:00:00(00:00:00) |   0.0(  0.0) |   15:55:30 (May03) |   1.27 GB | PBS_Generic-Postgen HBO Optimizations
--------------------+---------------------+--------------+--------------------+-----------+----------------------
 00:01:01(00:00:52) |  00:00:01(00:00:01) |  26.1( 20.0) |   15:55:31 (May03) |   1.27 GB | PBS_TechMap-Start
--------------------+---------------------+--------------+--------------------+-----------+----------------------
 00:01:01(00:00:52) |  00:00:00(00:00:00) |   0.0(  0.0) |   15:55:31 (May03) |   1.27 GB | PBS_TechMap-Premap HBO Optimizations
--------------------+---------------------+--------------+--------------------+-----------+----------------------
 00:01:02(00:00:53) |  00:00:00(00:00:01) |  23.6( 20.0) |   15:55:32 (May03) |   1.27 GB | PBS_Techmap-Global Mapping
--------------------+---------------------+--------------+--------------------+-----------+----------------------
 00:01:03(00:00:54) |  00:00:01(00:00:01) |  26.1( 20.0) |   15:55:33 (May03) |   1.27 GB | PBS_TechMap-Datapath Postmap Operations
--------------------+---------------------+--------------+--------------------+-----------+----------------------
 00:01:03(00:00:54) |  00:00:00(00:00:00) |  -0.0(  0.0) |   15:55:33 (May03) |   1.27 GB | PBS_TechMap-Postmap HBO Optimizations
=======
 00:00:59(00:00:48) |  00:00:00(00:00:00) |   0.0(  0.0) |   15:24:20 (May03) |   1.93 GB | PBS_Generic-Start
--------------------+---------------------+--------------+--------------------+-----------+----------------------
 00:01:00(00:00:50) |  00:00:01(00:00:02) |  40.5( 50.0) |   15:24:22 (May03) |   1.28 GB | PBS_Generic_Opt-Post
--------------------+---------------------+--------------+--------------------+-----------+----------------------
 00:01:00(00:00:50) |  00:00:00(00:00:00) |   0.0(  0.0) |   15:24:22 (May03) |   1.28 GB | PBS_Generic-Postgen HBO Optimizations
--------------------+---------------------+--------------+--------------------+-----------+----------------------
 00:01:01(00:00:51) |  00:00:01(00:00:01) |  20.7( 25.0) |   15:24:23 (May03) |   1.28 GB | PBS_TechMap-Start
--------------------+---------------------+--------------+--------------------+-----------+----------------------
 00:01:01(00:00:51) |  00:00:00(00:00:00) |   0.0(  0.0) |   15:24:23 (May03) |   1.28 GB | PBS_TechMap-Premap HBO Optimizations
--------------------+---------------------+--------------+--------------------+-----------+----------------------
 00:01:02(00:00:51) |  00:00:00(00:00:00) |  18.2(  0.0) |   15:24:23 (May03) |   1.28 GB | PBS_Techmap-Global Mapping
--------------------+---------------------+--------------+--------------------+-----------+----------------------
 00:01:03(00:00:52) |  00:00:01(00:00:01) |  20.7( 25.0) |   15:24:24 (May03) |   1.28 GB | PBS_TechMap-Datapath Postmap Operations
--------------------+---------------------+--------------+--------------------+-----------+----------------------
 00:01:03(00:00:52) |  00:00:00(00:00:00) |   0.0(  0.0) |   15:24:24 (May03) |   1.28 GB | PBS_TechMap-Postmap HBO Optimizations
>>>>>>> 90b4e5451bdad0339ba628baf341bdcf0a318382
--------------------+---------------------+--------------+--------------------+-----------+----------------------
Number of threads: 8 * 1   (id: pbs_debug, time_info v1.57)
Info: (*N*) indicates data that was populated from previously saved time_info database
Info: CPU time includes time of parent + longest thread
 Doing ConstProp on design:top ... 

Time taken by ConstProp Step: 00:00:00
PBS_TechMap-Postmap Clock Gating - Elapsed_Time 0, CPU_Time 0.0
stamp 'PBS_TechMap-Postmap Clock Gating' being created for table 'pbs_debug'

  Total Time (Wall) |  Stage Time (Wall)  |   % (Wall)   |    Date - Time     |  Memory   | Stage
--------------------+---------------------+--------------+--------------------+-----------+----------------------
<<<<<<< HEAD
 00:01:00(00:00:49) |  00:00:00(00:00:00) |   0.0(  0.0) |   15:55:28 (May03) |   1.95 GB | PBS_Generic-Start
--------------------+---------------------+--------------+--------------------+-----------+----------------------
 00:01:00(00:00:51) |  00:00:00(00:00:02) |  24.2( 40.0) |   15:55:30 (May03) |   1.27 GB | PBS_Generic_Opt-Post
--------------------+---------------------+--------------+--------------------+-----------+----------------------
 00:01:00(00:00:51) |  00:00:00(00:00:00) |   0.0(  0.0) |   15:55:30 (May03) |   1.27 GB | PBS_Generic-Postgen HBO Optimizations
--------------------+---------------------+--------------+--------------------+-----------+----------------------
 00:01:01(00:00:52) |  00:00:01(00:00:01) |  26.1( 20.0) |   15:55:31 (May03) |   1.27 GB | PBS_TechMap-Start
--------------------+---------------------+--------------+--------------------+-----------+----------------------
 00:01:01(00:00:52) |  00:00:00(00:00:00) |   0.0(  0.0) |   15:55:31 (May03) |   1.27 GB | PBS_TechMap-Premap HBO Optimizations
--------------------+---------------------+--------------+--------------------+-----------+----------------------
 00:01:02(00:00:53) |  00:00:00(00:00:01) |  23.6( 20.0) |   15:55:32 (May03) |   1.27 GB | PBS_Techmap-Global Mapping
--------------------+---------------------+--------------+--------------------+-----------+----------------------
 00:01:03(00:00:54) |  00:00:01(00:00:01) |  26.1( 20.0) |   15:55:33 (May03) |   1.27 GB | PBS_TechMap-Datapath Postmap Operations
--------------------+---------------------+--------------+--------------------+-----------+----------------------
 00:01:03(00:00:54) |  00:00:00(00:00:00) |  -0.0(  0.0) |   15:55:33 (May03) |   1.27 GB | PBS_TechMap-Postmap HBO Optimizations
--------------------+---------------------+--------------+--------------------+-----------+----------------------
 00:01:03(00:00:54) |  00:00:00(00:00:00) |   0.0(  0.0) |   15:55:33 (May03) |   1.27 GB | PBS_TechMap-Postmap Clock Gating
=======
 00:00:59(00:00:48) |  00:00:00(00:00:00) |   0.0(  0.0) |   15:24:20 (May03) |   1.93 GB | PBS_Generic-Start
--------------------+---------------------+--------------+--------------------+-----------+----------------------
 00:01:00(00:00:50) |  00:00:01(00:00:02) |  40.5( 50.0) |   15:24:22 (May03) |   1.28 GB | PBS_Generic_Opt-Post
--------------------+---------------------+--------------+--------------------+-----------+----------------------
 00:01:00(00:00:50) |  00:00:00(00:00:00) |   0.0(  0.0) |   15:24:22 (May03) |   1.28 GB | PBS_Generic-Postgen HBO Optimizations
--------------------+---------------------+--------------+--------------------+-----------+----------------------
 00:01:01(00:00:51) |  00:00:01(00:00:01) |  20.7( 25.0) |   15:24:23 (May03) |   1.28 GB | PBS_TechMap-Start
--------------------+---------------------+--------------+--------------------+-----------+----------------------
 00:01:01(00:00:51) |  00:00:00(00:00:00) |   0.0(  0.0) |   15:24:23 (May03) |   1.28 GB | PBS_TechMap-Premap HBO Optimizations
--------------------+---------------------+--------------+--------------------+-----------+----------------------
 00:01:02(00:00:51) |  00:00:00(00:00:00) |  18.2(  0.0) |   15:24:23 (May03) |   1.28 GB | PBS_Techmap-Global Mapping
--------------------+---------------------+--------------+--------------------+-----------+----------------------
 00:01:03(00:00:52) |  00:00:01(00:00:01) |  20.7( 25.0) |   15:24:24 (May03) |   1.28 GB | PBS_TechMap-Datapath Postmap Operations
--------------------+---------------------+--------------+--------------------+-----------+----------------------
 00:01:03(00:00:52) |  00:00:00(00:00:00) |   0.0(  0.0) |   15:24:24 (May03) |   1.28 GB | PBS_TechMap-Postmap HBO Optimizations
--------------------+---------------------+--------------+--------------------+-----------+----------------------
 00:01:03(00:00:52) |  00:00:00(00:00:00) |   0.0(  0.0) |   15:24:24 (May03) |   1.28 GB | PBS_TechMap-Postmap Clock Gating
>>>>>>> 90b4e5451bdad0339ba628baf341bdcf0a318382
--------------------+---------------------+--------------+--------------------+-----------+----------------------
Number of threads: 8 * 1   (id: pbs_debug, time_info v1.57)
Info: (*N*) indicates data that was populated from previously saved time_info database
Info: CPU time includes time of parent + longest thread
Info    : Ignoring specified timing sense. [LBR-170]
        : The 'timing_sense' definition 'negative_unate' for library pin 'SDFKCNQD2BWP16P90/Q' is ignored.
Info    : Ignoring specified timing sense. [LBR-170]
        : The 'timing_sense' definition 'negative_unate' for library pin 'SDFKCNQD2BWP16P90/Q' is ignored.
Info    : Ignoring specified timing sense. [LBR-170]
        : The 'timing_sense' definition 'negative_unate' for library pin 'SDFKCNQD2BWP16P90/Q' is ignored.
Info    : Ignoring specified timing sense. [LBR-170]
        : The 'timing_sense' definition 'negative_unate' for library pin 'SDFKCNQD2BWP16P90/Q' is ignored.
Info    : Ignoring specified timing sense. [LBR-170]
        : The 'timing_sense' definition 'negative_unate' for library pin 'SDFKCNQD2BWP16P90LVT/Q' is ignored.
Info    : Ignoring specified timing sense. [LBR-170]
        : The 'timing_sense' definition 'negative_unate' for library pin 'SDFKCNQD2BWP16P90LVT/Q' is ignored.
Info    : Ignoring specified timing sense. [LBR-170]
        : The 'timing_sense' definition 'negative_unate' for library pin 'SDFKCNQD2BWP16P90LVT/Q' is ignored.
Info    : Ignoring specified timing sense. [LBR-170]
        : The 'timing_sense' definition 'negative_unate' for library pin 'SDFKCNQD2BWP16P90LVT/Q' is ignored.
Info    : Ignoring specified timing sense. [LBR-170]
        : The 'timing_sense' definition 'negative_unate' for library pin 'SDFKCNQD2BWP20P90/Q' is ignored.
Info    : Ignoring specified timing sense. [LBR-170]
        : The 'timing_sense' definition 'negative_unate' for library pin 'SDFKCNQD2BWP20P90/Q' is ignored.
Info    : Ignoring specified timing sense. [LBR-170]
        : The 'timing_sense' definition 'negative_unate' for library pin 'SDFKCNQD2BWP20P90/Q' is ignored.
Info    : Ignoring specified timing sense. [LBR-170]
        : The 'timing_sense' definition 'negative_unate' for library pin 'SDFKCNQD2BWP20P90/Q' is ignored.
Info    : Ignoring specified timing sense. [LBR-170]
        : The 'timing_sense' definition 'negative_unate' for library pin 'SDFKCNQD2BWP20P90LVT/Q' is ignored.
Info    : Ignoring specified timing sense. [LBR-170]
        : The 'timing_sense' definition 'negative_unate' for library pin 'SDFKCNQD2BWP20P90LVT/Q' is ignored.
Info    : Ignoring specified timing sense. [LBR-170]
        : The 'timing_sense' definition 'negative_unate' for library pin 'SDFKCNQD2BWP20P90LVT/Q' is ignored.
Info    : Ignoring specified timing sense. [LBR-170]
        : The 'timing_sense' definition 'negative_unate' for library pin 'SDFKCNQD2BWP20P90LVT/Q' is ignored.
Info    : Detected an unsupported timing arc type. [LBR-72]
        : Timing arc 'max_clock_tree_path' between libpins 'CLK' and 'CLK' on libcell 'TS1N16ADFPCLLLVTA128X64M4SWSHOD' is ignored. Hold timing analysis and optimization are not supported.
Info    : Detected an unsupported timing arc type. [LBR-72]
        : Timing arc 'min_clock_tree_path' between libpins 'CLK' and 'CLK' on libcell 'TS1N16ADFPCLLLVTA128X64M4SWSHOD' is ignored. Hold timing analysis and optimization are not supported.
Info    : Detected an unsupported timing arc type. [LBR-72]
        : Timing arc 'max_clock_tree_path' between libpins 'CLK' and 'CLK' on libcell 'TS1N16ADFPCLLLVTA16X88M2SWSHOD' is ignored. Hold timing analysis and optimization are not supported.
Info    : Detected an unsupported timing arc type. [LBR-72]
        : Timing arc 'min_clock_tree_path' between libpins 'CLK' and 'CLK' on libcell 'TS1N16ADFPCLLLVTA16X88M2SWSHOD' is ignored. Hold timing analysis and optimization are not supported.
Info    : Detected an unsupported timing arc type. [LBR-72]
        : Timing arc 'max_clock_tree_path' between libpins 'CLK' and 'CLK' on libcell 'TS1N16ADFPCLLLVTA16X96M2SWSHOD' is ignored. Hold timing analysis and optimization are not supported.
Info    : Detected an unsupported timing arc type. [LBR-72]
        : Timing arc 'min_clock_tree_path' between libpins 'CLK' and 'CLK' on libcell 'TS1N16ADFPCLLLVTA16X96M2SWSHOD' is ignored. Hold timing analysis and optimization are not supported.
Info    : Detected an unsupported timing arc type. [LBR-72]
        : Timing arc 'max_clock_tree_path' between libpins 'CLK' and 'CLK' on libcell 'TS1N16ADFPCLLLVTA512X45M4SWSHOD' is ignored. Hold timing analysis and optimization are not supported.
Info    : Detected an unsupported timing arc type. [LBR-72]
        : Timing arc 'min_clock_tree_path' between libpins 'CLK' and 'CLK' on libcell 'TS1N16ADFPCLLLVTA512X45M4SWSHOD' is ignored. Hold timing analysis and optimization are not supported.
Info    : Detected an unsupported timing arc type. [LBR-72]
        : Timing arc 'max_clock_tree_path' between libpins 'CLKW' and 'CLKW' on libcell 'TS6N16ADFPCLLLVTA128X32M4FWSHOD' is ignored. Hold timing analysis and optimization are not supported.
Info    : Detected an unsupported timing arc type. [LBR-72]
        : Timing arc 'min_clock_tree_path' between libpins 'CLKW' and 'CLKW' on libcell 'TS6N16ADFPCLLLVTA128X32M4FWSHOD' is ignored. Hold timing analysis and optimization are not supported.
Info    : Detected an unsupported timing arc type. [LBR-72]
        : Timing arc 'max_clock_tree_path' between libpins 'CLKR' and 'CLKR' on libcell 'TS6N16ADFPCLLLVTA128X32M4FWSHOD' is ignored. Hold timing analysis and optimization are not supported.
Info    : Detected an unsupported timing arc type. [LBR-72]
        : Timing arc 'min_clock_tree_path' between libpins 'CLKR' and 'CLKR' on libcell 'TS6N16ADFPCLLLVTA128X32M4FWSHOD' is ignored. Hold timing analysis and optimization are not supported.
Info    : Detected an unsupported timing arc type. [LBR-72]
        : Timing arc 'max_clock_tree_path' between libpins 'CLKW' and 'CLKW' on libcell 'TS6N16ADFPCLLLVTA128X64M4FWSHOD' is ignored. Hold timing analysis and optimization are not supported.
Info    : Detected an unsupported timing arc type. [LBR-72]
        : Timing arc 'min_clock_tree_path' between libpins 'CLKW' and 'CLKW' on libcell 'TS6N16ADFPCLLLVTA128X64M4FWSHOD' is ignored. Hold timing analysis and optimization are not supported.
Info    : Detected an unsupported timing arc type. [LBR-72]
        : Timing arc 'max_clock_tree_path' between libpins 'CLKR' and 'CLKR' on libcell 'TS6N16ADFPCLLLVTA128X64M4FWSHOD' is ignored. Hold timing analysis and optimization are not supported.
Info    : Detected an unsupported timing arc type. [LBR-72]
        : Timing arc 'min_clock_tree_path' between libpins 'CLKR' and 'CLKR' on libcell 'TS6N16ADFPCLLLVTA128X64M4FWSHOD' is ignored. Hold timing analysis and optimization are not supported.
Info    : Detected an unsupported timing arc type. [LBR-72]
        : Timing arc 'max_clock_tree_path' between libpins 'CLKW' and 'CLKW' on libcell 'TS6N16ADFPCLLLVTA16X120M2FWSHOD' is ignored. Hold timing analysis and optimization are not supported.
Info    : Detected an unsupported timing arc type. [LBR-72]
        : Timing arc 'min_clock_tree_path' between libpins 'CLKW' and 'CLKW' on libcell 'TS6N16ADFPCLLLVTA16X120M2FWSHOD' is ignored. Hold timing analysis and optimization are not supported.
Info    : Detected an unsupported timing arc type. [LBR-72]
        : Timing arc 'max_clock_tree_path' between libpins 'CLKR' and 'CLKR' on libcell 'TS6N16ADFPCLLLVTA16X120M2FWSHOD' is ignored. Hold timing analysis and optimization are not supported.
Info    : Detected an unsupported timing arc type. [LBR-72]
        : Timing arc 'min_clock_tree_path' between libpins 'CLKR' and 'CLKR' on libcell 'TS6N16ADFPCLLLVTA16X120M2FWSHOD' is ignored. Hold timing analysis and optimization are not supported.
Warning : Message truncated because it exceeds the maximum length of 4096 characters. [MESG-6]
        : Info portion of message 'LBR-415' truncated to length 4096 from 21628
Info    : Unusable library cells found at the time of loading a library.  [LBR-415]
        : Library: 'N16ADFP_StdCellss0p72vm40c_ccs.lib', Total cells: 1480, Unusable cells: 1178.
	List of unusable cells: 'AN2D12BWP16P90LVT AN2D12BWP20P90 AN2D12BWP20P90LVT AN2D16BWP16P90LVT AN2D16BWP20P90 AN2D16BWP20P90LVT AN2D1BWP16P90LVT AN2D1BWP20P90 AN2D1BWP20P90LVT AN2D2BWP16P90LVT AN2D2BWP20P90 AN2D2BWP20P90LVT AN2D4BWP16P90LVT AN2D4BWP20P90 AN2D4BWP20P90LVT AN2D8BWP16P90LVT AN2D8BWP20P90 AN2D8BWP20P90LVT AN3D1BWP16P90LVT AN3D1BWP20P90 AN3D1BWP20P90LVT AN3D2BWP16P90LVT AN3D2BWP20P90 AN3D2BWP20P90LVT AN3D4BWP16P90LVT AN3D4BWP20P90 AN3D4BWP20P90LVT AN3D8BWP16P90LVT AN3D8BWP20P90 AN3D8BWP20P90LVT AN4D1BWP16P90LVT AN4D1BWP20P90 AN4D1BWP20P90LVT AN4D2BWP16P90LVT AN4D2BWP20P90 AN4D2BWP20P90LVT AN4D4BWP16P90LVT AN4D4BWP20P90 AN4D4BWP20P90LVT AN4D8BWP16P90LVT AN4D8BWP20P90 AN4D8BWP20P90LVT AO21D1BWP16P90LVT AO21D1BWP20P90 AO21D1BWP20P90LVT AO21D2BWP16P90LVT AO21D2BWP20P90 AO21D2BWP20P90LVT AO21D4BWP16P90LVT AO21D4BWP20P90 AO21D4BWP20P90LVT AO22D1BWP16P90LVT AO22D1BWP20P90 AO22D1BWP20P90LVT AO22D2BWP16P90LVT AO22D2BWP20P90 AO22D2BWP20P90LVT AO22D4BWP16P90LVT AO22D4BWP20P90 AO22D4BWP20P90LVT AOAI211D1BWP16P90LVT AOAI211D1BWP20P90 AOAI211D1BWP20P90LVT AOAI211D2BWP16P90LVT AOAI211D2BWP20P90 AOAI211D2BWP20P90LVT AOAI211D4BWP16P90LVT AOAI211D4BWP20P90 AOAI211D4BWP20P90LVT AOI211D1BWP16P90LVT AOI211D1BWP20P90 AOI211D1BWP20P90LVT AOI211D2BWP16P90LVT AOI211D2BWP20P90 AOI211D2BWP20P90LVT AOI211D4BWP16P90LVT AOI211D4BWP20P90 AOI211D4BWP20P90LVT AOI211D8BWP16P90LVT AOI211D8BWP20P90 AOI211D8BWP20P90LVT AOI21D1BWP16P90LVT AOI21D1BWP20P90 AOI21D1BWP20P90LVT AOI21D2BWP16P90LVT AOI21D2BWP20P90 AOI21D2BWP20P90LVT AOI21D4BWP16P90LVT AOI21D4BWP20P90 AOI21D4BWP20P90LVT AOI21D8BWP16P90LVT AOI21D8BWP20P90 AOI21D8BWP20P90LVT AOI221D1BWP16P90LVT AOI221D1BWP20P90 AOI221D1BWP20P90LVT AOI221D2BWP16P90LVT AOI221D2BWP20P90 AOI221D2BWP20P90LVT AOI221D4BWP16P90LVT AOI221D4BWP20P90 AOI221D4BWP20P90LVT AOI222D1BWP16P90LVT AOI222D1BWP20P90 AOI222D1BWP20P90LVT AOI222D2BWP16P90LVT AOI222D2BWP20P90 AOI222D2BWP20P90LVT AOI222D4BWP16P90LVT AOI222D4BWP20P90 AOI222D4BWP20P90LVT AOI22D1BWP16P90LVT AOI22D1BWP20P90 AOI22D1BWP20P90LVT AOI22D2BWP16P90LVT AOI22D2BWP20P90 AOI22D2BWP20P90LVT AOI22D4BWP16P90LVT AOI22D4BWP20P90 AOI22D4BWP20P90LVT AOI22D8BWP16P90LVT AOI22D8BWP20P90 AOI22D8BWP20P90LVT AOI31D1BWP16P90LVT AOI31D1BWP20P90 AOI31D1BWP20P90LVT AOI31D2BWP16P90LVT AOI31D2BWP20P90 AOI31D2BWP20P90LVT AOI31D4BWP16P90LVT AOI31D4BWP20P90 AOI31D4BWP20P90LVT AOI32D1BWP16P90LVT AOI32D1BWP20P90 AOI32D1BWP20P90LVT AOI32D2BWP16P90LVT AOI32D2BWP20P90 AOI32D2BWP20P90LVT AOI32D4BWP16P90LVT AOI32D4BWP20P90 AOI32D4BWP20P90LVT AOI33D1BWP16P90LVT AOI33D1BWP20P90 AOI33D1BWP20P90LVT AOI33D2BWP16P90LVT AOI33D2BWP20P90 AOI33D2BWP20P90LVT AOI33D4BWP16P90LVT AOI33D4BWP20P90 AOI33D4BWP20P90LVT BOUNDARY_LEFTBWP16P90 BOUNDARY_LEFTBWP16P90LVT BOUNDARY_LEFTBWP20P90 BOUNDARY_LEFTBWP20P90LVT BOUNDARY_NCORNERBWP16P90 BOUNDARY_NCORNERBWP16P90LVT BOUNDARY_NCORNERBWP20P90 BOUNDARY_NCORNERBWP20P90LVT BOUNDARY_NROW1BWP16P90 BOUNDARY_NROW1BWP16P90LVT BOUNDARY_NROW1BWP20P90 BOUNDARY_NROW1BWP20P90LVT BOUNDARY_NROW2BWP16P90 BOUNDARY_NROW2BWP16P90LVT BOUNDARY_NROW2BWP20P90 BOUNDARY_NROW2BWP20P90LVT BOUNDARY_NROW3BWP16P90 BOUNDARY_NROW3BWP16P90LVT BOUNDARY_NROW3BWP20P90 BOUNDARY_NROW3BWP20P90LVT BOUNDARY_NROW4BWP16P90 BOUNDARY_NROW4BWP16P90LVT BOUNDARY_NROW4BWP20P90 BOUNDARY_NROW4BWP20P90LVT BOUNDARY_NTAPBWP16P90 BOUNDARY_NTAPBWP16P90LVT BOUNDARY_NTAPBWP16P90LVT_VPP_VBB BOUNDARY_NTAPBWP16P90LVT_VPP_VSS BOUNDARY_NTAPBWP16P90_VPP_VBB BOUNDARY_NTAPBWP16P90_VPP_VSS BOUNDARY_NTAPBWP20P90 BOUNDARY_NTAPBWP20P90LVT BOUNDARY_NTAPBWP20P90LVT_VPP_VBB BOUNDARY_NTAPBWP20P90LVT_VPP_VSS BOUNDARY_NTAPBWP20P90_VPP_VBB BOUNDARY_NTAPBWP20P90_VPP_VSS BOUNDARY_PCORNERBWP16P90 BOUNDARY_PCORNERBWP16P90LVT BOUNDARY_PCORNERBWP20P90 BOUNDARY_PCORNERBWP20P90LVT BOUNDARY_PROW1BWP16P90 BOUNDARY_PROW1BWP16P90LVT BOUNDARY_PROW1BWP20P90 BOUNDARY_PROW1BWP20P90LVT BOUNDARY_PROW2BWP16P90 BOUNDARY_PROW2BWP16P90LVT BOUNDARY_PROW2BWP20P90 BOUNDARY_PROW2BWP20P90LVT BOUNDARY_PROW3BWP16P90 BOUNDARY_PROW3BWP16P90LVT BOUNDARY_PROW3BWP20P90 BOUNDARY_PROW3BWP
Info    : Unusable library cells found at the time of loading a library.  [LBR-415]
        : Library: 'N16ADFP_SRAM_ss0p72v0p72vm40c_100a.lib', Total cells: 10, Unusable cells: 10.
	List of unusable cells: 'TS1N16ADFPCLLLVTA128X64M4SWSHOD TS1N16ADFPCLLLVTA16X88M2SWSHOD TS1N16ADFPCLLLVTA16X96M2SWSHOD TS1N16ADFPCLLLVTA512X45M4SWSHOD TS6N16ADFPCLLLVTA128X32M4FWSHOD TS6N16ADFPCLLLVTA128X64M4FWSHOD TS6N16ADFPCLLLVTA16X120M2FWSHOD TS6N16ADFPCLLLVTA16X32M2FWSHOD TS6N16ADFPCLLLVTA16X72M2FWSHOD TS6N16ADFPCLLLVTA32X32M2FWSHOD .'
-------------------------------------------------------------------------------
<<<<<<< HEAD
 hi_fo_buf                    44        0         0         0        0        0
=======
 hi_fo_buf                    39        0         0         0        0        0
>>>>>>> 90b4e5451bdad0339ba628baf341bdcf0a318382

           Trick     Calls     Accepts   Attempts    Time(secs) 
-----------------------------------------------------------
       hi_fo_buf         0  (        0 /        0 )  0.00

 
Incremental optimization status
===============================
                                   Group   
                                  Tot Wrst     Total - - - - DRC Totals - - - -
                           Total  Weighted      Neg      Max       Max     Max  
Operation                   Area   Slacks      Slack    Trans      Cap   Fanout 
<<<<<<< HEAD
 init_delay                   44        0         0         0        0        0
=======
 init_delay                   39        0         0         0        0        0
>>>>>>> 90b4e5451bdad0339ba628baf341bdcf0a318382

           Trick     Calls     Accepts   Attempts    Time(secs) 
-----------------------------------------------------------
       crit_upsz         0  (        0 /        0 )  0.00
    plc_bal_star         0  (        0 /        0 )  0.00
     drc_buftimb         0  (        0 /        0 )  0.00
          plc_st         0  (        0 /        0 )  0.00
    plc_st_fence         0  (        0 /        0 )  0.00
        plc_star         0  (        0 /        0 )  0.00
      plc_laf_st         0  (        0 /        0 )  0.00
 plc_laf_st_fence         0  (        0 /        0 )  0.00
     drc_buftims         0  (        0 /        0 )  0.00
            fopt         0  (        0 /        0 )  0.00
   plc_laf_lo_st         0  (        0 /        0 )  0.00
       plc_lo_st         0  (        0 /        0 )  0.00
        mb_split         0  (        0 /        0 )  0.00

 
Local TNS optimization status
=============================
                                   Group   
                                  Tot Wrst     Total - - - - DRC Totals - - - -
                           Total  Weighted      Neg      Max       Max     Max  
Operation                   Area   Slacks      Slack    Trans      Cap   Fanout 
<<<<<<< HEAD
 init_tns                     44        0         0         0        0        0
=======
 init_tns                     39        0         0         0        0        0
>>>>>>> 90b4e5451bdad0339ba628baf341bdcf0a318382

           Trick     Calls     Accepts   Attempts    Time(secs) 
-----------------------------------------------------------
    plc_bal_star         0  (        0 /        0 )  0.00
     drc_buftimb         0  (        0 /        0 )  0.00
     drc_buftims         0  (        0 /        0 )  0.00
       crit_upsz         0  (        0 /        0 )  0.00
   plc_laf_lo_st         0  (        0 /        0 )  0.00
       plc_lo_st         0  (        0 /        0 )  0.00
            fopt         0  (        0 /        0 )  0.00
       crit_dnsz         0  (        0 /        0 )  0.00
             dup         0  (        0 /        0 )  0.00
        setup_dn         0  (        0 /        0 )  0.00
        mb_split         0  (        0 /        0 )  0.00

<<<<<<< HEAD
PBS_TechMap-Postmap Cleanup - Elapsed_Time 1, CPU_Time 0.9997879999999952
=======
PBS_TechMap-Postmap Cleanup - Elapsed_Time 2, CPU_Time 0.9997430000000094
>>>>>>> 90b4e5451bdad0339ba628baf341bdcf0a318382
stamp 'PBS_TechMap-Postmap Cleanup' being created for table 'pbs_debug'

  Total Time (Wall) |  Stage Time (Wall)  |   % (Wall)   |    Date - Time     |  Memory   | Stage
--------------------+---------------------+--------------+--------------------+-----------+----------------------
<<<<<<< HEAD
 00:01:00(00:00:49) |  00:00:00(00:00:00) |   0.0(  0.0) |   15:55:28 (May03) |   1.95 GB | PBS_Generic-Start
--------------------+---------------------+--------------+--------------------+-----------+----------------------
 00:01:00(00:00:51) |  00:00:00(00:00:02) |  19.2( 33.3) |   15:55:30 (May03) |   1.27 GB | PBS_Generic_Opt-Post
--------------------+---------------------+--------------+--------------------+-----------+----------------------
 00:01:00(00:00:51) |  00:00:00(00:00:00) |   0.0(  0.0) |   15:55:30 (May03) |   1.27 GB | PBS_Generic-Postgen HBO Optimizations
--------------------+---------------------+--------------+--------------------+-----------+----------------------
 00:01:01(00:00:52) |  00:00:01(00:00:01) |  20.7( 16.7) |   15:55:31 (May03) |   1.27 GB | PBS_TechMap-Start
--------------------+---------------------+--------------+--------------------+-----------+----------------------
 00:01:01(00:00:52) |  00:00:00(00:00:00) |   0.0(  0.0) |   15:55:31 (May03) |   1.27 GB | PBS_TechMap-Premap HBO Optimizations
--------------------+---------------------+--------------+--------------------+-----------+----------------------
 00:01:02(00:00:53) |  00:00:00(00:00:01) |  18.7( 16.7) |   15:55:32 (May03) |   1.27 GB | PBS_Techmap-Global Mapping
--------------------+---------------------+--------------+--------------------+-----------+----------------------
 00:01:03(00:00:54) |  00:00:01(00:00:01) |  20.7( 16.7) |   15:55:33 (May03) |   1.27 GB | PBS_TechMap-Datapath Postmap Operations
--------------------+---------------------+--------------+--------------------+-----------+----------------------
 00:01:03(00:00:54) |  00:00:00(00:00:00) |  -0.0(  0.0) |   15:55:33 (May03) |   1.27 GB | PBS_TechMap-Postmap HBO Optimizations
--------------------+---------------------+--------------+--------------------+-----------+----------------------
 00:01:03(00:00:54) |  00:00:00(00:00:00) |   0.0(  0.0) |   15:55:33 (May03) |   1.27 GB | PBS_TechMap-Postmap Clock Gating
--------------------+---------------------+--------------+--------------------+-----------+----------------------
 00:01:04(00:00:55) |  00:00:00(00:00:01) |  20.7( 16.7) |   15:55:34 (May03) |   1.27 GB | PBS_TechMap-Postmap Cleanup
=======
 00:00:59(00:00:48) |  00:00:00(00:00:00) |   0.0(  0.0) |   15:24:20 (May03) |   1.93 GB | PBS_Generic-Start
--------------------+---------------------+--------------+--------------------+-----------+----------------------
 00:01:00(00:00:50) |  00:00:01(00:00:02) |  33.6( 33.3) |   15:24:22 (May03) |   1.28 GB | PBS_Generic_Opt-Post
--------------------+---------------------+--------------+--------------------+-----------+----------------------
 00:01:00(00:00:50) |  00:00:00(00:00:00) |   0.0(  0.0) |   15:24:22 (May03) |   1.28 GB | PBS_Generic-Postgen HBO Optimizations
--------------------+---------------------+--------------+--------------------+-----------+----------------------
 00:01:01(00:00:51) |  00:00:01(00:00:01) |  17.1( 16.7) |   15:24:23 (May03) |   1.28 GB | PBS_TechMap-Start
--------------------+---------------------+--------------+--------------------+-----------+----------------------
 00:01:01(00:00:51) |  00:00:00(00:00:00) |   0.0(  0.0) |   15:24:23 (May03) |   1.28 GB | PBS_TechMap-Premap HBO Optimizations
--------------------+---------------------+--------------+--------------------+-----------+----------------------
 00:01:02(00:00:51) |  00:00:00(00:00:00) |  15.0(  0.0) |   15:24:23 (May03) |   1.28 GB | PBS_Techmap-Global Mapping
--------------------+---------------------+--------------+--------------------+-----------+----------------------
 00:01:03(00:00:52) |  00:00:01(00:00:01) |  17.1( 16.7) |   15:24:24 (May03) |   1.28 GB | PBS_TechMap-Datapath Postmap Operations
--------------------+---------------------+--------------+--------------------+-----------+----------------------
 00:01:03(00:00:52) |  00:00:00(00:00:00) |   0.0(  0.0) |   15:24:24 (May03) |   1.28 GB | PBS_TechMap-Postmap HBO Optimizations
--------------------+---------------------+--------------+--------------------+-----------+----------------------
 00:01:03(00:00:52) |  00:00:00(00:00:00) |   0.0(  0.0) |   15:24:24 (May03) |   1.28 GB | PBS_TechMap-Postmap Clock Gating
--------------------+---------------------+--------------+--------------------+-----------+----------------------
 00:01:04(00:00:54) |  00:00:00(00:00:02) |  17.1( 33.3) |   15:24:26 (May03) |   1.28 GB | PBS_TechMap-Postmap Cleanup
>>>>>>> 90b4e5451bdad0339ba628baf341bdcf0a318382
--------------------+---------------------+--------------+--------------------+-----------+----------------------
Number of threads: 8 * 1   (id: pbs_debug, time_info v1.57)
Info: (*N*) indicates data that was populated from previously saved time_info database
Info: CPU time includes time of parent + longest thread
PBS_Techmap-Post_MBCI - Elapsed_Time 0, CPU_Time 0.0
stamp 'PBS_Techmap-Post_MBCI' being created for table 'pbs_debug'

  Total Time (Wall) |  Stage Time (Wall)  |   % (Wall)   |    Date - Time     |  Memory   | Stage
--------------------+---------------------+--------------+--------------------+-----------+----------------------
<<<<<<< HEAD
 00:01:00(00:00:49) |  00:00:00(00:00:00) |   0.0(  0.0) |   15:55:28 (May03) |   1.95 GB | PBS_Generic-Start
--------------------+---------------------+--------------+--------------------+-----------+----------------------
 00:01:00(00:00:51) |  00:00:00(00:00:02) |  19.2( 33.3) |   15:55:30 (May03) |   1.27 GB | PBS_Generic_Opt-Post
--------------------+---------------------+--------------+--------------------+-----------+----------------------
 00:01:00(00:00:51) |  00:00:00(00:00:00) |   0.0(  0.0) |   15:55:30 (May03) |   1.27 GB | PBS_Generic-Postgen HBO Optimizations
--------------------+---------------------+--------------+--------------------+-----------+----------------------
 00:01:01(00:00:52) |  00:00:01(00:00:01) |  20.7( 16.7) |   15:55:31 (May03) |   1.27 GB | PBS_TechMap-Start
--------------------+---------------------+--------------+--------------------+-----------+----------------------
 00:01:01(00:00:52) |  00:00:00(00:00:00) |   0.0(  0.0) |   15:55:31 (May03) |   1.27 GB | PBS_TechMap-Premap HBO Optimizations
--------------------+---------------------+--------------+--------------------+-----------+----------------------
 00:01:02(00:00:53) |  00:00:00(00:00:01) |  18.7( 16.7) |   15:55:32 (May03) |   1.27 GB | PBS_Techmap-Global Mapping
--------------------+---------------------+--------------+--------------------+-----------+----------------------
 00:01:03(00:00:54) |  00:00:01(00:00:01) |  20.7( 16.7) |   15:55:33 (May03) |   1.27 GB | PBS_TechMap-Datapath Postmap Operations
--------------------+---------------------+--------------+--------------------+-----------+----------------------
 00:01:03(00:00:54) |  00:00:00(00:00:00) |  -0.0(  0.0) |   15:55:33 (May03) |   1.27 GB | PBS_TechMap-Postmap HBO Optimizations
--------------------+---------------------+--------------+--------------------+-----------+----------------------
 00:01:03(00:00:54) |  00:00:00(00:00:00) |   0.0(  0.0) |   15:55:33 (May03) |   1.27 GB | PBS_TechMap-Postmap Clock Gating
--------------------+---------------------+--------------+--------------------+-----------+----------------------
 00:01:04(00:00:55) |  00:00:00(00:00:01) |  20.7( 16.7) |   15:55:34 (May03) |   1.27 GB | PBS_TechMap-Postmap Cleanup
--------------------+---------------------+--------------+--------------------+-----------+----------------------
 00:01:04(00:00:55) |  00:00:00(00:00:00) |   0.0(  0.0) |   15:55:34 (May03) |   1.27 GB | PBS_Techmap-Post_MBCI
=======
 00:00:59(00:00:48) |  00:00:00(00:00:00) |   0.0(  0.0) |   15:24:20 (May03) |   1.93 GB | PBS_Generic-Start
--------------------+---------------------+--------------+--------------------+-----------+----------------------
 00:01:00(00:00:50) |  00:00:01(00:00:02) |  33.6( 33.3) |   15:24:22 (May03) |   1.28 GB | PBS_Generic_Opt-Post
--------------------+---------------------+--------------+--------------------+-----------+----------------------
 00:01:00(00:00:50) |  00:00:00(00:00:00) |   0.0(  0.0) |   15:24:22 (May03) |   1.28 GB | PBS_Generic-Postgen HBO Optimizations
--------------------+---------------------+--------------+--------------------+-----------+----------------------
 00:01:01(00:00:51) |  00:00:01(00:00:01) |  17.1( 16.7) |   15:24:23 (May03) |   1.28 GB | PBS_TechMap-Start
--------------------+---------------------+--------------+--------------------+-----------+----------------------
 00:01:01(00:00:51) |  00:00:00(00:00:00) |   0.0(  0.0) |   15:24:23 (May03) |   1.28 GB | PBS_TechMap-Premap HBO Optimizations
--------------------+---------------------+--------------+--------------------+-----------+----------------------
 00:01:02(00:00:51) |  00:00:00(00:00:00) |  15.0(  0.0) |   15:24:23 (May03) |   1.28 GB | PBS_Techmap-Global Mapping
--------------------+---------------------+--------------+--------------------+-----------+----------------------
 00:01:03(00:00:52) |  00:00:01(00:00:01) |  17.1( 16.7) |   15:24:24 (May03) |   1.28 GB | PBS_TechMap-Datapath Postmap Operations
--------------------+---------------------+--------------+--------------------+-----------+----------------------
 00:01:03(00:00:52) |  00:00:00(00:00:00) |   0.0(  0.0) |   15:24:24 (May03) |   1.28 GB | PBS_TechMap-Postmap HBO Optimizations
--------------------+---------------------+--------------+--------------------+-----------+----------------------
 00:01:03(00:00:52) |  00:00:00(00:00:00) |   0.0(  0.0) |   15:24:24 (May03) |   1.28 GB | PBS_TechMap-Postmap Clock Gating
--------------------+---------------------+--------------+--------------------+-----------+----------------------
 00:01:04(00:00:54) |  00:00:00(00:00:02) |  17.1( 33.3) |   15:24:26 (May03) |   1.28 GB | PBS_TechMap-Postmap Cleanup
--------------------+---------------------+--------------+--------------------+-----------+----------------------
 00:01:04(00:00:54) |  00:00:00(00:00:00) |   0.0(  0.0) |   15:24:26 (May03) |   1.28 GB | PBS_Techmap-Post_MBCI
>>>>>>> 90b4e5451bdad0339ba628baf341bdcf0a318382
--------------------+---------------------+--------------+--------------------+-----------+----------------------
Number of threads: 8 * 1   (id: pbs_debug, time_info v1.57)
Info: (*N*) indicates data that was populated from previously saved time_info database
Info: CPU time includes time of parent + longest thread
##>=================== Cadence Confidential (Mapping-Logical) ===================
##>Main Thread Summary:
##>----------------------------------------------------------------------------------------
##>STEP                           Elapsed       WNS       TNS     Insts      Area    Memory
##>----------------------------------------------------------------------------------------
<<<<<<< HEAD
##>M:Initial                            0         -         -        97        64      1270
##>M:Pre Cleanup                        0         -         -        97        64      1270
=======
##>M:Initial                            0         -         -        85        57      1276
##>M:Pre Cleanup                        0         -         -        85        57      1276
>>>>>>> 90b4e5451bdad0339ba628baf341bdcf0a318382
##>M:Setup                              0         -         -         -         -         -
##>M:Launch ST                          0         -         -         -         -         -
##>M:Design Partition                   0         -         -         -         -         -
##>M:Create Partition Netlists          0         -         -         -         -         -
##>M:Init Power                         0         -         -         -         -         -
##>M:Budgeting                          0         -         -         -         -         -
##>M:Derenv-DB                          0         -         -         -         -         -
##>M:Debug Outputs                      0         -         -         -         -         -
##>M:ST loading                         0         -         -         -         -         -
##>M:Distributed                        0         -         -         -         -         -
##>M:Timer                              0         -         -         -         -         -
##>M:Assembly                           0         -         -         -         -         -
##>M:DFT                                0         -         -         -         -         -
<<<<<<< HEAD
##>M:DP Operations                      1         -         -        59        32      1270
##>M:Const Prop                         0       617         0        59        32      1270
##>M:Cleanup                            1       617         0        59        32      1270
##>M:MBCI                               0         -         -        59        32      1270
##>M:Const Gate Removal                 0         -         -         -         -         -
##>M:Misc                               1
=======
##>M:DP Operations                      1         -         -        48        29      1276
##>M:Const Prop                         0       617         0        48        29      1276
##>M:Cleanup                            2       617         0        48        29      1276
##>M:MBCI                               0         -         -        48        29      1276
##>M:Const Gate Removal                 0         -         -         -         -         -
##>M:Misc                               0
>>>>>>> 90b4e5451bdad0339ba628baf341bdcf0a318382
##>----------------------------------------------------------------------------------------
##>Total Elapsed                        3
##>========================================================================================
Info    : Done mapping. [SYNTH-5]
        : Done mapping 'top'.
        Computing net loads.
      flow.cputime  flow.realtime  timing.setup.tns  timing.setup.wns  snapshot
UM:*                                                                   syn_map
@file(compile.tcl) 53: check_design -unresolved > ../reports/compile/${rm_core_top}.check_design 

@file(compile.tcl) 55: write_sdf -version 3.0  -precision 4 > ../data/${rm_core_top}.sdf
Warning : Default value for an option has changed in this release. [WSDF-104]
        : Default value for -setuphold has changed from split to merge_always. Specify '-setuphold split' to preserve the behavior of the previous release.
        : Specify the option explicitly.
Warning : Default value for an option has changed in this release. [WSDF-104]
        : Default value for -recrem has changed from split to merge_always. Specify '-recrem split' to preserve the behavior of the previous release.
@file(compile.tcl) 58: report_timing > ../reports/compile/${rm_core_top}.timing
@file(compile.tcl) 59: report_area > ../reports/compile/${rm_core_top}.area 
@file(compile.tcl) 60: report_power > ../reports/compile/${rm_core_top}.power
Info    : Joules engine is used. [RPT-16]
        : Joules engine is being used for the command report_power.
Info   : ACTP-0001 [ACTPInfo] Activity propagation started for stim#0 netlist
       : top
Info   : ACTP-0009 [ACTPInfo] Activity Propagation Progress Report :   0%   1%   2%   3%   4%   5%   6%   7%   8%   9%  10%  11%  12%  13%  14%  15%  16%  17%  18%  19%  20%  21%  22%  23%  24%  25%  26%  27%  28%  29%  30%  31%  32%  33%  34%  35%  36%  37%  38%  39%  40%  41%  42%  43%  44%  45%  46%  47%  48%  49%  50%  51%  52%  53%  54%  55%  56%  57%  58%  59%  60%  61%  62%  63%  64%  65%  66%  67%  68%  69%  70%  71%  72%  73%  74%  75%  76%  77%  78%  79%  80%  81%  82%  83%  84%  85%  86%  87%  88%  89%  90%  91%  92%  93%  94%  95%  96%  97%  98%  99% 100%
Info   : ACTP-0001 Activity propagation ended for stim#0
Info   : PWRA-0001 [PwrInfo] compute_power effective options 
       : -mode : vectorless
       : -skip_propagation : 1
       : -frequency_scaling_factor : 1.0
       : -use_clock_freq : stim
       : -stim :/stim#0
       : -fromGenus : 1
Info   : ACTP-0001 Timing initialization started
Info   : ACTP-0001 Timing initialization ended
Info   : PWRA-0002 [PwrInfo] Skipping activity propagation due to -skip_ap
       : option....
Warning: PWRA-0302 [PwrWarn] Frequency scaling is not applicable for vectorless
       : flow. Ignoring frequency scaling.
Warning: PWRA-0304 [PwrWarn] -stim option is not applicable with vectorless mode
       : of power analysis, ignored this option.
Info   : PWRA-0002 Started 'vectorless' power computation.
Info   : PWRA-0002 Finished power computation.
Info   : PWRA-0007 [PwrInfo] Completed successfully.
       : Info=6, Warn=2, Error=0, Fatal=0
Output file: ../reports/compile/top.power
@file(compile.tcl) 61: report_clock_gating > ../reports/compile/${rm_core_top}.clock_gating
Warning : Potential error generating clock gating report. [RPT_CG-12]
        : 'lp_insert_clock_gating' root attribute is set to 'false'.
        : The 'report clock_gating' command depends on the 'lp_insert_clock_gating' attribute.  Set it to 'true' before calling this command.


@file(compile.tcl) 62: write_hdl > ../data/${rm_core_top}-compile.v 
Warning : Detected a logic abstract in the design. [VRO-14]
        : The name of the logic abstract module is 'ro_netlist'.
@file(compile.tcl) 63: exit

Lic Summary:
<<<<<<< HEAD
[15:55:34.500538] Cdslmd servers: vm-license1
[15:55:34.500546] Feature usage summary:
[15:55:34.500546] Genus_Synthesis
=======
[15:24:26.367402] Cdslmd servers: vm-license1
[15:24:26.367416] Feature usage summary:
[15:24:26.367417] Genus_Synthesis
>>>>>>> 90b4e5451bdad0339ba628baf341bdcf0a318382

Normal exit.
