 ----------------------------------------------------------------------------------------------------------------------------------------------------------------------------------- 
| Snapshot                | WNS                  | TNS                  | Density (%) | Power estimated           | Hotspot                   | Resource               | DRVs       |
|                         | HEPG (ns) | ALL (ns) | HEPG (ns) | ALL (ns) |             | Total (mW) | Leakage (mW) | Max (bins) | Total (bins) | Real (s) | Memory (MB) | Tran | Cap |
|-------------------------+-----------+----------+-----------+----------+-------------+------------+--------------+------------+--------------+----------+-------------+------+-----|
| initial_summary         |           |    0.606 |           |        0 |        0.02 |            |              |            |              | 0:00:01  |        5260 |    0 |   0 |
| ccopt_clustering        |           |          |           |          |             |            |              |       0.00 |         0.00 | 0:00:04  |        5343 |      |     |
| incremental_replacement |           |          |           |          |             |            |              |       0.00 |         0.00 | 0:00:04  |        5491 |      |     |
| area_reclaiming         |     0.854 |    0.607 |         0 |        0 |        0.02 |       0.00 |         0.00 |            |              | 0:00:01  |        5516 |      |     |
| area_reclaiming_2       |     0.854 |    0.607 |         0 |        0 |        0.02 |       0.00 |         0.00 |            |              | 0:00:01  |        5516 |      |     |
| drv_eco_fixing          |     0.854 |    0.607 |         0 |        0 |        0.02 |       0.00 |         0.00 |            |              | 0:00:01  |        5516 |    0 |   0 |
| final_summary           |     0.854 |    0.607 |           |        0 |        0.02 |            |              |            |              | 0:00:02  |        5516 |    0 |   0 |
 ----------------------------------------------------------------------------------------------------------------------------------------------------------------------------------- 
