 ------------------------------------------------------------------------------------------------------------------------------------------------------------------------------------- 
| Snapshot                  | WNS                  | TNS                  | Density (%) | Power estimated           | Hotspot                   | Resource               | DRVs       |
|                           | HEPG (ns) | ALL (ns) | HEPG (ns) | ALL (ns) |             | Total (mW) | Leakage (mW) | Max (bins) | Total (bins) | Real (s) | Memory (MB) | Tran | Cap |
|---------------------------+-----------+----------+-----------+----------+-------------+------------+--------------+------------+--------------+----------+-------------+------+-----|
| initial_summary           |           |    0.584 |           |        0 |        0.10 |            |              |            |              | 0:00:03  |        4765 |    0 |   0 |
| simplify_netlist          |           |          |           |          |             |       0.00 |         0.00 |            |              | 0:00:03  |        4875 |      |     |
| ccopt_clustering          |           |          |           |          |             |            |              |       0.00 |         0.00 | 0:00:05  |        8023 |      |     |
| drv_fixing                |           |          |           |          |             |       0.00 |         0.00 |            |              | 0:00:01  |        4895 |      |     |
| area_reclaiming           |     0.610 |    0.610 |         0 |        0 |        0.02 |       0.00 |         0.00 |            |              | 0:00:02  |        4897 |      |     |
| global_opt                |           |    0.610 |           |        0 |        0.02 |       0.00 |         0.00 |            |              | 0:00:02  |        4861 |      |     |
| area_reclaiming_2         |     0.610 |    0.610 |         0 |        0 |        0.02 |       0.00 |         0.00 |            |              | 0:00:02  |        4880 |      |     |
| incremental_replacement   |           |          |           |          |             |            |              |       0.00 |         0.00 | 0:00:04  |        5058 |      |     |
| area_reclaiming_3         |     0.872 |    0.612 |         0 |        0 |        0.02 |       0.00 |         0.00 |            |              | 0:00:01  |        5083 |      |     |
| area_reclaiming_4         |     0.872 |    0.612 |         0 |        0 |        0.02 |       0.00 |         0.00 |            |              | 0:00:01  |        5084 |      |     |
| initial_summary_2         |     0.872 |    0.612 |           |        0 |        0.02 |            |              |            |              | 0:00:06  |        5086 |    0 |   0 |
| hold_fixing               |           |    0.612 |           |        0 |        0.03 |       0.00 |         0.00 |            |              | 0:00:01  |        5131 |      |     |
| incremental_replacement_2 |           |          |           |          |             |            |              |       0.00 |         0.00 | 0:00:03  |        5128 |      |     |
| area_reclaiming_5         |     0.872 |    0.612 |         0 |        0 |        0.02 |       0.00 |         0.00 |            |              | 0:00:02  |        5152 |      |     |
| area_reclaiming_6         |     0.872 |    0.612 |         0 |        0 |        0.02 |       0.00 |         0.00 |            |              | 0:00:01  |        5153 |      |     |
| drv_eco_fixing            |     0.872 |    0.612 |         0 |        0 |        0.02 |       0.00 |         0.00 |            |              | 0:00:03  |        5153 |    0 |   0 |
| power_reclaiming          |     0.851 |    0.606 |         0 |        0 |        0.02 |       0.00 |         0.00 |            |              | 0:00:01  |        5523 |      |     |
| final_summary             |     0.851 |    0.606 |           |        0 |        0.02 |            |              |            |              | 0:00:02  |        5177 |    0 |   0 |
 ------------------------------------------------------------------------------------------------------------------------------------------------------------------------------------- 
