 ------------------------------------------------------------------------------------------------------------------------------------------------------------------------------------- 
| Snapshot                  | WNS                  | TNS                  | Density (%) | Power estimated           | Hotspot                   | Resource               | DRVs       |
|                           | HEPG (ns) | ALL (ns) | HEPG (ns) | ALL (ns) |             | Total (mW) | Leakage (mW) | Max (bins) | Total (bins) | Real (s) | Memory (MB) | Tran | Cap |
|---------------------------+-----------+----------+-----------+----------+-------------+------------+--------------+------------+--------------+----------+-------------+------+-----|
| initial_summary           |           |    0.643 |           |        0 |       32.21 |            |              |            |              | 0:00:02  |        4747 |    0 |   0 |
| simplify_netlist          |           |          |           |          |             |       0.00 |         0.00 |            |              | 0:00:03  |        4841 |      |     |
| ccopt_clustering          |           |          |           |          |             |            |              |       0.00 |         0.00 | 0:00:04  |        7962 |      |     |
| drv_fixing                |           |          |           |          |             |       0.00 |         0.00 |            |              | 0:00:01  |        4871 |      |     |
| area_reclaiming           |     0.643 |    0.643 |         0 |        0 |       31.76 |       0.00 |         0.00 |            |              | 0:00:02  |        4938 |      |     |
| global_opt                |           |    0.643 |           |        0 |       31.76 |       0.00 |         0.00 |            |              | 0:00:02  |        4902 |      |     |
| area_reclaiming_2         |     0.643 |    0.643 |         0 |        0 |       31.49 |       0.00 |         0.00 |            |              | 0:00:02  |        4922 |      |     |
| incremental_replacement   |           |          |           |          |             |            |              |       0.00 |         0.00 | 0:00:03  |        4914 |      |     |
| area_reclaiming_3         |     0.883 |    0.644 |         0 |        0 |       31.49 |       0.00 |         0.00 |            |              | 0:00:00  |        4930 |      |     |
| area_reclaiming_4         |     0.883 |    0.644 |         0 |        0 |       31.49 |       0.00 |         0.00 |            |              | 0:00:00  |        4930 |      |     |
| initial_summary_2         |     0.883 |    0.644 |           |        0 |       31.49 |            |              |            |              | 0:00:06  |        4930 |    0 |   0 |
| hold_fixing               |           |    0.618 |           |        0 |       32.61 |       0.00 |         0.00 |            |              | 0:00:01  |        5008 |      |     |
| incremental_replacement_2 |           |          |           |          |             |            |              |       0.00 |         0.00 | 0:00:02  |        5000 |      |     |
| area_reclaiming_5         |     0.883 |    0.644 |         0 |        0 |       31.49 |       0.00 |         0.00 |            |              | 0:00:02  |        4982 |      |     |
| area_reclaiming_6         |     0.883 |    0.644 |         0 |        0 |       31.49 |       0.00 |         0.00 |            |              | 0:00:01  |        4982 |      |     |
| drv_eco_fixing            |     0.883 |    0.644 |         0 |        0 |       31.49 |       0.00 |         0.00 |            |              | 0:00:03  |        4983 |    0 |   0 |
| power_reclaiming          |     0.866 |    0.641 |         0 |        0 |       31.49 |       0.00 |         0.00 |            |              | 0:00:03  |        5340 |      |     |
| final_summary             |     0.866 |    0.641 |           |        0 |       31.49 |            |              |            |              | 0:00:01  |        4957 |    0 |   0 |
 ------------------------------------------------------------------------------------------------------------------------------------------------------------------------------------- 
