 ------------------------------------------------------------------------------------------------------------------------------------------------------------------------------------- 
| Snapshot                  | WNS                  | TNS                  | Density (%) | Power estimated           | Hotspot                   | Resource               | DRVs       |
|                           | HEPG (ns) | ALL (ns) | HEPG (ns) | ALL (ns) |             | Total (mW) | Leakage (mW) | Max (bins) | Total (bins) | Real (s) | Memory (MB) | Tran | Cap |
|---------------------------+-----------+----------+-----------+----------+-------------+------------+--------------+------------+--------------+----------+-------------+------+-----|
| initial_summary           |           |    0.643 |           |        0 |       32.21 |            |              |            |              | 0:00:03  |        4747 |    0 |   0 |
| simplify_netlist          |           |          |           |          |             |       0.00 |         0.00 |            |              | 0:00:03  |        4847 |      |     |
| ccopt_clustering          |           |          |           |          |             |            |              |       0.00 |         0.00 | 0:00:04  |        7967 |      |     |
| drv_fixing                |           |          |           |          |             |       0.00 |         0.00 |            |              | 0:00:01  |        4868 |      |     |
| area_reclaiming           |     0.643 |    0.643 |         0 |        0 |       31.76 |       0.00 |         0.00 |            |              | 0:00:02  |        4935 |      |     |
| global_opt                |           |    0.643 |           |        0 |       31.76 |       0.00 |         0.00 |            |              | 0:00:03  |        4900 |      |     |
| area_reclaiming_2         |     0.643 |    0.643 |         0 |        0 |       31.49 |       0.00 |         0.00 |            |              | 0:00:02  |        4919 |      |     |
| incremental_replacement   |           |          |           |          |             |            |              |       0.00 |         0.00 | 0:00:02  |        4911 |      |     |
| area_reclaiming_3         |     0.883 |    0.644 |         0 |        0 |       31.49 |       0.00 |         0.00 |            |              | 0:00:01  |        4935 |      |     |
| area_reclaiming_4         |     0.883 |    0.644 |         0 |        0 |       31.49 |       0.00 |         0.00 |            |              | 0:00:01  |        4936 |      |     |
| initial_summary_2         |     0.883 |    0.644 |           |        0 |       31.49 |            |              |            |              | 0:00:05  |        4938 |    0 |   0 |
| hold_fixing               |           |    0.618 |           |        0 |       32.61 |       0.00 |         0.00 |            |              | 0:00:02  |        5017 |      |     |
| incremental_replacement_2 |           |          |           |          |             |            |              |       0.00 |         0.00 | 0:00:02  |        5009 |      |     |
| area_reclaiming_5         |     0.883 |    0.644 |         0 |        0 |       31.49 |       0.00 |         0.00 |            |              | 0:00:01  |        4980 |      |     |
| area_reclaiming_6         |     0.883 |    0.644 |         0 |        0 |       31.49 |       0.00 |         0.00 |            |              | 0:00:01  |        4981 |      |     |
| drv_eco_fixing            |     0.883 |    0.644 |         0 |        0 |       31.49 |       0.00 |         0.00 |            |              | 0:00:03  |        4981 |    0 |   0 |
| power_reclaiming          |     0.866 |    0.641 |         0 |        0 |       31.49 |       0.00 |         0.00 |            |              | 0:00:03  |        5344 |      |     |
| final_summary             |     0.866 |    0.641 |           |        0 |       31.49 |            |              |            |              | 0:00:02  |        4960 |    0 |   0 |
 ------------------------------------------------------------------------------------------------------------------------------------------------------------------------------------- 
